============================= test session starts =============================
platform win32 -- Python 3.14.2, pytest-9.0.2, pluggy-1.6.0 -- C:\Users\Admin\AppData\Local\Programs\Python\Python314\python.exe
cachedir: .pytest_cache
rootdir: C:\Users\Admin\Documents\Repository\AGEN-OHADA-flask\AGEN-OHADA-FLASK
configfile: pytest.ini
plugins: cov-7.0.0
collecting ... collected 3 items

tests/functional/test_actes.py::test_templates_index FAILED              [ 33%]
tests/functional/test_actes.py::test_template_create FAILED              [ 66%]
tests/functional/test_actes.py::test_act_generation FAILED               [100%]

================================== FAILURES ===================================
____________________________ test_templates_index _____________________________

client = <FlaskClient <Flask 'app'>>
auth = <conftest.AuthActions object at 0x000002114E8A6BA0>

    def test_templates_index(client, auth):
        auth.login()
        response = client.get('/actes/templates')
        assert response.status_code == 200
>       assert b'Mod\xc3\xa8les' in response.data or b'Mod\xe8les' in response.data
E       assert (b'Mod\xc3\xa8les' in b'<!DOCTYPE html>\n<html lang="fr" class="h-full bg-gray-50">\n\n<head>\n    <meta charset="UTF-8">\n    <meta name="viewport" content="width=device-width, initial-scale=1.0">\n    <title>AGEN-OHADA</title>\n    <script src="https://cdn.tailwindcss.com"></script>\n    <link rel="stylesheet" href="https://unpkg.com/easymde/dist/easymde.min.css">\n\n    <!-- Tom Select -->\n    <link href="https://cdn.jsdelivr.net/npm/tom-select@2.2.2/dist/css/tom-select.css" rel="stylesheet">\n    <script src="https://cdn.jsdelivr.net/npm/tom-select@2.2.2/dist/js/tom-select.min.js"></script>\n\n    <link href="https://fonts.googleapis.com/css2?family=Inter:wght@300;400;500;600;700&display=swap" rel="stylesheet">\n    <script defer src="https://cdn.jsdelivr.net/npm/alpinejs@3.x.x/dist/cdn.min.js"></script>\n    <style>\n        body {\n            font-family: \'Inter\', sans-serif;\n        }\n\n        [x-cloak] {\n            display: none !important;\n        }\n\n        /* Basic Markdown Styling */\n        .prose h1 {\n            font-size: 2.25rem;\n            font-weight: 700;\n            margin-top: 1.5rem;\n            margin-bottom: 1rem;\n        }\n\n        .prose h2 {\n            font-size: 1.875rem;\n            font-weight: 600;\n            margin-top: 1.25rem;\n            margin-bottom: 0.75rem;\n            border-bottom: 1px solid #e5e7eb;\n            padding-bottom: 0.25rem;\n        }\n\n        .prose h3 {\n            font-size: 1.5rem;\n            font-weight: 600;\n            margin-top: 1rem;\n            margin-bottom: 0.5rem;\n        }\n\n        .prose p {\n            margin-bottom: 1rem;\n            line-height: 1.6;\n        }\n\n        .prose ul {\n            list-style-type: disc;\n            margin-left: 1.5rem;\n            margin-bottom: 1rem;\n        }\n\n        .prose ol {\n            list-style-type: decimal;\n            margin-left: 1.5rem;\n            margin-bottom: 1rem;\n        }\n\n        .prose table {\n            width: 100%;\n            border-collapse: collapse;\n            margin-bottom: 1rem;\n        }\n\n        .prose th,\n        .prose td {\n            border: 1px solid #e5e7eb;\n            padding: 0.5rem;\n            text-align: left;\n        }\n\n        .prose th {\n            background-color: #f9fafb;\n        }\n    </style>\n    \n</head>\n\n<body class="h-full">\n    <div class="min-h-full" x-data="{ mobileMenuOpen: false }">\n        <!-- Navigation -->\n        \n        \n\n        \n\n        \n        \n\n        \n        \n        \n        \n\n        \n\n        <nav class="bg-white shadow">\n            <div class="mx-auto max-w-7xl px-4 sm:px-6 lg:px-8">\n                <div class="flex h-16 justify-between">\n                    <div class="flex">\n                        <div class="flex flex-shrink-0 items-center">\n                            <span class="text-xl font-bold text-indigo-600">AGEN-OHADA</span>\n                        </div>\n                        <div class="hidden sm:ml-6 sm:flex sm:space-x-8">\n\n                            \n                            \n                            \n\n                            \n                            \n                            \n                            \n                            \n                            \n                            \n                            \n                            \n                            \n                            \n                            \n                            \n                            \n                            \n                            \n                            \n                            \n                            \n                            \n                            \n                            \n                            \n                            \n                            \n                            \n                            \n                            \n                            \n                            \n                            \n                            \n                            \n                            \n                            \n                            \n                            \n                            \n                            \n                            \n                            \n                            \n                            \n                            \n                            \n                            \n\n                            \n                            \n                            \n                            <a href="/index"\n                                class="inline-flex items-center px-1 pt-1 border-b-2 text-sm font-medium border-transparent text-gray-500 hover:border-gray-300 hover:text-gray-700">\n                                Accueil\n                            </a>\n                            \n                            \n                            <a href="/clients"\n                                class="inline-flex items-center px-1 pt-1 border-b-2 text-sm font-medium border-transparent text-gray-500 hover:border-gray-300 hover:text-gray-700">\n                                Clients\n                            </a>\n                            \n                            \n                            <a href="/dossiers/"\n                                class="inline-flex items-center px-1 pt-1 border-b-2 text-sm font-medium border-transparent text-gray-500 hover:border-gray-300 hover:text-gray-700">\n                                Dossiers\n                            </a>\n                            \n                            \n                            <a href="/formalites/"\n                                class="inline-flex items-center px-1 pt-1 border-b-2 text-sm font-medium border-transparent text-gray-500 hover:border-gray-300 hover:text-gray-700">\n                                Formalit\xc3\xa9s\n                            </a>\n                            \n                            \n                            <a href="/comptabilite/"\n                                class="inline-flex items-center px-1 pt-1 border-b-2 text-sm font-medium border-transparent text-gray-500 hover:border-gray-300 hover:text-gray-700">\n                                Comptabilit\xc3\xa9\n                            </a>\n                            \n                            \n                            <a href="/dossiers/archives"\n                                class="inline-flex items-center px-1 pt-1 border-b-2 text-sm font-medium border-transparent text-gray-500 hover:border-gray-300 hover:text-gray-700">\n                                Archives\n                            </a>\n                            \n                            \n                            <a href="/users/"\n                                class="inline-flex items-center px-1 pt-1 border-b-2 text-sm font-medium border-transparent text-gray-500 hover:border-gray-300 hover:text-gray-700">\n                                Utilisateurs\n                            </a>\n                            \n                            \n                            <a href="/users/parametres"\n                                class="inline-flex items-center px-1 pt-1 border-b-2 text-sm font-medium border-transparent text-gray-500 hover:border-gray-300 hover:text-gray-700">\n                                \xe2\x9a\x99 Param\xc3\xa8tres\n                            </a>\n                            \n                            \n                            <a href="/help"\n                                class="inline-flex items-center px-1 pt-1 border-b-2 text-sm font-medium border-transparent text-gray-500 hover:border-gray-300 hover:text-gray-700">\n                                Aide\n                            </a>\n                            \n\n                            <!-- Dropdown Actes -->\n                            <div class="relative inline-flex items-center" x-data="{ open: false }">\n                                <button type="button" @click="open = !open" @click.away="open = false"\n                                    class="inline-flex items-center px-1 pt-1 border-b-2 text-sm font-medium border-transparent text-gray-500 hover:border-gray-300 hover:text-gray-700">\n                                    <span>Actes</span>\n                                    <svg class="ml-2 h-5 w-5" viewBox="0 0 20 20" fill="currentColor">\n                                        <path fill-rule="evenodd"\n                                            d="M5.293 7.293a1 1 0 011.414 0L10 10.586l3.293-3.293a1 1 0 111.414 1.414l-4 4a1 1 0 01-1.414 0l-4-4a1 1 0 010-1.414z"\n                                            clip-rule="evenodd" />\n                                    </svg>\n                                </button>\n                                <div x-show="open" x-transition:enter="transition ease-out duration-200"\n                                    x-transition:enter-start="opacity-0 scale-95"\n                                    x-transition:enter-end="opacity-100 scale-100"\n                                    x-transition:leave="transition ease-in duration-75"\n                                    x-transition:leave-start="opacity-100 scale-100"\n                                    x-transition:leave-end="opacity-0 scale-95"\n                                    class="absolute left-0 top-full z-10 mt-2 w-48 origin-top-left rounded-md bg-white py-1 shadow-lg ring-1 ring-black ring-opacity-5 focus:outline-none"\n                                    style="display: none;">\n                                    <a href="/actes/types"\n                                        class="block px-4 py-2 text-sm text-gray-700 hover:bg-gray-100">G\xc3\xa9rer les types\n                                        d\'actes</a>\n                                    <a href="/actes/templates"\n                                        class="block px-4 py-2 text-sm text-gray-700 hover:bg-gray-100">G\xc3\xa9rer les\n                                        mod\xc3\xa8les d\'acte</a>\n                                    <a href="/actes/review"\n                                        class="block px-4 py-2 text-sm text-gray-700 hover:bg-gray-100">Signer les\n                                        actes</a>\n                                    <hr class="my-1">\n                                    <a href="/actes/repertoire"\n                                        class="block px-4 py-2 text-sm text-gray-700 hover:bg-gray-100">R\xc3\xa9pertoire\n                                        Notarial</a>\n                                </div>\n                            </div>\n\n                            \n                            \n                        </div>\n                    </div>\n\n                    <div class="hidden sm:ml-6 sm:flex sm:items-center">\n                        <div class="relative ml-3">\n                            <div class="flex items-center gap-4">\n                                <a href="/users/profile"\n                                    class="text-sm font-medium text-gray-700 hover:text-indigo-600">\n                                    admin\n                                </a>\n                                <a href="/auth/logout"\n                                    class="rounded-md bg-white px-3 py-2 text-sm font-semibold text-gray-900 shadow-sm ring-1 ring-inset ring-gray-300 hover:bg-gray-50">\n                                    Se d\xc3\xa9connecter\n                                </a>\n                            </div>\n                        </div>\n                    </div>\n\n                    <!-- Mobile menu button -->\n                    <div class="-mr-2 flex items-center sm:hidden">\n                        <button type="button" @click="mobileMenuOpen = !mobileMenuOpen"\n                            class="inline-flex items-center justify-center rounded-md p-2 text-gray-400 hover:bg-gray-100 hover:text-gray-500 focus:outline-none focus:ring-2 focus:ring-inset focus:ring-indigo-500">\n                            <span class="sr-only">Open main menu</span>\n                            <svg class="h-6 w-6" fill="none" viewBox="0 0 24 24" stroke-width="1.5"\n                                stroke="currentColor" aria-hidden="true">\n                                <path stroke-linecap="round" stroke-linejoin="round"\n                                    d="M3.75 6.75h16.5M3.75 12h16.5m-16.5 5.25h16.5" />\n                            </svg>\n                        </button>\n                    </div>\n                </div>\n            </div>\n\n            <!-- Mobile menu -->\n            <div class="sm:hidden" id="mobile-menu" x-show="mobileMenuOpen" x-cloak>\n                <div class="space-y-1 pb-3 pt-2">\n                    \n                    \n                    \n                    <a href="/index"\n                        class="block border-l-4 py-2 pl-3 pr-4 text-base font-medium border-transparent text-gray-500 hover:border-gray-300 hover:bg-gray-50 hover:text-gray-700">\n                        Accueil\n                    </a>\n                    \n                    \n                    <a href="/clients"\n                        class="block border-l-4 py-2 pl-3 pr-4 text-base font-medium border-transparent text-gray-500 hover:border-gray-300 hover:bg-gray-50 hover:text-gray-700">\n                        Clients\n                    </a>\n                    \n                    \n                    <a href="/dossiers/"\n                        class="block border-l-4 py-2 pl-3 pr-4 text-base font-medium border-transparent text-gray-500 hover:border-gray-300 hover:bg-gray-50 hover:text-gray-700">\n                        Dossiers\n                    </a>\n                    \n                    \n                    <a href="/formalites/"\n                        class="block border-l-4 py-2 pl-3 pr-4 text-base font-medium border-transparent text-gray-500 hover:border-gray-300 hover:bg-gray-50 hover:text-gray-700">\n                        Formalit\xc3\xa9s\n                    </a>\n                    \n                    \n                    <a href="/comptabilite/"\n                        class="block border-l-4 py-2 pl-3 pr-4 text-base font-medium border-transparent text-gray-500 hover:border-gray-300 hover:bg-gray-50 hover:text-gray-700">\n                        Comptabilit\xc3\xa9\n                    </a>\n                    \n                    \n                    <a href="/dossiers/archives"\n                        class="block border-l-4 py-2 pl-3 pr-4 text-base font-medium border-transparent text-gray-500 hover:border-gray-300 hover:bg-gray-50 hover:text-gray-700">\n                        Archives\n                    </a>\n                    \n                    \n                    <a href="/users/"\n                        class="block border-l-4 py-2 pl-3 pr-4 text-base font-medium border-transparent text-gray-500 hover:border-gray-300 hover:bg-gray-50 hover:text-gray-700">\n                        Utilisateurs\n                    </a>\n                    \n                    \n                    <a href="/users/parametres"\n                        class="block border-l-4 py-2 pl-3 pr-4 text-base font-medium border-transparent text-gray-500 hover:border-gray-300 hover:bg-gray-50 hover:text-gray-700">\n                        \xe2\x9a\x99 Param\xc3\xa8tres\n                    </a>\n                    \n                    \n                    <a href="/help"\n                        class="block border-l-4 py-2 pl-3 pr-4 text-base font-medium border-transparent text-gray-500 hover:border-gray-300 hover:bg-gray-50 hover:text-gray-700">\n                        Aide\n                    </a>\n                    \n\n                    <!-- Actes Submenu for Mobile -->\n                    <div class="border-t border-gray-200 mt-2 pt-2">\n                        <div class="px-3 py-2 text-xs font-semibold text-gray-400 uppercase tracking-wider">Gestion des\n                            Actes</div>\n                        <a href="/actes/types"\n                            class="block py-2 pl-6 pr-4 text-base font-medium text-gray-500 hover:bg-gray-50 hover:text-gray-700">G\xc3\xa9rer\n                            les types d\'actes</a>\n                        <a href="/actes/templates"\n                            class="block py-2 pl-6 pr-4 text-base font-medium text-gray-500 hover:bg-gray-50 hover:text-gray-700">G\xc3\xa9rer\n                            les mod\xc3\xa8les d\'acte</a>\n                        <a href="/actes/review"\n                            class="block py-2 pl-6 pr-4 text-base font-medium text-gray-500 hover:bg-gray-50 hover:text-gray-700">Signer\n                            les actes</a>\n                        <a href="/actes/repertoire"\n                            class="block py-2 pl-6 pr-4 text-base font-medium text-gray-500 hover:bg-gray-50 hover:text-gray-700">R\xc3\xa9pertoire\n                            Notarial</a>\n                    </div>\n\n                    \n                    \n                    <div class="border-t border-gray-200 pt-4 pb-3">\n                        <div class="flex items-center px-4">\n                            <div class="flex-shrink-0">\n                                <a href="/users/profile">\n                                    <div\n                                        class="h-8 w-8 rounded-full bg-gray-200 flex items-center justify-center text-gray-500">\n                                        A\n                                    </div>\n                                </a>\n                            </div>\n                            <div class="ml-3">\n                                <div class="text-base font-medium text-gray-800">admin</div>\n                                <div class="text-sm font-medium text-gray-500">admin@example.com</div>\n                            </div>\n                        </div>\n                        <div class="mt-3 space-y-1">\n                            <a href="/users/profile"\n                                class="block px-4 py-2 text-base font-medium text-gray-500 hover:bg-gray-100 hover:text-gray-800">Mon\n                                Profil</a>\n                            <a href="/auth/logout"\n                                class="block px-4 py-2 text-base font-medium text-gray-500 hover:bg-gray-100 hover:text-gray-800">Se\n                                d\xc3\xa9connecter</a>\n                        </div>\n                    </div>\n                </div>\n            </div>\n        </nav>\n        \n\n        <!-- Flash Messages -->\n        \n        <div class="mx-auto max-w-7xl px-4 sm:px-6 lg:px-8 mt-4">\n            \n            \n            \n        </div>\n        \n\n        <!-- Main Content -->\n        <!-- Use h-full to allow content to grow, but min-h-screen calculation might be better elsewhere. \n             For now, standard layout is fine. -->\n        <main class="py-10">\n            <div class="mx-auto max-w-7xl px-4 sm:px-6 lg:px-8">\n                \n<div class="md:flex md:items-center md:justify-between mb-8">\n    <div class="min-w-0 flex-1">\n        <h2 class="text-2xl font-bold leading-7 text-gray-900 sm:truncate sm:text-3xl sm:tracking-tight">Gestion des\n            Actes\n        </h2>\n    </div>\n    <div class="mt-4 flex md:ml-4 md:mt-0">\n        <a href="/actes/types"\n            class="mr-3 inline-flex items-center rounded-md bg-white px-3 py-2 text-sm font-semibold text-gray-900 shadow-sm ring-1 ring-inset ring-gray-300 hover:bg-gray-50">\n            G\xc3\xa9rer les Types\n        </a>\n        <a href="/actes/generate"\n            class="mr-3 inline-flex items-center rounded-md bg-white px-3 py-2 text-sm font-semibold text-gray-900 shadow-sm ring-1 ring-inset ring-gray-300 hover:bg-gray-50">\n            G\xc3\xa9n\xc3\xa9rer un Acte\n        </a>\n        <a href="/actes/templates/new"\n            class="ml-3 inline-flex items-center rounded-md bg-indigo-600 px-3 py-2 text-sm font-semibold text-white shadow-sm hover:bg-indigo-700 focus-visible:outline focus-visible:outline-2 focus-visible:outline-offset-2 focus-visible:outline-indigo-600">\n            Nouveau Mod\xc3\xa8le\n        </a>\n    </div>\n</div>\n\n<div class="bg-white shadow-sm ring-1 ring-gray-900/5 sm:rounded-xl md:col-span-2">\n    <table class="min-w-full divide-y divide-gray-300">\n        <thead class="bg-gray-50">\n            <tr>\n                <th scope="col" class="py-3.5 pl-4 pr-3 text-left text-sm font-semibold text-gray-900 sm:pl-6">Nom</th>\n                <th scope="col" class="px-3 py-3.5 text-left text-sm font-semibold text-gray-900">Type</th>\n                <th scope="col" class="px-3 py-3.5 text-left text-sm font-semibold text-gray-900">Description</th>\n                <th scope="col" class="relative py-3.5 pl-3 pr-4 sm:pr-6">\n                    <span class="sr-only">Actions</span>\n                </th>\n            </tr>\n        </thead>\n        <tbody class="divide-y divide-gray-200 bg-white">\n            \n            <tr>\n                <td colspan="4" class="py-4 text-center text-sm text-gray-500">Aucun mod\xc3\xa8le trouv\xc3\xa9.</td>\n            </tr>\n            \n        </tbody>\n    </table>\n</div>\n\n            </div>\n        </main>\n\n        \n        <footer class="bg-white">\n            <div class="mx-auto max-w-7xl px-6 py-4 md:flex md:items-center md:justify-between lg:px-8">\n                <div class="mt-8 md:order-1 md:mt-0">\n                    <p class="text-center text-xs leading-5 text-gray-500">&copy; 2026\n                        AGEN-OHADA. Tous droits r\xc3\xa9serv\xc3\xa9s. v1.1.0</p>\n                </div>\n            </div>\n        </footer>\n        \n    </div>\n    \n\n    <!-- Tom Select JS -->\n    <script src="https://cdn.jsdelivr.net/npm/tom-select@2.2.2/dist/js/tom-select.complete.min.js"></script>\n    <script>\n        // Automatic initialization for elements with class \'tom-select\'\n        document.addEventListener(\'DOMContentLoaded\', function () {\n            document.querySelectorAll(\'.tom-select\').forEach(function (el) {\n                new TomSelect(el, {\n                    create: false,\n                    sortField: {\n                        field: "text",\n                        direction: "asc"\n                    }\n                });\n            });\n        });\n    </script>\n</body>\n\n</html>' or b'Mod\xe8les' in b'<!DOCTYPE html>\n<html lang="fr" class="h-full bg-gray-50">\n\n<head>\n    <meta charset="UTF-8">\n    <meta name="viewport" content="width=device-width, initial-scale=1.0">\n    <title>AGEN-OHADA</title>\n    <script src="https://cdn.tailwindcss.com"></script>\n    <link rel="stylesheet" href="https://unpkg.com/easymde/dist/easymde.min.css">\n\n    <!-- Tom Select -->\n    <link href="https://cdn.jsdelivr.net/npm/tom-select@2.2.2/dist/css/tom-select.css" rel="stylesheet">\n    <script src="https://cdn.jsdelivr.net/npm/tom-select@2.2.2/dist/js/tom-select.min.js"></script>\n\n    <link href="https://fonts.googleapis.com/css2?family=Inter:wght@300;400;500;600;700&display=swap" rel="stylesheet">\n    <script defer src="https://cdn.jsdelivr.net/npm/alpinejs@3.x.x/dist/cdn.min.js"></script>\n    <style>\n        body {\n            font-family: \'Inter\', sans-serif;\n        }\n\n        [x-cloak] {\n            display: none !important;\n        }\n\n        /* Basic Markdown Styling */\n        .prose h1 {\n            font-size: 2.25rem;\n            font-weight: 700;\n            margin-top: 1.5rem;\n            margin-bottom: 1rem;\n        }\n\n        .prose h2 {\n            font-size: 1.875rem;\n            font-weight: 600;\n            margin-top: 1.25rem;\n            margin-bottom: 0.75rem;\n            border-bottom: 1px solid #e5e7eb;\n            padding-bottom: 0.25rem;\n        }\n\n        .prose h3 {\n            font-size: 1.5rem;\n            font-weight: 600;\n            margin-top: 1rem;\n            margin-bottom: 0.5rem;\n        }\n\n        .prose p {\n            margin-bottom: 1rem;\n            line-height: 1.6;\n        }\n\n        .prose ul {\n            list-style-type: disc;\n            margin-left: 1.5rem;\n            margin-bottom: 1rem;\n        }\n\n        .prose ol {\n            list-style-type: decimal;\n            margin-left: 1.5rem;\n            margin-bottom: 1rem;\n        }\n\n        .prose table {\n            width: 100%;\n            border-collapse: collapse;\n            margin-bottom: 1rem;\n        }\n\n        .prose th,\n        .prose td {\n            border: 1px solid #e5e7eb;\n            padding: 0.5rem;\n            text-align: left;\n        }\n\n        .prose th {\n            background-color: #f9fafb;\n        }\n    </style>\n    \n</head>\n\n<body class="h-full">\n    <div class="min-h-full" x-data="{ mobileMenuOpen: false }">\n        <!-- Navigation -->\n        \n        \n\n        \n\n        \n        \n\n        \n        \n        \n        \n\n        \n\n        <nav class="bg-white shadow">\n            <div class="mx-auto max-w-7xl px-4 sm:px-6 lg:px-8">\n                <div class="flex h-16 justify-between">\n                    <div class="flex">\n                        <div class="flex flex-shrink-0 items-center">\n                            <span class="text-xl font-bold text-indigo-600">AGEN-OHADA</span>\n                        </div>\n                        <div class="hidden sm:ml-6 sm:flex sm:space-x-8">\n\n                            \n                            \n                            \n\n                            \n                            \n                            \n                            \n                            \n                            \n                            \n                            \n                            \n                            \n                            \n                            \n                            \n                            \n                            \n                            \n                            \n                            \n                            \n                            \n                            \n                            \n                            \n                            \n                            \n                            \n                            \n                            \n                            \n                            \n                            \n                            \n                            \n                            \n                            \n                            \n                            \n                            \n                            \n                            \n                            \n                            \n                            \n                            \n                            \n                            \n\n                            \n                            \n                            \n                            <a href="/index"\n                                class="inline-flex items-center px-1 pt-1 border-b-2 text-sm font-medium border-transparent text-gray-500 hover:border-gray-300 hover:text-gray-700">\n                                Accueil\n                            </a>\n                            \n                            \n                            <a href="/clients"\n                                class="inline-flex items-center px-1 pt-1 border-b-2 text-sm font-medium border-transparent text-gray-500 hover:border-gray-300 hover:text-gray-700">\n                                Clients\n                            </a>\n                            \n                            \n                            <a href="/dossiers/"\n                                class="inline-flex items-center px-1 pt-1 border-b-2 text-sm font-medium border-transparent text-gray-500 hover:border-gray-300 hover:text-gray-700">\n                                Dossiers\n                            </a>\n                            \n                            \n                            <a href="/formalites/"\n                                class="inline-flex items-center px-1 pt-1 border-b-2 text-sm font-medium border-transparent text-gray-500 hover:border-gray-300 hover:text-gray-700">\n                                Formalit\xc3\xa9s\n                            </a>\n                            \n                            \n                            <a href="/comptabilite/"\n                                class="inline-flex items-center px-1 pt-1 border-b-2 text-sm font-medium border-transparent text-gray-500 hover:border-gray-300 hover:text-gray-700">\n                                Comptabilit\xc3\xa9\n                            </a>\n                            \n                            \n                            <a href="/dossiers/archives"\n                                class="inline-flex items-center px-1 pt-1 border-b-2 text-sm font-medium border-transparent text-gray-500 hover:border-gray-300 hover:text-gray-700">\n                                Archives\n                            </a>\n                            \n                            \n                            <a href="/users/"\n                                class="inline-flex items-center px-1 pt-1 border-b-2 text-sm font-medium border-transparent text-gray-500 hover:border-gray-300 hover:text-gray-700">\n                                Utilisateurs\n                            </a>\n                            \n                            \n                            <a href="/users/parametres"\n                                class="inline-flex items-center px-1 pt-1 border-b-2 text-sm font-medium border-transparent text-gray-500 hover:border-gray-300 hover:text-gray-700">\n                                \xe2\x9a\x99 Param\xc3\xa8tres\n                            </a>\n                            \n                            \n                            <a href="/help"\n                                class="inline-flex items-center px-1 pt-1 border-b-2 text-sm font-medium border-transparent text-gray-500 hover:border-gray-300 hover:text-gray-700">\n                                Aide\n                            </a>\n                            \n\n                            <!-- Dropdown Actes -->\n                            <div class="relative inline-flex items-center" x-data="{ open: false }">\n                                <button type="button" @click="open = !open" @click.away="open = false"\n                                    class="inline-flex items-center px-1 pt-1 border-b-2 text-sm font-medium border-transparent text-gray-500 hover:border-gray-300 hover:text-gray-700">\n                                    <span>Actes</span>\n                                    <svg class="ml-2 h-5 w-5" viewBox="0 0 20 20" fill="currentColor">\n                                        <path fill-rule="evenodd"\n                                            d="M5.293 7.293a1 1 0 011.414 0L10 10.586l3.293-3.293a1 1 0 111.414 1.414l-4 4a1 1 0 01-1.414 0l-4-4a1 1 0 010-1.414z"\n                                            clip-rule="evenodd" />\n                                    </svg>\n                                </button>\n                                <div x-show="open" x-transition:enter="transition ease-out duration-200"\n                                    x-transition:enter-start="opacity-0 scale-95"\n                                    x-transition:enter-end="opacity-100 scale-100"\n                                    x-transition:leave="transition ease-in duration-75"\n                                    x-transition:leave-start="opacity-100 scale-100"\n                                    x-transition:leave-end="opacity-0 scale-95"\n                                    class="absolute left-0 top-full z-10 mt-2 w-48 origin-top-left rounded-md bg-white py-1 shadow-lg ring-1 ring-black ring-opacity-5 focus:outline-none"\n                                    style="display: none;">\n                                    <a href="/actes/types"\n                                        class="block px-4 py-2 text-sm text-gray-700 hover:bg-gray-100">G\xc3\xa9rer les types\n                                        d\'actes</a>\n                                    <a href="/actes/templates"\n                                        class="block px-4 py-2 text-sm text-gray-700 hover:bg-gray-100">G\xc3\xa9rer les\n                                        mod\xc3\xa8les d\'acte</a>\n                                    <a href="/actes/review"\n                                        class="block px-4 py-2 text-sm text-gray-700 hover:bg-gray-100">Signer les\n                                        actes</a>\n                                    <hr class="my-1">\n                                    <a href="/actes/repertoire"\n                                        class="block px-4 py-2 text-sm text-gray-700 hover:bg-gray-100">R\xc3\xa9pertoire\n                                        Notarial</a>\n                                </div>\n                            </div>\n\n                            \n                            \n                        </div>\n                    </div>\n\n                    <div class="hidden sm:ml-6 sm:flex sm:items-center">\n                        <div class="relative ml-3">\n                            <div class="flex items-center gap-4">\n                                <a href="/users/profile"\n                                    class="text-sm font-medium text-gray-700 hover:text-indigo-600">\n                                    admin\n                                </a>\n                                <a href="/auth/logout"\n                                    class="rounded-md bg-white px-3 py-2 text-sm font-semibold text-gray-900 shadow-sm ring-1 ring-inset ring-gray-300 hover:bg-gray-50">\n                                    Se d\xc3\xa9connecter\n                                </a>\n                            </div>\n                        </div>\n                    </div>\n\n                    <!-- Mobile menu button -->\n                    <div class="-mr-2 flex items-center sm:hidden">\n                        <button type="button" @click="mobileMenuOpen = !mobileMenuOpen"\n                            class="inline-flex items-center justify-center rounded-md p-2 text-gray-400 hover:bg-gray-100 hover:text-gray-500 focus:outline-none focus:ring-2 focus:ring-inset focus:ring-indigo-500">\n                            <span class="sr-only">Open main menu</span>\n                            <svg class="h-6 w-6" fill="none" viewBox="0 0 24 24" stroke-width="1.5"\n                                stroke="currentColor" aria-hidden="true">\n                                <path stroke-linecap="round" stroke-linejoin="round"\n                                    d="M3.75 6.75h16.5M3.75 12h16.5m-16.5 5.25h16.5" />\n                            </svg>\n                        </button>\n                    </div>\n                </div>\n            </div>\n\n            <!-- Mobile menu -->\n            <div class="sm:hidden" id="mobile-menu" x-show="mobileMenuOpen" x-cloak>\n                <div class="space-y-1 pb-3 pt-2">\n                    \n                    \n                    \n                    <a href="/index"\n                        class="block border-l-4 py-2 pl-3 pr-4 text-base font-medium border-transparent text-gray-500 hover:border-gray-300 hover:bg-gray-50 hover:text-gray-700">\n                        Accueil\n                    </a>\n                    \n                    \n                    <a href="/clients"\n                        class="block border-l-4 py-2 pl-3 pr-4 text-base font-medium border-transparent text-gray-500 hover:border-gray-300 hover:bg-gray-50 hover:text-gray-700">\n                        Clients\n                    </a>\n                    \n                    \n                    <a href="/dossiers/"\n                        class="block border-l-4 py-2 pl-3 pr-4 text-base font-medium border-transparent text-gray-500 hover:border-gray-300 hover:bg-gray-50 hover:text-gray-700">\n                        Dossiers\n                    </a>\n                    \n                    \n                    <a href="/formalites/"\n                        class="block border-l-4 py-2 pl-3 pr-4 text-base font-medium border-transparent text-gray-500 hover:border-gray-300 hover:bg-gray-50 hover:text-gray-700">\n                        Formalit\xc3\xa9s\n                    </a>\n                    \n                    \n                    <a href="/comptabilite/"\n                        class="block border-l-4 py-2 pl-3 pr-4 text-base font-medium border-transparent text-gray-500 hover:border-gray-300 hover:bg-gray-50 hover:text-gray-700">\n                        Comptabilit\xc3\xa9\n                    </a>\n                    \n                    \n                    <a href="/dossiers/archives"\n                        class="block border-l-4 py-2 pl-3 pr-4 text-base font-medium border-transparent text-gray-500 hover:border-gray-300 hover:bg-gray-50 hover:text-gray-700">\n                        Archives\n                    </a>\n                    \n                    \n                    <a href="/users/"\n                        class="block border-l-4 py-2 pl-3 pr-4 text-base font-medium border-transparent text-gray-500 hover:border-gray-300 hover:bg-gray-50 hover:text-gray-700">\n                        Utilisateurs\n                    </a>\n                    \n                    \n                    <a href="/users/parametres"\n                        class="block border-l-4 py-2 pl-3 pr-4 text-base font-medium border-transparent text-gray-500 hover:border-gray-300 hover:bg-gray-50 hover:text-gray-700">\n                        \xe2\x9a\x99 Param\xc3\xa8tres\n                    </a>\n                    \n                    \n                    <a href="/help"\n                        class="block border-l-4 py-2 pl-3 pr-4 text-base font-medium border-transparent text-gray-500 hover:border-gray-300 hover:bg-gray-50 hover:text-gray-700">\n                        Aide\n                    </a>\n                    \n\n                    <!-- Actes Submenu for Mobile -->\n                    <div class="border-t border-gray-200 mt-2 pt-2">\n                        <div class="px-3 py-2 text-xs font-semibold text-gray-400 uppercase tracking-wider">Gestion des\n                            Actes</div>\n                        <a href="/actes/types"\n                            class="block py-2 pl-6 pr-4 text-base font-medium text-gray-500 hover:bg-gray-50 hover:text-gray-700">G\xc3\xa9rer\n                            les types d\'actes</a>\n                        <a href="/actes/templates"\n                            class="block py-2 pl-6 pr-4 text-base font-medium text-gray-500 hover:bg-gray-50 hover:text-gray-700">G\xc3\xa9rer\n                            les mod\xc3\xa8les d\'acte</a>\n                        <a href="/actes/review"\n                            class="block py-2 pl-6 pr-4 text-base font-medium text-gray-500 hover:bg-gray-50 hover:text-gray-700">Signer\n                            les actes</a>\n                        <a href="/actes/repertoire"\n                            class="block py-2 pl-6 pr-4 text-base font-medium text-gray-500 hover:bg-gray-50 hover:text-gray-700">R\xc3\xa9pertoire\n                            Notarial</a>\n                    </div>\n\n                    \n                    \n                    <div class="border-t border-gray-200 pt-4 pb-3">\n                        <div class="flex items-center px-4">\n                            <div class="flex-shrink-0">\n                                <a href="/users/profile">\n                                    <div\n                                        class="h-8 w-8 rounded-full bg-gray-200 flex items-center justify-center text-gray-500">\n                                        A\n                                    </div>\n                                </a>\n                            </div>\n                            <div class="ml-3">\n                                <div class="text-base font-medium text-gray-800">admin</div>\n                                <div class="text-sm font-medium text-gray-500">admin@example.com</div>\n                            </div>\n                        </div>\n                        <div class="mt-3 space-y-1">\n                            <a href="/users/profile"\n                                class="block px-4 py-2 text-base font-medium text-gray-500 hover:bg-gray-100 hover:text-gray-800">Mon\n                                Profil</a>\n                            <a href="/auth/logout"\n                                class="block px-4 py-2 text-base font-medium text-gray-500 hover:bg-gray-100 hover:text-gray-800">Se\n                                d\xc3\xa9connecter</a>\n                        </div>\n                    </div>\n                </div>\n            </div>\n        </nav>\n        \n\n        <!-- Flash Messages -->\n        \n        <div class="mx-auto max-w-7xl px-4 sm:px-6 lg:px-8 mt-4">\n            \n            \n            \n        </div>\n        \n\n        <!-- Main Content -->\n        <!-- Use h-full to allow content to grow, but min-h-screen calculation might be better elsewhere. \n             For now, standard layout is fine. -->\n        <main class="py-10">\n            <div class="mx-auto max-w-7xl px-4 sm:px-6 lg:px-8">\n                \n<div class="md:flex md:items-center md:justify-between mb-8">\n    <div class="min-w-0 flex-1">\n        <h2 class="text-2xl font-bold leading-7 text-gray-900 sm:truncate sm:text-3xl sm:tracking-tight">Gestion des\n            Actes\n        </h2>\n    </div>\n    <div class="mt-4 flex md:ml-4 md:mt-0">\n        <a href="/actes/types"\n            class="mr-3 inline-flex items-center rounded-md bg-white px-3 py-2 text-sm font-semibold text-gray-900 shadow-sm ring-1 ring-inset ring-gray-300 hover:bg-gray-50">\n            G\xc3\xa9rer les Types\n        </a>\n        <a href="/actes/generate"\n            class="mr-3 inline-flex items-center rounded-md bg-white px-3 py-2 text-sm font-semibold text-gray-900 shadow-sm ring-1 ring-inset ring-gray-300 hover:bg-gray-50">\n            G\xc3\xa9n\xc3\xa9rer un Acte\n        </a>\n        <a href="/actes/templates/new"\n            class="ml-3 inline-flex items-center rounded-md bg-indigo-600 px-3 py-2 text-sm font-semibold text-white shadow-sm hover:bg-indigo-700 focus-visible:outline focus-visible:outline-2 focus-visible:outline-offset-2 focus-visible:outline-indigo-600">\n            Nouveau Mod\xc3\xa8le\n        </a>\n    </div>\n</div>\n\n<div class="bg-white shadow-sm ring-1 ring-gray-900/5 sm:rounded-xl md:col-span-2">\n    <table class="min-w-full divide-y divide-gray-300">\n        <thead class="bg-gray-50">\n            <tr>\n                <th scope="col" class="py-3.5 pl-4 pr-3 text-left text-sm font-semibold text-gray-900 sm:pl-6">Nom</th>\n                <th scope="col" class="px-3 py-3.5 text-left text-sm font-semibold text-gray-900">Type</th>\n                <th scope="col" class="px-3 py-3.5 text-left text-sm font-semibold text-gray-900">Description</th>\n                <th scope="col" class="relative py-3.5 pl-3 pr-4 sm:pr-6">\n                    <span class="sr-only">Actions</span>\n                </th>\n            </tr>\n        </thead>\n        <tbody class="divide-y divide-gray-200 bg-white">\n            \n            <tr>\n                <td colspan="4" class="py-4 text-center text-sm text-gray-500">Aucun mod\xc3\xa8le trouv\xc3\xa9.</td>\n            </tr>\n            \n        </tbody>\n    </table>\n</div>\n\n            </div>\n        </main>\n\n        \n        <footer class="bg-white">\n            <div class="mx-auto max-w-7xl px-6 py-4 md:flex md:items-center md:justify-between lg:px-8">\n                <div class="mt-8 md:order-1 md:mt-0">\n                    <p class="text-center text-xs leading-5 text-gray-500">&copy; 2026\n                        AGEN-OHADA. Tous droits r\xc3\xa9serv\xc3\xa9s. v1.1.0</p>\n                </div>\n            </div>\n        </footer>\n        \n    </div>\n    \n\n    <!-- Tom Select JS -->\n    <script src="https://cdn.jsdelivr.net/npm/tom-select@2.2.2/dist/js/tom-select.complete.min.js"></script>\n    <script>\n        // Automatic initialization for elements with class \'tom-select\'\n        document.addEventListener(\'DOMContentLoaded\', function () {\n            document.querySelectorAll(\'.tom-select\').forEach(function (el) {\n                new TomSelect(el, {\n                    create: false,\n                    sortField: {\n                        field: "text",\n                        direction: "asc"\n                    }\n                });\n            });\n        });\n    </script>\n</body>\n\n</html>')
E        +  where b'<!DOCTYPE html>\n<html lang="fr" class="h-full bg-gray-50">\n\n<head>\n    <meta charset="UTF-8">\n    <meta name="viewport" content="width=device-width, initial-scale=1.0">\n    <title>AGEN-OHADA</title>\n    <script src="https://cdn.tailwindcss.com"></script>\n    <link rel="stylesheet" href="https://unpkg.com/easymde/dist/easymde.min.css">\n\n    <!-- Tom Select -->\n    <link href="https://cdn.jsdelivr.net/npm/tom-select@2.2.2/dist/css/tom-select.css" rel="stylesheet">\n    <script src="https://cdn.jsdelivr.net/npm/tom-select@2.2.2/dist/js/tom-select.min.js"></script>\n\n    <link href="https://fonts.googleapis.com/css2?family=Inter:wght@300;400;500;600;700&display=swap" rel="stylesheet">\n    <script defer src="https://cdn.jsdelivr.net/npm/alpinejs@3.x.x/dist/cdn.min.js"></script>\n    <style>\n        body {\n            font-family: \'Inter\', sans-serif;\n        }\n\n        [x-cloak] {\n            display: none !important;\n        }\n\n        /* Basic Markdown Styling */\n        .prose h1 {\n            font-size: 2.25rem;\n            font-weight: 700;\n            margin-top: 1.5rem;\n            margin-bottom: 1rem;\n        }\n\n        .prose h2 {\n            font-size: 1.875rem;\n            font-weight: 600;\n            margin-top: 1.25rem;\n            margin-bottom: 0.75rem;\n            border-bottom: 1px solid #e5e7eb;\n            padding-bottom: 0.25rem;\n        }\n\n        .prose h3 {\n            font-size: 1.5rem;\n            font-weight: 600;\n            margin-top: 1rem;\n            margin-bottom: 0.5rem;\n        }\n\n        .prose p {\n            margin-bottom: 1rem;\n            line-height: 1.6;\n        }\n\n        .prose ul {\n            list-style-type: disc;\n            margin-left: 1.5rem;\n            margin-bottom: 1rem;\n        }\n\n        .prose ol {\n            list-style-type: decimal;\n            margin-left: 1.5rem;\n            margin-bottom: 1rem;\n        }\n\n        .prose table {\n            width: 100%;\n            border-collapse: collapse;\n            margin-bottom: 1rem;\n        }\n\n        .prose th,\n        .prose td {\n            border: 1px solid #e5e7eb;\n            padding: 0.5rem;\n            text-align: left;\n        }\n\n        .prose th {\n            background-color: #f9fafb;\n        }\n    </style>\n    \n</head>\n\n<body class="h-full">\n    <div class="min-h-full" x-data="{ mobileMenuOpen: false }">\n        <!-- Navigation -->\n        \n        \n\n        \n\n        \n        \n\n        \n        \n        \n        \n\n        \n\n        <nav class="bg-white shadow">\n            <div class="mx-auto max-w-7xl px-4 sm:px-6 lg:px-8">\n                <div class="flex h-16 justify-between">\n                    <div class="flex">\n                        <div class="flex flex-shrink-0 items-center">\n                            <span class="text-xl font-bold text-indigo-600">AGEN-OHADA</span>\n                        </div>\n                        <div class="hidden sm:ml-6 sm:flex sm:space-x-8">\n\n                            \n                            \n                            \n\n                            \n                            \n                            \n                            \n                            \n                            \n                            \n                            \n                            \n                            \n                            \n                            \n                            \n                            \n                            \n                            \n                            \n                            \n                            \n                            \n                            \n                            \n                            \n                            \n                            \n                            \n                            \n                            \n                            \n                            \n                            \n                            \n                            \n                            \n                            \n                            \n                            \n                            \n                            \n                            \n                            \n                            \n                            \n                            \n                            \n                            \n\n                            \n                            \n                            \n                            <a href="/index"\n                                class="inline-flex items-center px-1 pt-1 border-b-2 text-sm font-medium border-transparent text-gray-500 hover:border-gray-300 hover:text-gray-700">\n                                Accueil\n                            </a>\n                            \n                            \n                            <a href="/clients"\n                                class="inline-flex items-center px-1 pt-1 border-b-2 text-sm font-medium border-transparent text-gray-500 hover:border-gray-300 hover:text-gray-700">\n                                Clients\n                            </a>\n                            \n                            \n                            <a href="/dossiers/"\n                                class="inline-flex items-center px-1 pt-1 border-b-2 text-sm font-medium border-transparent text-gray-500 hover:border-gray-300 hover:text-gray-700">\n                                Dossiers\n                            </a>\n                            \n                            \n                            <a href="/formalites/"\n                                class="inline-flex items-center px-1 pt-1 border-b-2 text-sm font-medium border-transparent text-gray-500 hover:border-gray-300 hover:text-gray-700">\n                                Formalit\xc3\xa9s\n                            </a>\n                            \n                            \n                            <a href="/comptabilite/"\n                                class="inline-flex items-center px-1 pt-1 border-b-2 text-sm font-medium border-transparent text-gray-500 hover:border-gray-300 hover:text-gray-700">\n                                Comptabilit\xc3\xa9\n                            </a>\n                            \n                            \n                            <a href="/dossiers/archives"\n                                class="inline-flex items-center px-1 pt-1 border-b-2 text-sm font-medium border-transparent text-gray-500 hover:border-gray-300 hover:text-gray-700">\n                                Archives\n                            </a>\n                            \n                            \n                            <a href="/users/"\n                                class="inline-flex items-center px-1 pt-1 border-b-2 text-sm font-medium border-transparent text-gray-500 hover:border-gray-300 hover:text-gray-700">\n                                Utilisateurs\n                            </a>\n                            \n                            \n                            <a href="/users/parametres"\n                                class="inline-flex items-center px-1 pt-1 border-b-2 text-sm font-medium border-transparent text-gray-500 hover:border-gray-300 hover:text-gray-700">\n                                \xe2\x9a\x99 Param\xc3\xa8tres\n                            </a>\n                            \n                            \n                            <a href="/help"\n                                class="inline-flex items-center px-1 pt-1 border-b-2 text-sm font-medium border-transparent text-gray-500 hover:border-gray-300 hover:text-gray-700">\n                                Aide\n                            </a>\n                            \n\n                            <!-- Dropdown Actes -->\n                            <div class="relative inline-flex items-center" x-data="{ open: false }">\n                                <button type="button" @click="open = !open" @click.away="open = false"\n                                    class="inline-flex items-center px-1 pt-1 border-b-2 text-sm font-medium border-transparent text-gray-500 hover:border-gray-300 hover:text-gray-700">\n                                    <span>Actes</span>\n                                    <svg class="ml-2 h-5 w-5" viewBox="0 0 20 20" fill="currentColor">\n                                        <path fill-rule="evenodd"\n                                            d="M5.293 7.293a1 1 0 011.414 0L10 10.586l3.293-3.293a1 1 0 111.414 1.414l-4 4a1 1 0 01-1.414 0l-4-4a1 1 0 010-1.414z"\n                                            clip-rule="evenodd" />\n                                    </svg>\n                                </button>\n                                <div x-show="open" x-transition:enter="transition ease-out duration-200"\n                                    x-transition:enter-start="opacity-0 scale-95"\n                                    x-transition:enter-end="opacity-100 scale-100"\n                                    x-transition:leave="transition ease-in duration-75"\n                                    x-transition:leave-start="opacity-100 scale-100"\n                                    x-transition:leave-end="opacity-0 scale-95"\n                                    class="absolute left-0 top-full z-10 mt-2 w-48 origin-top-left rounded-md bg-white py-1 shadow-lg ring-1 ring-black ring-opacity-5 focus:outline-none"\n                                    style="display: none;">\n                                    <a href="/actes/types"\n                                        class="block px-4 py-2 text-sm text-gray-700 hover:bg-gray-100">G\xc3\xa9rer les types\n                                        d\'actes</a>\n                                    <a href="/actes/templates"\n                                        class="block px-4 py-2 text-sm text-gray-700 hover:bg-gray-100">G\xc3\xa9rer les\n                                        mod\xc3\xa8les d\'acte</a>\n                                    <a href="/actes/review"\n                                        class="block px-4 py-2 text-sm text-gray-700 hover:bg-gray-100">Signer les\n                                        actes</a>\n                                    <hr class="my-1">\n                                    <a href="/actes/repertoire"\n                                        class="block px-4 py-2 text-sm text-gray-700 hover:bg-gray-100">R\xc3\xa9pertoire\n                                        Notarial</a>\n                                </div>\n                            </div>\n\n                            \n                            \n                        </div>\n                    </div>\n\n                    <div class="hidden sm:ml-6 sm:flex sm:items-center">\n                        <div class="relative ml-3">\n                            <div class="flex items-center gap-4">\n                                <a href="/users/profile"\n                                    class="text-sm font-medium text-gray-700 hover:text-indigo-600">\n                                    admin\n                                </a>\n                                <a href="/auth/logout"\n                                    class="rounded-md bg-white px-3 py-2 text-sm font-semibold text-gray-900 shadow-sm ring-1 ring-inset ring-gray-300 hover:bg-gray-50">\n                                    Se d\xc3\xa9connecter\n                                </a>\n                            </div>\n                        </div>\n                    </div>\n\n                    <!-- Mobile menu button -->\n                    <div class="-mr-2 flex items-center sm:hidden">\n                        <button type="button" @click="mobileMenuOpen = !mobileMenuOpen"\n                            class="inline-flex items-center justify-center rounded-md p-2 text-gray-400 hover:bg-gray-100 hover:text-gray-500 focus:outline-none focus:ring-2 focus:ring-inset focus:ring-indigo-500">\n                            <span class="sr-only">Open main menu</span>\n                            <svg class="h-6 w-6" fill="none" viewBox="0 0 24 24" stroke-width="1.5"\n                                stroke="currentColor" aria-hidden="true">\n                                <path stroke-linecap="round" stroke-linejoin="round"\n                                    d="M3.75 6.75h16.5M3.75 12h16.5m-16.5 5.25h16.5" />\n                            </svg>\n                        </button>\n                    </div>\n                </div>\n            </div>\n\n            <!-- Mobile menu -->\n            <div class="sm:hidden" id="mobile-menu" x-show="mobileMenuOpen" x-cloak>\n                <div class="space-y-1 pb-3 pt-2">\n                    \n                    \n                    \n                    <a href="/index"\n                        class="block border-l-4 py-2 pl-3 pr-4 text-base font-medium border-transparent text-gray-500 hover:border-gray-300 hover:bg-gray-50 hover:text-gray-700">\n                        Accueil\n                    </a>\n                    \n                    \n                    <a href="/clients"\n                        class="block border-l-4 py-2 pl-3 pr-4 text-base font-medium border-transparent text-gray-500 hover:border-gray-300 hover:bg-gray-50 hover:text-gray-700">\n                        Clients\n                    </a>\n                    \n                    \n                    <a href="/dossiers/"\n                        class="block border-l-4 py-2 pl-3 pr-4 text-base font-medium border-transparent text-gray-500 hover:border-gray-300 hover:bg-gray-50 hover:text-gray-700">\n                        Dossiers\n                    </a>\n                    \n                    \n                    <a href="/formalites/"\n                        class="block border-l-4 py-2 pl-3 pr-4 text-base font-medium border-transparent text-gray-500 hover:border-gray-300 hover:bg-gray-50 hover:text-gray-700">\n                        Formalit\xc3\xa9s\n                    </a>\n                    \n                    \n                    <a href="/comptabilite/"\n                        class="block border-l-4 py-2 pl-3 pr-4 text-base font-medium border-transparent text-gray-500 hover:border-gray-300 hover:bg-gray-50 hover:text-gray-700">\n                        Comptabilit\xc3\xa9\n                    </a>\n                    \n                    \n                    <a href="/dossiers/archives"\n                        class="block border-l-4 py-2 pl-3 pr-4 text-base font-medium border-transparent text-gray-500 hover:border-gray-300 hover:bg-gray-50 hover:text-gray-700">\n                        Archives\n                    </a>\n                    \n                    \n                    <a href="/users/"\n                        class="block border-l-4 py-2 pl-3 pr-4 text-base font-medium border-transparent text-gray-500 hover:border-gray-300 hover:bg-gray-50 hover:text-gray-700">\n                        Utilisateurs\n                    </a>\n                    \n                    \n                    <a href="/users/parametres"\n                        class="block border-l-4 py-2 pl-3 pr-4 text-base font-medium border-transparent text-gray-500 hover:border-gray-300 hover:bg-gray-50 hover:text-gray-700">\n                        \xe2\x9a\x99 Param\xc3\xa8tres\n                    </a>\n                    \n                    \n                    <a href="/help"\n                        class="block border-l-4 py-2 pl-3 pr-4 text-base font-medium border-transparent text-gray-500 hover:border-gray-300 hover:bg-gray-50 hover:text-gray-700">\n                        Aide\n                    </a>\n                    \n\n                    <!-- Actes Submenu for Mobile -->\n                    <div class="border-t border-gray-200 mt-2 pt-2">\n                        <div class="px-3 py-2 text-xs font-semibold text-gray-400 uppercase tracking-wider">Gestion des\n                            Actes</div>\n                        <a href="/actes/types"\n                            class="block py-2 pl-6 pr-4 text-base font-medium text-gray-500 hover:bg-gray-50 hover:text-gray-700">G\xc3\xa9rer\n                            les types d\'actes</a>\n                        <a href="/actes/templates"\n                            class="block py-2 pl-6 pr-4 text-base font-medium text-gray-500 hover:bg-gray-50 hover:text-gray-700">G\xc3\xa9rer\n                            les mod\xc3\xa8les d\'acte</a>\n                        <a href="/actes/review"\n                            class="block py-2 pl-6 pr-4 text-base font-medium text-gray-500 hover:bg-gray-50 hover:text-gray-700">Signer\n                            les actes</a>\n                        <a href="/actes/repertoire"\n                            class="block py-2 pl-6 pr-4 text-base font-medium text-gray-500 hover:bg-gray-50 hover:text-gray-700">R\xc3\xa9pertoire\n                            Notarial</a>\n                    </div>\n\n                    \n                    \n                    <div class="border-t border-gray-200 pt-4 pb-3">\n                        <div class="flex items-center px-4">\n                            <div class="flex-shrink-0">\n                                <a href="/users/profile">\n                                    <div\n                                        class="h-8 w-8 rounded-full bg-gray-200 flex items-center justify-center text-gray-500">\n                                        A\n                                    </div>\n                                </a>\n                            </div>\n                            <div class="ml-3">\n                                <div class="text-base font-medium text-gray-800">admin</div>\n                                <div class="text-sm font-medium text-gray-500">admin@example.com</div>\n                            </div>\n                        </div>\n                        <div class="mt-3 space-y-1">\n                            <a href="/users/profile"\n                                class="block px-4 py-2 text-base font-medium text-gray-500 hover:bg-gray-100 hover:text-gray-800">Mon\n                                Profil</a>\n                            <a href="/auth/logout"\n                                class="block px-4 py-2 text-base font-medium text-gray-500 hover:bg-gray-100 hover:text-gray-800">Se\n                                d\xc3\xa9connecter</a>\n                        </div>\n                    </div>\n                </div>\n            </div>\n        </nav>\n        \n\n        <!-- Flash Messages -->\n        \n        <div class="mx-auto max-w-7xl px-4 sm:px-6 lg:px-8 mt-4">\n            \n            \n            \n        </div>\n        \n\n        <!-- Main Content -->\n        <!-- Use h-full to allow content to grow, but min-h-screen calculation might be better elsewhere. \n             For now, standard layout is fine. -->\n        <main class="py-10">\n            <div class="mx-auto max-w-7xl px-4 sm:px-6 lg:px-8">\n                \n<div class="md:flex md:items-center md:justify-between mb-8">\n    <div class="min-w-0 flex-1">\n        <h2 class="text-2xl font-bold leading-7 text-gray-900 sm:truncate sm:text-3xl sm:tracking-tight">Gestion des\n            Actes\n        </h2>\n    </div>\n    <div class="mt-4 flex md:ml-4 md:mt-0">\n        <a href="/actes/types"\n            class="mr-3 inline-flex items-center rounded-md bg-white px-3 py-2 text-sm font-semibold text-gray-900 shadow-sm ring-1 ring-inset ring-gray-300 hover:bg-gray-50">\n            G\xc3\xa9rer les Types\n        </a>\n        <a href="/actes/generate"\n            class="mr-3 inline-flex items-center rounded-md bg-white px-3 py-2 text-sm font-semibold text-gray-900 shadow-sm ring-1 ring-inset ring-gray-300 hover:bg-gray-50">\n            G\xc3\xa9n\xc3\xa9rer un Acte\n        </a>\n        <a href="/actes/templates/new"\n            class="ml-3 inline-flex items-center rounded-md bg-indigo-600 px-3 py-2 text-sm font-semibold text-white shadow-sm hover:bg-indigo-700 focus-visible:outline focus-visible:outline-2 focus-visible:outline-offset-2 focus-visible:outline-indigo-600">\n            Nouveau Mod\xc3\xa8le\n        </a>\n    </div>\n</div>\n\n<div class="bg-white shadow-sm ring-1 ring-gray-900/5 sm:rounded-xl md:col-span-2">\n    <table class="min-w-full divide-y divide-gray-300">\n        <thead class="bg-gray-50">\n            <tr>\n                <th scope="col" class="py-3.5 pl-4 pr-3 text-left text-sm font-semibold text-gray-900 sm:pl-6">Nom</th>\n                <th scope="col" class="px-3 py-3.5 text-left text-sm font-semibold text-gray-900">Type</th>\n                <th scope="col" class="px-3 py-3.5 text-left text-sm font-semibold text-gray-900">Description</th>\n                <th scope="col" class="relative py-3.5 pl-3 pr-4 sm:pr-6">\n                    <span class="sr-only">Actions</span>\n                </th>\n            </tr>\n        </thead>\n        <tbody class="divide-y divide-gray-200 bg-white">\n            \n            <tr>\n                <td colspan="4" class="py-4 text-center text-sm text-gray-500">Aucun mod\xc3\xa8le trouv\xc3\xa9.</td>\n            </tr>\n            \n        </tbody>\n    </table>\n</div>\n\n            </div>\n        </main>\n\n        \n        <footer class="bg-white">\n            <div class="mx-auto max-w-7xl px-6 py-4 md:flex md:items-center md:justify-between lg:px-8">\n                <div class="mt-8 md:order-1 md:mt-0">\n                    <p class="text-center text-xs leading-5 text-gray-500">&copy; 2026\n                        AGEN-OHADA. Tous droits r\xc3\xa9serv\xc3\xa9s. v1.1.0</p>\n                </div>\n            </div>\n        </footer>\n        \n    </div>\n    \n\n    <!-- Tom Select JS -->\n    <script src="https://cdn.jsdelivr.net/npm/tom-select@2.2.2/dist/js/tom-select.complete.min.js"></script>\n    <script>\n        // Automatic initialization for elements with class \'tom-select\'\n        document.addEventListener(\'DOMContentLoaded\', function () {\n            document.querySelectorAll(\'.tom-select\').forEach(function (el) {\n                new TomSelect(el, {\n                    create: false,\n                    sortField: {\n                        field: "text",\n                        direction: "asc"\n                    }\n                });\n            });\n        });\n    </script>\n</body>\n\n</html>' = <WrapperTestResponse 22123 bytes [200 OK]>.data
E        +  and   b'<!DOCTYPE html>\n<html lang="fr" class="h-full bg-gray-50">\n\n<head>\n    <meta charset="UTF-8">\n    <meta name="viewport" content="width=device-width, initial-scale=1.0">\n    <title>AGEN-OHADA</title>\n    <script src="https://cdn.tailwindcss.com"></script>\n    <link rel="stylesheet" href="https://unpkg.com/easymde/dist/easymde.min.css">\n\n    <!-- Tom Select -->\n    <link href="https://cdn.jsdelivr.net/npm/tom-select@2.2.2/dist/css/tom-select.css" rel="stylesheet">\n    <script src="https://cdn.jsdelivr.net/npm/tom-select@2.2.2/dist/js/tom-select.min.js"></script>\n\n    <link href="https://fonts.googleapis.com/css2?family=Inter:wght@300;400;500;600;700&display=swap" rel="stylesheet">\n    <script defer src="https://cdn.jsdelivr.net/npm/alpinejs@3.x.x/dist/cdn.min.js"></script>\n    <style>\n        body {\n            font-family: \'Inter\', sans-serif;\n        }\n\n        [x-cloak] {\n            display: none !important;\n        }\n\n        /* Basic Markdown Styling */\n        .prose h1 {\n            font-size: 2.25rem;\n            font-weight: 700;\n            margin-top: 1.5rem;\n            margin-bottom: 1rem;\n        }\n\n        .prose h2 {\n            font-size: 1.875rem;\n            font-weight: 600;\n            margin-top: 1.25rem;\n            margin-bottom: 0.75rem;\n            border-bottom: 1px solid #e5e7eb;\n            padding-bottom: 0.25rem;\n        }\n\n        .prose h3 {\n            font-size: 1.5rem;\n            font-weight: 600;\n            margin-top: 1rem;\n            margin-bottom: 0.5rem;\n        }\n\n        .prose p {\n            margin-bottom: 1rem;\n            line-height: 1.6;\n        }\n\n        .prose ul {\n            list-style-type: disc;\n            margin-left: 1.5rem;\n            margin-bottom: 1rem;\n        }\n\n        .prose ol {\n            list-style-type: decimal;\n            margin-left: 1.5rem;\n            margin-bottom: 1rem;\n        }\n\n        .prose table {\n            width: 100%;\n            border-collapse: collapse;\n            margin-bottom: 1rem;\n        }\n\n        .prose th,\n        .prose td {\n            border: 1px solid #e5e7eb;\n            padding: 0.5rem;\n            text-align: left;\n        }\n\n        .prose th {\n            background-color: #f9fafb;\n        }\n    </style>\n    \n</head>\n\n<body class="h-full">\n    <div class="min-h-full" x-data="{ mobileMenuOpen: false }">\n        <!-- Navigation -->\n        \n        \n\n        \n\n        \n        \n\n        \n        \n        \n        \n\n        \n\n        <nav class="bg-white shadow">\n            <div class="mx-auto max-w-7xl px-4 sm:px-6 lg:px-8">\n                <div class="flex h-16 justify-between">\n                    <div class="flex">\n                        <div class="flex flex-shrink-0 items-center">\n                            <span class="text-xl font-bold text-indigo-600">AGEN-OHADA</span>\n                        </div>\n                        <div class="hidden sm:ml-6 sm:flex sm:space-x-8">\n\n                            \n                            \n                            \n\n                            \n                            \n                            \n                            \n                            \n                            \n                            \n                            \n                            \n                            \n                            \n                            \n                            \n                            \n                            \n                            \n                            \n                            \n                            \n                            \n                            \n                            \n                            \n                            \n                            \n                            \n                            \n                            \n                            \n                            \n                            \n                            \n                            \n                            \n                            \n                            \n                            \n                            \n                            \n                            \n                            \n                            \n                            \n                            \n                            \n                            \n\n                            \n                            \n                            \n                            <a href="/index"\n                                class="inline-flex items-center px-1 pt-1 border-b-2 text-sm font-medium border-transparent text-gray-500 hover:border-gray-300 hover:text-gray-700">\n                                Accueil\n                            </a>\n                            \n                            \n                            <a href="/clients"\n                                class="inline-flex items-center px-1 pt-1 border-b-2 text-sm font-medium border-transparent text-gray-500 hover:border-gray-300 hover:text-gray-700">\n                                Clients\n                            </a>\n                            \n                            \n                            <a href="/dossiers/"\n                                class="inline-flex items-center px-1 pt-1 border-b-2 text-sm font-medium border-transparent text-gray-500 hover:border-gray-300 hover:text-gray-700">\n                                Dossiers\n                            </a>\n                            \n                            \n                            <a href="/formalites/"\n                                class="inline-flex items-center px-1 pt-1 border-b-2 text-sm font-medium border-transparent text-gray-500 hover:border-gray-300 hover:text-gray-700">\n                                Formalit\xc3\xa9s\n                            </a>\n                            \n                            \n                            <a href="/comptabilite/"\n                                class="inline-flex items-center px-1 pt-1 border-b-2 text-sm font-medium border-transparent text-gray-500 hover:border-gray-300 hover:text-gray-700">\n                                Comptabilit\xc3\xa9\n                            </a>\n                            \n                            \n                            <a href="/dossiers/archives"\n                                class="inline-flex items-center px-1 pt-1 border-b-2 text-sm font-medium border-transparent text-gray-500 hover:border-gray-300 hover:text-gray-700">\n                                Archives\n                            </a>\n                            \n                            \n                            <a href="/users/"\n                                class="inline-flex items-center px-1 pt-1 border-b-2 text-sm font-medium border-transparent text-gray-500 hover:border-gray-300 hover:text-gray-700">\n                                Utilisateurs\n                            </a>\n                            \n                            \n                            <a href="/users/parametres"\n                                class="inline-flex items-center px-1 pt-1 border-b-2 text-sm font-medium border-transparent text-gray-500 hover:border-gray-300 hover:text-gray-700">\n                                \xe2\x9a\x99 Param\xc3\xa8tres\n                            </a>\n                            \n                            \n                            <a href="/help"\n                                class="inline-flex items-center px-1 pt-1 border-b-2 text-sm font-medium border-transparent text-gray-500 hover:border-gray-300 hover:text-gray-700">\n                                Aide\n                            </a>\n                            \n\n                            <!-- Dropdown Actes -->\n                            <div class="relative inline-flex items-center" x-data="{ open: false }">\n                                <button type="button" @click="open = !open" @click.away="open = false"\n                                    class="inline-flex items-center px-1 pt-1 border-b-2 text-sm font-medium border-transparent text-gray-500 hover:border-gray-300 hover:text-gray-700">\n                                    <span>Actes</span>\n                                    <svg class="ml-2 h-5 w-5" viewBox="0 0 20 20" fill="currentColor">\n                                        <path fill-rule="evenodd"\n                                            d="M5.293 7.293a1 1 0 011.414 0L10 10.586l3.293-3.293a1 1 0 111.414 1.414l-4 4a1 1 0 01-1.414 0l-4-4a1 1 0 010-1.414z"\n                                            clip-rule="evenodd" />\n                                    </svg>\n                                </button>\n                                <div x-show="open" x-transition:enter="transition ease-out duration-200"\n                                    x-transition:enter-start="opacity-0 scale-95"\n                                    x-transition:enter-end="opacity-100 scale-100"\n                                    x-transition:leave="transition ease-in duration-75"\n                                    x-transition:leave-start="opacity-100 scale-100"\n                                    x-transition:leave-end="opacity-0 scale-95"\n                                    class="absolute left-0 top-full z-10 mt-2 w-48 origin-top-left rounded-md bg-white py-1 shadow-lg ring-1 ring-black ring-opacity-5 focus:outline-none"\n                                    style="display: none;">\n                                    <a href="/actes/types"\n                                        class="block px-4 py-2 text-sm text-gray-700 hover:bg-gray-100">G\xc3\xa9rer les types\n                                        d\'actes</a>\n                                    <a href="/actes/templates"\n                                        class="block px-4 py-2 text-sm text-gray-700 hover:bg-gray-100">G\xc3\xa9rer les\n                                        mod\xc3\xa8les d\'acte</a>\n                                    <a href="/actes/review"\n                                        class="block px-4 py-2 text-sm text-gray-700 hover:bg-gray-100">Signer les\n                                        actes</a>\n                                    <hr class="my-1">\n                                    <a href="/actes/repertoire"\n                                        class="block px-4 py-2 text-sm text-gray-700 hover:bg-gray-100">R\xc3\xa9pertoire\n                                        Notarial</a>\n                                </div>\n                            </div>\n\n                            \n                            \n                        </div>\n                    </div>\n\n                    <div class="hidden sm:ml-6 sm:flex sm:items-center">\n                        <div class="relative ml-3">\n                            <div class="flex items-center gap-4">\n                                <a href="/users/profile"\n                                    class="text-sm font-medium text-gray-700 hover:text-indigo-600">\n                                    admin\n                                </a>\n                                <a href="/auth/logout"\n                                    class="rounded-md bg-white px-3 py-2 text-sm font-semibold text-gray-900 shadow-sm ring-1 ring-inset ring-gray-300 hover:bg-gray-50">\n                                    Se d\xc3\xa9connecter\n                                </a>\n                            </div>\n                        </div>\n                    </div>\n\n                    <!-- Mobile menu button -->\n                    <div class="-mr-2 flex items-center sm:hidden">\n                        <button type="button" @click="mobileMenuOpen = !mobileMenuOpen"\n                            class="inline-flex items-center justify-center rounded-md p-2 text-gray-400 hover:bg-gray-100 hover:text-gray-500 focus:outline-none focus:ring-2 focus:ring-inset focus:ring-indigo-500">\n                            <span class="sr-only">Open main menu</span>\n                            <svg class="h-6 w-6" fill="none" viewBox="0 0 24 24" stroke-width="1.5"\n                                stroke="currentColor" aria-hidden="true">\n                                <path stroke-linecap="round" stroke-linejoin="round"\n                                    d="M3.75 6.75h16.5M3.75 12h16.5m-16.5 5.25h16.5" />\n                            </svg>\n                        </button>\n                    </div>\n                </div>\n            </div>\n\n            <!-- Mobile menu -->\n            <div class="sm:hidden" id="mobile-menu" x-show="mobileMenuOpen" x-cloak>\n                <div class="space-y-1 pb-3 pt-2">\n                    \n                    \n                    \n                    <a href="/index"\n                        class="block border-l-4 py-2 pl-3 pr-4 text-base font-medium border-transparent text-gray-500 hover:border-gray-300 hover:bg-gray-50 hover:text-gray-700">\n                        Accueil\n                    </a>\n                    \n                    \n                    <a href="/clients"\n                        class="block border-l-4 py-2 pl-3 pr-4 text-base font-medium border-transparent text-gray-500 hover:border-gray-300 hover:bg-gray-50 hover:text-gray-700">\n                        Clients\n                    </a>\n                    \n                    \n                    <a href="/dossiers/"\n                        class="block border-l-4 py-2 pl-3 pr-4 text-base font-medium border-transparent text-gray-500 hover:border-gray-300 hover:bg-gray-50 hover:text-gray-700">\n                        Dossiers\n                    </a>\n                    \n                    \n                    <a href="/formalites/"\n                        class="block border-l-4 py-2 pl-3 pr-4 text-base font-medium border-transparent text-gray-500 hover:border-gray-300 hover:bg-gray-50 hover:text-gray-700">\n                        Formalit\xc3\xa9s\n                    </a>\n                    \n                    \n                    <a href="/comptabilite/"\n                        class="block border-l-4 py-2 pl-3 pr-4 text-base font-medium border-transparent text-gray-500 hover:border-gray-300 hover:bg-gray-50 hover:text-gray-700">\n                        Comptabilit\xc3\xa9\n                    </a>\n                    \n                    \n                    <a href="/dossiers/archives"\n                        class="block border-l-4 py-2 pl-3 pr-4 text-base font-medium border-transparent text-gray-500 hover:border-gray-300 hover:bg-gray-50 hover:text-gray-700">\n                        Archives\n                    </a>\n                    \n                    \n                    <a href="/users/"\n                        class="block border-l-4 py-2 pl-3 pr-4 text-base font-medium border-transparent text-gray-500 hover:border-gray-300 hover:bg-gray-50 hover:text-gray-700">\n                        Utilisateurs\n                    </a>\n                    \n                    \n                    <a href="/users/parametres"\n                        class="block border-l-4 py-2 pl-3 pr-4 text-base font-medium border-transparent text-gray-500 hover:border-gray-300 hover:bg-gray-50 hover:text-gray-700">\n                        \xe2\x9a\x99 Param\xc3\xa8tres\n                    </a>\n                    \n                    \n                    <a href="/help"\n                        class="block border-l-4 py-2 pl-3 pr-4 text-base font-medium border-transparent text-gray-500 hover:border-gray-300 hover:bg-gray-50 hover:text-gray-700">\n                        Aide\n                    </a>\n                    \n\n                    <!-- Actes Submenu for Mobile -->\n                    <div class="border-t border-gray-200 mt-2 pt-2">\n                        <div class="px-3 py-2 text-xs font-semibold text-gray-400 uppercase tracking-wider">Gestion des\n                            Actes</div>\n                        <a href="/actes/types"\n                            class="block py-2 pl-6 pr-4 text-base font-medium text-gray-500 hover:bg-gray-50 hover:text-gray-700">G\xc3\xa9rer\n                            les types d\'actes</a>\n                        <a href="/actes/templates"\n                            class="block py-2 pl-6 pr-4 text-base font-medium text-gray-500 hover:bg-gray-50 hover:text-gray-700">G\xc3\xa9rer\n                            les mod\xc3\xa8les d\'acte</a>\n                        <a href="/actes/review"\n                            class="block py-2 pl-6 pr-4 text-base font-medium text-gray-500 hover:bg-gray-50 hover:text-gray-700">Signer\n                            les actes</a>\n                        <a href="/actes/repertoire"\n                            class="block py-2 pl-6 pr-4 text-base font-medium text-gray-500 hover:bg-gray-50 hover:text-gray-700">R\xc3\xa9pertoire\n                            Notarial</a>\n                    </div>\n\n                    \n                    \n                    <div class="border-t border-gray-200 pt-4 pb-3">\n                        <div class="flex items-center px-4">\n                            <div class="flex-shrink-0">\n                                <a href="/users/profile">\n                                    <div\n                                        class="h-8 w-8 rounded-full bg-gray-200 flex items-center justify-center text-gray-500">\n                                        A\n                                    </div>\n                                </a>\n                            </div>\n                            <div class="ml-3">\n                                <div class="text-base font-medium text-gray-800">admin</div>\n                                <div class="text-sm font-medium text-gray-500">admin@example.com</div>\n                            </div>\n                        </div>\n                        <div class="mt-3 space-y-1">\n                            <a href="/users/profile"\n                                class="block px-4 py-2 text-base font-medium text-gray-500 hover:bg-gray-100 hover:text-gray-800">Mon\n                                Profil</a>\n                            <a href="/auth/logout"\n                                class="block px-4 py-2 text-base font-medium text-gray-500 hover:bg-gray-100 hover:text-gray-800">Se\n                                d\xc3\xa9connecter</a>\n                        </div>\n                    </div>\n                </div>\n            </div>\n        </nav>\n        \n\n        <!-- Flash Messages -->\n        \n        <div class="mx-auto max-w-7xl px-4 sm:px-6 lg:px-8 mt-4">\n            \n            \n            \n        </div>\n        \n\n        <!-- Main Content -->\n        <!-- Use h-full to allow content to grow, but min-h-screen calculation might be better elsewhere. \n             For now, standard layout is fine. -->\n        <main class="py-10">\n            <div class="mx-auto max-w-7xl px-4 sm:px-6 lg:px-8">\n                \n<div class="md:flex md:items-center md:justify-between mb-8">\n    <div class="min-w-0 flex-1">\n        <h2 class="text-2xl font-bold leading-7 text-gray-900 sm:truncate sm:text-3xl sm:tracking-tight">Gestion des\n            Actes\n        </h2>\n    </div>\n    <div class="mt-4 flex md:ml-4 md:mt-0">\n        <a href="/actes/types"\n            class="mr-3 inline-flex items-center rounded-md bg-white px-3 py-2 text-sm font-semibold text-gray-900 shadow-sm ring-1 ring-inset ring-gray-300 hover:bg-gray-50">\n            G\xc3\xa9rer les Types\n        </a>\n        <a href="/actes/generate"\n            class="mr-3 inline-flex items-center rounded-md bg-white px-3 py-2 text-sm font-semibold text-gray-900 shadow-sm ring-1 ring-inset ring-gray-300 hover:bg-gray-50">\n            G\xc3\xa9n\xc3\xa9rer un Acte\n        </a>\n        <a href="/actes/templates/new"\n            class="ml-3 inline-flex items-center rounded-md bg-indigo-600 px-3 py-2 text-sm font-semibold text-white shadow-sm hover:bg-indigo-700 focus-visible:outline focus-visible:outline-2 focus-visible:outline-offset-2 focus-visible:outline-indigo-600">\n            Nouveau Mod\xc3\xa8le\n        </a>\n    </div>\n</div>\n\n<div class="bg-white shadow-sm ring-1 ring-gray-900/5 sm:rounded-xl md:col-span-2">\n    <table class="min-w-full divide-y divide-gray-300">\n        <thead class="bg-gray-50">\n            <tr>\n                <th scope="col" class="py-3.5 pl-4 pr-3 text-left text-sm font-semibold text-gray-900 sm:pl-6">Nom</th>\n                <th scope="col" class="px-3 py-3.5 text-left text-sm font-semibold text-gray-900">Type</th>\n                <th scope="col" class="px-3 py-3.5 text-left text-sm font-semibold text-gray-900">Description</th>\n                <th scope="col" class="relative py-3.5 pl-3 pr-4 sm:pr-6">\n                    <span class="sr-only">Actions</span>\n                </th>\n            </tr>\n        </thead>\n        <tbody class="divide-y divide-gray-200 bg-white">\n            \n            <tr>\n                <td colspan="4" class="py-4 text-center text-sm text-gray-500">Aucun mod\xc3\xa8le trouv\xc3\xa9.</td>\n            </tr>\n            \n        </tbody>\n    </table>\n</div>\n\n            </div>\n        </main>\n\n        \n        <footer class="bg-white">\n            <div class="mx-auto max-w-7xl px-6 py-4 md:flex md:items-center md:justify-between lg:px-8">\n                <div class="mt-8 md:order-1 md:mt-0">\n                    <p class="text-center text-xs leading-5 text-gray-500">&copy; 2026\n                        AGEN-OHADA. Tous droits r\xc3\xa9serv\xc3\xa9s. v1.1.0</p>\n                </div>\n            </div>\n        </footer>\n        \n    </div>\n    \n\n    <!-- Tom Select JS -->\n    <script src="https://cdn.jsdelivr.net/npm/tom-select@2.2.2/dist/js/tom-select.complete.min.js"></script>\n    <script>\n        // Automatic initialization for elements with class \'tom-select\'\n        document.addEventListener(\'DOMContentLoaded\', function () {\n            document.querySelectorAll(\'.tom-select\').forEach(function (el) {\n                new TomSelect(el, {\n                    create: false,\n                    sortField: {\n                        field: "text",\n                        direction: "asc"\n                    }\n                });\n            });\n        });\n    </script>\n</body>\n\n</html>' = <WrapperTestResponse 22123 bytes [200 OK]>.data

tests\functional\test_actes.py:9: AssertionError
____________________________ test_template_create _____________________________

client = <FlaskClient <Flask 'app'>>
auth = <conftest.AuthActions object at 0x000002114EE042D0>

    def test_template_create(client, auth):
        auth.login()
        response = client.post('/actes/templates/new', data={
            'nom': 'Template Test',
            'type_acte': 'VENTE',
            'description': 'Description Test',
            'contenu': '<p>Contenu Test {{ dossier.intitule }}</p>',
            'submit': 'Enregistrer'
        }, follow_redirects=True)
    
        assert response.status_code == 200
>       assert b'Mod\xc3\xa8le cr\xc3\xa9\xc3\xa9' in response.data or b'avec success' in response.data
E       assert (b'Mod\xc3\xa8le cr\xc3\xa9\xc3\xa9' in b'<!DOCTYPE html>\n<html lang="fr" class="h-full bg-gray-50">\n\n<head>\n    <meta charset="UTF-8">\n    <meta name="viewport" content="width=device-width, initial-scale=1.0">\n    <title>Nouveau Mod\xc3\xa8le - AGEN-OHADA</title>\n    <script src="https://cdn.tailwindcss.com"></script>\n    <link rel="stylesheet" href="https://unpkg.com/easymde/dist/easymde.min.css">\n\n    <!-- Tom Select -->\n    <link href="https://cdn.jsdelivr.net/npm/tom-select@2.2.2/dist/css/tom-select.css" rel="stylesheet">\n    <script src="https://cdn.jsdelivr.net/npm/tom-select@2.2.2/dist/js/tom-select.min.js"></script>\n\n    <link href="https://fonts.googleapis.com/css2?family=Inter:wght@300;400;500;600;700&display=swap" rel="stylesheet">\n    <script defer src="https://cdn.jsdelivr.net/npm/alpinejs@3.x.x/dist/cdn.min.js"></script>\n    <style>\n        body {\n            font-family: \'Inter\', sans-serif;\n        }\n\n        [x-cloak] {\n            display: none !important;\n        }\n\n        /* Basic Markdown Styling */\n        .prose h1 {\n            font-size: 2.25rem;\n            font-weight: 700;\n            margin-top: 1.5rem;\n            margin-bottom: 1rem;\n        }\n\n        .prose h2 {\n            font-size: 1.875rem;\n            font-weight: 600;\n            margin-top: 1.25rem;\n            margin-bottom: 0.75rem;\n            border-bottom: 1px solid #e5e7eb;\n            padding-bottom: 0.25rem;\n        }\n\n        .prose h3 {\n            font-size: 1.5rem;\n            font-weight: 600;\n            margin-top: 1rem;\n            margin-bottom: 0.5rem;\n        }\n\n        .prose p {\n            margin-bottom: 1rem;\n            line-height: 1.6;\n        }\n\n        .prose ul {\n            list-style-type: disc;\n            margin-left: 1.5rem;\n            margin-bottom: 1rem;\n        }\n\n        .prose ol {\n            list-style-type: decimal;\n            margin-left: 1.5rem;\n            margin-bottom: 1rem;\n        }\n\n        .prose table {\n            width: 100%;\n            border-collapse: collapse;\n            margin-bottom: 1rem;\n        }\n\n        .prose th,\n        .prose td {\n            border: 1px solid #e5e7eb;\n            padding: 0.5rem;\n            text-align: left;\n        }\n\n        .prose th {\n            background-color: #f9fafb;\n        }\n    </style>\n    \n<!-- EasyMDE CSS -->\n<link rel="stylesheet" href="https://unpkg.com/easymde/dist/easymde.min.css">\n<style>\n    .editor-toolbar {\n        border-color: #e5e7eb;\n        background: #f9fafb;\n    }\n\n    .CodeMirror {\n        border-color: #e5e7eb;\n        font-family: ui-monospace, SFMono-Regular, Menlo, Monaco, Consolas, "Liberation Mono", "Courier New", monospace;\n    }\n\n    .variable-badge {\n        cursor: pointer;\n        transition: all 0.2s;\n    }\n\n    .variable-badge:hover {\n        background-color: #e0e7ff;\n        color: #4338ca;\n        transform: translateY(-1px);\n    }\n</style>\n\n</head>\n\n<body class="h-full">\n    <div class="min-h-full" x-data="{ mobileMenuOpen: false }">\n        <!-- Navigation -->\n        \n        \n\n        \n\n        \n        \n\n        \n        \n        \n        \n\n        \n\n        <nav class="bg-white shadow">\n            <div class="mx-auto max-w-7xl px-4 sm:px-6 lg:px-8">\n                <div class="flex h-16 justify-between">\n                    <div class="flex">\n                        <div class="flex flex-shrink-0 items-center">\n                            <span class="text-xl font-bold text-indigo-600">AGEN-OHADA</span>\n                        </div>\n                        <div class="hidden sm:ml-6 sm:flex sm:space-x-8">\n\n                            \n                            \n                            \n\n                            \n                            \n                            \n                            \n                            \n                            \n                            \n                            \n                            \n                            \n                            \n                            \n                            \n                            \n                            \n                            \n                            \n                            \n                            \n                            \n                            \n                            \n                            \n                            \n                            \n                            \n                            \n                            \n                            \n                            \n                            \n                            \n                            \n                            \n                            \n                            \n                            \n                            \n                            \n                            \n                            \n                            \n                            \n                            \n                            \n                            \n\n                            \n                            \n                            \n                            <a href="/index"\n                                class="inline-flex items-center px-1 pt-1 border-b-2 text-sm font-medium border-transparent text-gray-500 hover:border-gray-300 hover:text-gray-700">\n                                Accueil\n                            </a>\n                            \n                            \n                            <a href="/clients"\n                                class="inline-flex items-center px-1 pt-1 border-b-2 text-sm font-medium border-transparent text-gray-500 hover:border-gray-300 hover:text-gray-700">\n                                Clients\n                            </a>\n                            \n                            \n                            <a href="/dossiers/"\n                                class="inline-flex items-center px-1 pt-1 border-b-2 text-sm font-medium border-transparent text-gray-500 hover:border-gray-300 hover:text-gray-700">\n                                Dossiers\n                            </a>\n                            \n                            \n                            <a href="/formalites/"\n                                class="inline-flex items-center px-1 pt-1 border-b-2 text-sm font-medium border-transparent text-gray-500 hover:border-gray-300 hover:text-gray-700">\n                                Formalit\xc3\xa9s\n                            </a>\n                            \n                            \n                            <a href="/comptabilite/"\n                                class="inline-flex items-center px-1 pt-1 border-b-2 text-sm font-medium border-transparent text-gray-500 hover:border-gray-300 hover:text-gray-700">\n                                Comptabilit\xc3\xa9\n                            </a>\n                            \n                            \n                            <a href="/dossiers/archives"\n                                class="inline-flex items-center px-1 pt-1 border-b-2 text-sm font-medium border-transparent text-gray-500 hover:border-gray-300 hover:text-gray-700">\n                                Archives\n                            </a>\n                            \n                            \n                            <a href="/users/"\n                                class="inline-flex items-center px-1 pt-1 border-b-2 text-sm font-medium border-transparent text-gray-500 hover:border-gray-300 hover:text-gray-700">\n                                Utilisateurs\n                            </a>\n                            \n                            \n                            <a href="/users/parametres"\n                                class="inline-flex items-center px-1 pt-1 border-b-2 text-sm font-medium border-transparent text-gray-500 hover:border-gray-300 hover:text-gray-700">\n                                \xe2\x9a\x99 Param\xc3\xa8tres\n                            </a>\n                            \n                            \n                            <a href="/help"\n                                class="inline-flex items-center px-1 pt-1 border-b-2 text-sm font-medium border-transparent text-gray-500 hover:border-gray-300 hover:text-gray-700">\n                                Aide\n                            </a>\n                            \n\n                            <!-- Dropdown Actes -->\n                            <div class="relative inline-flex items-center" x-data="{ open: false }">\n                                <button type="button" @click="open = !open" @click.away="open = false"\n                                    class="inline-flex items-center px-1 pt-1 border-b-2 text-sm font-medium border-transparent text-gray-500 hover:border-gray-300 hover:text-gray-700">\n                                    <span>Actes</span>\n                                    <svg class="ml-2 h-5 w-5" viewBox="0 0 20 20" fill="currentColor">\n                                        <path fill-rule="evenodd"\n                                            d="M5.293 7.293a1 1 0 011.414 0L10 10.586l3.293-3.293a1 1 0 111.414 1.414l-4 4a1 1 0 01-1.414 0l-4-4a1 1 0 010-1.414z"\n                                            clip-rule="evenodd" />\n                                    </svg>\n                                </button>\n                                <div x-show="open" x-transition:enter="transition ease-out duration-200"\n                                    x-transition:enter-start="opacity-0 scale-95"\n                                    x-transition:enter-end="opacity-100 scale-100"\n                                    x-transition:leave="transition ease-in duration-75"\n                                    x-transition:leave-start="opacity-100 scale-100"\n                                    x-transition:leave-end="opacity-0 scale-95"\n                                    class="absolute left-0 top-full z-10 mt-2 w-48 origin-top-left rounded-md bg-white py-1 shadow-lg ring-1 ring-black ring-opacity-5 focus:outline-none"\n                                    style="display: none;">\n                                    <a href="/actes/types"\n                                        class="block px-4 py-2 text-sm text-gray-700 hover:bg-gray-100">G\xc3\xa9rer les types\n                                        d\'actes</a>\n                                    <a href="/actes/templates"\n                                        class="block px-4 py-2 text-sm text-gray-700 hover:bg-gray-100">G\xc3\xa9rer les\n                                        mod\xc3\xa8les d\'acte</a>\n                                    <a href="/actes/review"\n                                        class="block px-4 py-2 text-sm text-gray-700 hover:bg-gray-100">Signer les\n                                        actes</a>\n                                    <hr class="my-1">\n                                    <a href="/actes/repertoire"\n                                        class="block px-4 py-2 text-sm text-gray-700 hover:bg-gray-100">R\xc3\xa9pertoire\n                                        Notarial</a>\n                                </div>\n                            </div>\n\n                            \n                            \n                        </div>\n                    </div>\n\n                    <div class="hidden sm:ml-6 sm:flex sm:items-center">\n                        <div class="relative ml-3">\n                            <div class="flex items-center gap-4">\n                                <a href="/users/profile"\n                                    class="text-sm font-medium text-gray-700 hover:text-indigo-600">\n                                    admin\n                                </a>\n                                <a href="/auth/logout"\n                                    class="rounded-md bg-white px-3 py-2 text-sm font-semibold text-gray-900 shadow-sm ring-1 ring-inset ring-gray-300 hover:bg-gray-50">\n                                    Se d\xc3\xa9connecter\n                                </a>\n                            </div>\n                        </div>\n                    </div>\n\n                    <!-- Mobile menu button -->\n                    <div class="-mr-2 flex items-center sm:hidden">\n                        <button type="button" @click="mobileMenuOpen = !mobileMenuOpen"\n                            class="inline-flex items-center justify-center rounded-md p-2 text-gray-400 hover:bg-gray-100 hover:text-gray-500 focus:outline-none focus:ring-2 focus:ring-inset focus:ring-indigo-500">\n                            <span class="sr-only">Open main menu</span>\n                            <svg class="h-6 w-6" fill="none" viewBox="0 0 24 24" stroke-width="1.5"\n                                stroke="currentColor" aria-hidden="true">\n                                <path stroke-linecap="round" stroke-linejoin="round"\n                                    d="M3.75 6.75h16.5M3.75 12h16.5m-16.5 5.25h16.5" />\n                            </svg>\n                        </button>\n                    </div>\n                </div>\n            </div>\n\n            <!-- Mobile menu -->\n            <div class="sm:hidden" id="mobile-menu" x-show="mobileMenuOpen" x-cloak>\n                <div class="space-y-1 pb-3 pt-2">\n                    \n                    \n                    \n                    <a href="/index"\n                        class="block border-l-4 py-2 pl-3 pr-4 text-base font-medium border-transparent text-gray-500 hover:border-gray-300 hover:bg-gray-50 hover:text-gray-700">\n                        Accueil\n                    </a>\n                    \n                    \n                    <a href="/clients"\n                        class="block border-l-4 py-2 pl-3 pr-4 text-base font-medium border-transparent text-gray-500 hover:border-gray-300 hover:bg-gray-50 hover:text-gray-700">\n                        Clients\n                    </a>\n                    \n                    \n                    <a href="/dossiers/"\n                        class="block border-l-4 py-2 pl-3 pr-4 text-base font-medium border-transparent text-gray-500 hover:border-gray-300 hover:bg-gray-50 hover:text-gray-700">\n                        Dossiers\n                    </a>\n                    \n                    \n                    <a href="/formalites/"\n                        class="block border-l-4 py-2 pl-3 pr-4 text-base font-medium border-transparent text-gray-500 hover:border-gray-300 hover:bg-gray-50 hover:text-gray-700">\n                        Formalit\xc3\xa9s\n                    </a>\n                    \n                    \n                    <a href="/comptabilite/"\n                        class="block border-l-4 py-2 pl-3 pr-4 text-base font-medium border-transparent text-gray-500 hover:border-gray-300 hover:bg-gray-50 hover:text-gray-700">\n                        Comptabilit\xc3\xa9\n                    </a>\n                    \n                    \n                    <a href="/dossiers/archives"\n                        class="block border-l-4 py-2 pl-3 pr-4 text-base font-medium border-transparent text-gray-500 hover:border-gray-300 hover:bg-gray-50 hover:text-gray-700">\n                        Archives\n                    </a>\n                    \n                    \n                    <a href="/users/"\n                        class="block border-l-4 py-2 pl-3 pr-4 text-base font-medium border-transparent text-gray-500 hover:border-gray-300 hover:bg-gray-50 hover:text-gray-700">\n                        Utilisateurs\n                    </a>\n                    \n                    \n                    <a href="/users/parametres"\n                        class="block border-l-4 py-2 pl-3 pr-4 text-base font-medium border-transparent text-gray-500 hover:border-gray-300 hover:bg-gray-50 hover:text-gray-700">\n                        \xe2\x9a\x99 Param\xc3\xa8tres\n                    </a>\n                    \n                    \n                    <a href="/help"\n                        class="block border-l-4 py-2 pl-3 pr-4 text-base font-medium border-transparent text-gray-500 hover:border-gray-300 hover:bg-gray-50 hover:text-gray-700">\n                        Aide\n                    </a>\n                    \n\n                    <!-- Actes Submenu for Mobile -->\n                    <div class="border-t border-gray-200 mt-2 pt-2">\n                        <div class="px-3 py-2 text-xs font-semibold text-gray-400 uppercase tracking-wider">Gestion des\n                            Actes</div>\n                        <a href="/actes/types"\n                            class="block py-2 pl-6 pr-4 text-base font-medium text-gray-500 hover:bg-gray-50 hover:text-gray-700">G\xc3\xa9rer\n                            les types d\'actes</a>\n                        <a href="/actes/templates"\n                            class="block py-2 pl-6 pr-4 text-base font-medium text-gray-500 hover:bg-gray-50 hover:text-gray-700">G\xc3\xa9rer\n                            les mod\xc3\xa8les d\'acte</a>\n                        <a href="/actes/review"\n                            class="block py-2 pl-6 pr-4 text-base font-medium text-gray-500 hover:bg-gray-50 hover:text-gray-700">Signer\n                            les actes</a>\n                        <a href="/actes/repertoire"\n                            class="block py-2 pl-6 pr-4 text-base font-medium text-gray-500 hover:bg-gray-50 hover:text-gray-700">R\xc3\xa9pertoire\n                            Notarial</a>\n                    </div>\n\n                    \n                    \n                    <div class="border-t border-gray-200 pt-4 pb-3">\n                        <div class="flex items-center px-4">\n                            <div class="flex-shrink-0">\n                                <a href="/users/profile">\n                                    <div\n                                        class="h-8 w-8 rounded-full bg-gray-200 flex items-center justify-center text-gray-500">\n                                        A\n                                    </div>\n                                </a>\n                            </div>\n                            <div class="ml-3">\n                                <div class="text-base font-medium text-gray-800">admin</div>\n                                <div class="text-sm font-medium text-gray-500">admin@example.com</div>\n                            </div>\n                        </div>\n                        <div class="mt-3 space-y-1">\n                            <a href="/users/profile"\n                                class="block px-4 py-2 text-base font-medium text-gray-500 hover:bg-gray-100 hover:text-gray-800">Mon\n                                Profil</a>\n                            <a href="/auth/logout"\n                                class="block px-4 py-2 text-base font-medium text-gray-500 hover:bg-gray-100 hover:text-gray-800">Se\n                                d\xc3\xa9connecter</a>\n                        </div>\n                    </div>\n                </div>\n            </div>\n        </nav>\n        \n\n        <!-- Flash Messages -->\n        \n        <div class="mx-auto max-w-7xl px-4 sm:px-6 lg:px-8 mt-4">\n            \n            \n            \n            \n            \n            \n            \n\n            <div class="rounded-md bg-red-50 text-red-700 ring-red-600/10 p-4 mb-4 ring-1 ring-inset">\n                <div class="flex">\n                    <div class="ml-3">\n                        <p class="text-sm font-medium">Erreur champ &#39;type_acte&#39;: Not a valid choice</p>\n                    </div>\n                    <div class="ml-auto pl-3">\n                        <div class="-mx-1.5 -my-1.5">\n                            <button type="button"\n                                onclick="this.parentElement.parentElement.parentElement.parentElement.remove()"\n                                class="inline-flex rounded-md p-1.5 focus:outline-none focus:ring-2 focus:ring-offset-2 hover:bg-red-50 text-red-700 ring-red-600/10">\n                                <span class="sr-only">Dismiss</span>\n                                <svg class="h-5 w-5" viewBox="0 0 20 20" fill="currentColor" aria-hidden="true">\n                                    <path\n                                        d="M6.28 5.22a.75.75 0 00-1.06 1.06L8.94 10l-3.72 3.72a.75.75 0 101.06 1.06L10 11.06l3.72 3.72a.75.75 0 101.06-1.06L11.06 10l3.72-3.72a.75.75 0 00-1.06-1.06L10 8.94 6.28 5.22z" />\n                                </svg>\n                            </button>\n                        </div>\n                    </div>\n                </div>\n            </div>\n            \n            \n            \n        </div>\n        \n\n        <!-- Main Content -->\n        <!-- Use h-full to allow content to grow, but min-h-screen calculation might be better elsewhere. \n             For now, standard layout is fine. -->\n        <main class="py-10">\n            <div class="mx-auto max-w-7xl px-4 sm:px-6 lg:px-8">\n                \n<div class="md:flex md:items-center md:justify-between mb-8">\n    <div class="min-w-0 flex-1">\n        <h2 class="text-2xl font-bold leading-7 text-gray-900 sm:truncate sm:text-3xl sm:tracking-tight">Nouveau Mod\xc3\xa8le\n        </h2>\n    </div>\n</div>\n\n<div class="grid grid-cols-1 gap-x-8 gap-y-8 md:grid-cols-3">\n    <!-- Main Form -->\n    <div class="bg-white shadow-sm ring-1 ring-gray-900/5 sm:rounded-xl md:col-span-2">\n        <form method="post" enctype="multipart/form-data" class="p-6 space-y-6">\n            \n\n            <div class="grid grid-cols-1 gap-x-6 gap-y-8 sm:grid-cols-6">\n                <!-- ... existing fields ... -->\n                <div class="sm:col-span-4">\n                    <label for="nom" class="block text-sm font-medium leading-6 text-gray-900"><label for="nom">Nom du Mod\xc3\xa8le</label></label>\n                    <div class="mt-2">\n                        <input class="block w-full rounded-md border-0 py-1.5 text-gray-900 shadow-sm ring-1\n                        ring-inset\n                        ring-gray-300 placeholder:text-gray-400 focus:ring-2 focus:ring-inset focus:ring-indigo-600\n                        sm:text-sm sm:leading-6" id="nom" name="nom" required type="text" value="Template Test">\n                    </div>\n                </div>\n\n                <div class="sm:col-span-2">\n                    <label for="type_acte" class="block text-sm font-medium leading-6 text-gray-900"><label for="type_acte">Type d&#39;Acte</label></label>\n                    <div class="mt-2">\n                        <select class="tom-select block w-full rounded-md border-0 py-1.5 text-gray-900\n                        shadow-sm ring-1\n                        ring-inset ring-gray-300 focus:ring-2 focus:ring-inset focus:ring-indigo-600 sm:text-sm\n                        sm:leading-6" id="type_acte" name="type_acte"></select>\n                    </div>\n                </div>\n\n                <div class="col-span-full">\n                    <label for="description" class="block text-sm font-medium leading-6 text-gray-900"><label for="description">Description</label></label>\n                    <div class="mt-2">\n                        <textarea class="block w-full rounded-md border-0 py-1.5 text-gray-900 shadow-sm\n                        ring-1\n                        ring-inset ring-gray-300 placeholder:text-gray-400 focus:ring-2 focus:ring-inset\n                        focus:ring-indigo-600 sm:text-sm sm:leading-6" id="description" name="description">\r\nDescription Test</textarea>\n                    </div>\n                </div>\n\n                <div class="col-span-full border-t pt-6">\n                    <h4 class="text-md font-semibold mb-4">Option A : Mod\xc3\xa8le Word (Recommand\xc3\xa9)</h4>\n                    <label for="docx_file" class="block text-sm font-medium leading-6 text-gray-900"><label for="docx_file">Fichier Word (.docx)</label></label>\n                    <div class="mt-2">\n                        <input class="block w-full text-sm text-gray-900 border border-gray-300 rounded-lg\n                        cursor-pointer bg-gray-50 focus:outline-none" id="docx_file" name="docx_file" type="file">\n                    </div>\n                    <p class="mt-1 text-xs text-gray-500">Uploadez un fichier .docx contenant des balises {{\n                        variables }}.</p>\n                </div>\n\n                <div class="col-span-full border-t pt-6">\n                    <h4 class="text-md font-semibold mb-4">Option B : Mod\xc3\xa8le Texte / Markdown</h4>\n                    <label for="contenu" class="block text-sm font-medium leading-6 text-gray-900">\n                        <label for="contenu">Contenu (Markdown &amp; Jinja2)</label>\n                    </label>\n                    <div class="mt-2">\n                        <textarea class="block w-full" id="contenu" name="contenu" rows="10">\r\n&lt;p&gt;Contenu Test {{ dossier.intitule }}&lt;/p&gt;</textarea>\n                    </div>\n                </div>\n            </div>\n\n            <div class="flex items-center justify-end gap-x-6">\n                <a href="/actes/templates"\n                    class="text-sm font-semibold leading-6 text-gray-900">Annuler</a>\n                <input class="rounded-md bg-indigo-600 px-3 py-2 text-sm font-semibold text-white shadow-sm\n                hover:bg-indigo-500 focus-visible:outline focus-visible:outline-2 focus-visible:outline-offset-2\n                focus-visible:outline-indigo-600 cursor-pointer" id="submit" name="submit" type="submit" value="Enregistrer">\n            </div>\n        </form>\n    </div>\n\n    <!-- Variable Helper Panel -->\n    <div class="space-y-6">\n        <div class="bg-white shadow-sm ring-1 ring-gray-900/5 sm:rounded-xl p-6">\n            <h3 class="text-sm font-semibold leading-6 text-gray-900 border-b pb-2 mb-4">Aide aux Variables</h3>\n            <p class="text-xs text-gray-500 mb-4">Cliquez sur une variable pour l\'ins\xc3\xa9rer dans l\'\xc3\xa9diteur \xc3\xa0 l\'endroit du\n                curseur.</p>\n\n            <div class="space-y-4">\n                <div>\n                    <h4 class="text-xs font-bold text-gray-700 uppercase tracking-wider mb-2">Dossier</h4>\n                    <div class="flex flex-wrap gap-2">\n                        <span onclick="insertVar(\'{{ dossier.numero_dossier }}\')"\n                            class="variable-badge inline-flex items-center rounded-md bg-indigo-50 px-2 py-1 text-xs font-medium text-indigo-700 ring-1 ring-inset ring-indigo-700/10">N\xc2\xb0\n                            Dossier</span>\n                        <span onclick="insertVar(\'{{ dossier.intitule }}\')"\n                            class="variable-badge inline-flex items-center rounded-md bg-indigo-50 px-2 py-1 text-xs font-medium text-indigo-700 ring-1 ring-inset ring-indigo-700/10">Intitul\xc3\xa9</span>\n                        <span onclick="insertVar(\'{{ dossier.date_ouverture }}\')"\n                            class="variable-badge inline-flex items-center rounded-md bg-indigo-50 px-2 py-1 text-xs font-medium text-indigo-700 ring-1 ring-inset ring-indigo-700/10">Date\n                            Ouverture</span>\n                    </div>\n                </div>\n\n                <div>\n                    <h4 class="text-xs font-bold text-gray-700 uppercase tracking-wider mb-2">Client (Principal)</h4>\n                    <div class="flex flex-wrap gap-2">\n                        <span onclick="insertVar(\'{{ client.nom }}\')"\n                            class="variable-badge inline-flex items-center rounded-md bg-green-50 px-2 py-1 text-xs font-medium text-green-700 ring-1 ring-inset ring-green-600/20">Nom</span>\n                        <span onclick="insertVar(\'{{ client.prenom }}\')"\n                            class="variable-badge inline-flex items-center rounded-md bg-green-50 px-2 py-1 text-xs font-medium text-green-700 ring-1 ring-inset ring-green-600/20">Pr\xc3\xa9nom</span>\n                        <span onclick="insertVar(\'{{ client.adresse }}\')"\n                            class="variable-badge inline-flex items-center rounded-md bg-green-50 px-2 py-1 text-xs font-medium text-green-700 ring-1 ring-inset ring-green-600/20">Adresse</span>\n                    </div>\n                </div>\n\n                <div>\n                    <h4 class="text-xs font-bold text-gray-700 uppercase tracking-wider mb-2">Vendeur / Acheteur</h4>\n                    <div class="flex flex-wrap gap-2">\n                        <span onclick="insertVar(\'{{ vendeur.nom }}\')"\n                            class="variable-badge inline-flex items-center rounded-md bg-blue-50 px-2 py-1 text-xs font-medium text-blue-700 ring-1 ring-inset ring-blue-700/10">Vendeur\n                            Nom</span>\n                        <span onclick="insertVar(\'{{ acheteur.nom }}\')"\n                            class="variable-badge inline-flex items-center rounded-md bg-blue-50 px-2 py-1 text-xs font-medium text-blue-700 ring-1 ring-inset ring-blue-700/10">Acheteur\n                            Nom</span>\n                    </div>\n                </div>\n\n                <div>\n                    <h4 class="text-xs font-bold text-gray-700 uppercase tracking-wider mb-2">G\xc3\xa9n\xc3\xa9ral</h4>\n                    <div class="flex flex-wrap gap-2">\n                        <span onclick="insertVar(\'{{ date }}\')"\n                            class="variable-badge inline-flex items-center rounded-md bg-orange-50 px-2 py-1 text-xs font-medium text-orange-700 ring-1 ring-inset ring-orange-700/10">Date\n                            du jour</span>\n                        <span onclick="insertVar(\'{{ now.year }}\')"\n                            class="variable-badge inline-flex items-center rounded-md bg-orange-50 px-2 py-1 text-xs font-medium text-orange-700 ring-1 ring-inset ring-orange-700/10">Ann\xc3\xa9e</span>\n                    </div>\n                </div>\n\n                <div class="pt-4 border-t border-gray-100">\n                    <h4 class="text-xs font-bold text-gray-700 uppercase tracking-wider mb-2">Formatage Rapide</h4>\n                    <div class="flex flex-wrap gap-2">\n                        <button type="button" onclick="easyMDE.toggleBold()"\n                            class="p-1 hover:bg-gray-100 rounded"><b>B</b></button>\n                        <button type="button" onclick="easyMDE.toggleItalic()"\n                            class="p-1 hover:bg-gray-100 rounded"><i>I</i></button>\n                        <button type="button" onclick="easyMDE.drawTable()"\n                            class="p-1 hover:bg-gray-100 rounded">Table</button>\n                    </div>\n                </div>\n            </div>\n        </div>\n    </div>\n</div>\n\n            </div>\n        </main>\n\n        \n        <footer class="bg-white">\n            <div class="mx-auto max-w-7xl px-6 py-4 md:flex md:items-center md:justify-between lg:px-8">\n                <div class="mt-8 md:order-1 md:mt-0">\n                    <p class="text-center text-xs leading-5 text-gray-500">&copy; 2026\n                        AGEN-OHADA. Tous droits r\xc3\xa9serv\xc3\xa9s. v1.1.0</p>\n                </div>\n            </div>\n        </footer>\n        \n    </div>\n    \n<!-- EasyMDE JS -->\n<script src="https://unpkg.com/easymde/dist/easymde.min.js"></script>\n<script>\n    const easyMDE = new EasyMDE({\n        element: document.getElementById(\'contenu\'),\n        spellChecker: false,\n        forceSync: true, // Force sync with textarea\n        autosave: {\n            enabled: true,\n            uniqueId: "act_template_new",\n            delay: 1000,\n        },\n        renderingConfig: {\n            singleLineBreaks: false,\n            codeSyntaxHighlighting: true,\n        },\n        toolbar: ["bold", "italic", "heading", "|", "quote", "unordered-list", "ordered-list", "|", "link", "table", "horizontal-rule", "|", "preview", "side-by-side", "fullscreen", "|", "guide"],\n        placeholder: "R\xc3\xa9digez votre mod\xc3\xa8le ici...",\n        minHeight: "400px"\n    });\n\n    // Manual sync before submission and debug log\n    document.querySelector(\'form\').addEventListener(\'submit\', function (e) {\n        console.log(\'Form submission triggered\');\n        easyMDE.save(); // Manual sync\n        console.log(\'Textarea content:\', document.getElementById(\'contenu\').value);\n    });\n\n    function insertVar(variable) {\n        var cm = easyMDE.codemirror;\n        var cursor = cm.getCursor();\n        cm.replaceRange(variable, cursor);\n        cm.focus();\n    }\n</script>\n\n\n    <!-- Tom Select JS -->\n    <script src="https://cdn.jsdelivr.net/npm/tom-select@2.2.2/dist/js/tom-select.complete.min.js"></script>\n    <script>\n        // Automatic initialization for elements with class \'tom-select\'\n        document.addEventListener(\'DOMContentLoaded\', function () {\n            document.querySelectorAll(\'.tom-select\').forEach(function (el) {\n                new TomSelect(el, {\n                    create: false,\n                    sortField: {\n                        field: "text",\n                        direction: "asc"\n                    }\n                });\n            });\n        });\n    </script>\n</body>\n\n</html>' or b'avec success' in b'<!DOCTYPE html>\n<html lang="fr" class="h-full bg-gray-50">\n\n<head>\n    <meta charset="UTF-8">\n    <meta name="viewport" content="width=device-width, initial-scale=1.0">\n    <title>Nouveau Mod\xc3\xa8le - AGEN-OHADA</title>\n    <script src="https://cdn.tailwindcss.com"></script>\n    <link rel="stylesheet" href="https://unpkg.com/easymde/dist/easymde.min.css">\n\n    <!-- Tom Select -->\n    <link href="https://cdn.jsdelivr.net/npm/tom-select@2.2.2/dist/css/tom-select.css" rel="stylesheet">\n    <script src="https://cdn.jsdelivr.net/npm/tom-select@2.2.2/dist/js/tom-select.min.js"></script>\n\n    <link href="https://fonts.googleapis.com/css2?family=Inter:wght@300;400;500;600;700&display=swap" rel="stylesheet">\n    <script defer src="https://cdn.jsdelivr.net/npm/alpinejs@3.x.x/dist/cdn.min.js"></script>\n    <style>\n        body {\n            font-family: \'Inter\', sans-serif;\n        }\n\n        [x-cloak] {\n            display: none !important;\n        }\n\n        /* Basic Markdown Styling */\n        .prose h1 {\n            font-size: 2.25rem;\n            font-weight: 700;\n            margin-top: 1.5rem;\n            margin-bottom: 1rem;\n        }\n\n        .prose h2 {\n            font-size: 1.875rem;\n            font-weight: 600;\n            margin-top: 1.25rem;\n            margin-bottom: 0.75rem;\n            border-bottom: 1px solid #e5e7eb;\n            padding-bottom: 0.25rem;\n        }\n\n        .prose h3 {\n            font-size: 1.5rem;\n            font-weight: 600;\n            margin-top: 1rem;\n            margin-bottom: 0.5rem;\n        }\n\n        .prose p {\n            margin-bottom: 1rem;\n            line-height: 1.6;\n        }\n\n        .prose ul {\n            list-style-type: disc;\n            margin-left: 1.5rem;\n            margin-bottom: 1rem;\n        }\n\n        .prose ol {\n            list-style-type: decimal;\n            margin-left: 1.5rem;\n            margin-bottom: 1rem;\n        }\n\n        .prose table {\n            width: 100%;\n            border-collapse: collapse;\n            margin-bottom: 1rem;\n        }\n\n        .prose th,\n        .prose td {\n            border: 1px solid #e5e7eb;\n            padding: 0.5rem;\n            text-align: left;\n        }\n\n        .prose th {\n            background-color: #f9fafb;\n        }\n    </style>\n    \n<!-- EasyMDE CSS -->\n<link rel="stylesheet" href="https://unpkg.com/easymde/dist/easymde.min.css">\n<style>\n    .editor-toolbar {\n        border-color: #e5e7eb;\n        background: #f9fafb;\n    }\n\n    .CodeMirror {\n        border-color: #e5e7eb;\n        font-family: ui-monospace, SFMono-Regular, Menlo, Monaco, Consolas, "Liberation Mono", "Courier New", monospace;\n    }\n\n    .variable-badge {\n        cursor: pointer;\n        transition: all 0.2s;\n    }\n\n    .variable-badge:hover {\n        background-color: #e0e7ff;\n        color: #4338ca;\n        transform: translateY(-1px);\n    }\n</style>\n\n</head>\n\n<body class="h-full">\n    <div class="min-h-full" x-data="{ mobileMenuOpen: false }">\n        <!-- Navigation -->\n        \n        \n\n        \n\n        \n        \n\n        \n        \n        \n        \n\n        \n\n        <nav class="bg-white shadow">\n            <div class="mx-auto max-w-7xl px-4 sm:px-6 lg:px-8">\n                <div class="flex h-16 justify-between">\n                    <div class="flex">\n                        <div class="flex flex-shrink-0 items-center">\n                            <span class="text-xl font-bold text-indigo-600">AGEN-OHADA</span>\n                        </div>\n                        <div class="hidden sm:ml-6 sm:flex sm:space-x-8">\n\n                            \n                            \n                            \n\n                            \n                            \n                            \n                            \n                            \n                            \n                            \n                            \n                            \n                            \n                            \n                            \n                            \n                            \n                            \n                            \n                            \n                            \n                            \n                            \n                            \n                            \n                            \n                            \n                            \n                            \n                            \n                            \n                            \n                            \n                            \n                            \n                            \n                            \n                            \n                            \n                            \n                            \n                            \n                            \n                            \n                            \n                            \n                            \n                            \n                            \n\n                            \n                            \n                            \n                            <a href="/index"\n                                class="inline-flex items-center px-1 pt-1 border-b-2 text-sm font-medium border-transparent text-gray-500 hover:border-gray-300 hover:text-gray-700">\n                                Accueil\n                            </a>\n                            \n                            \n                            <a href="/clients"\n                                class="inline-flex items-center px-1 pt-1 border-b-2 text-sm font-medium border-transparent text-gray-500 hover:border-gray-300 hover:text-gray-700">\n                                Clients\n                            </a>\n                            \n                            \n                            <a href="/dossiers/"\n                                class="inline-flex items-center px-1 pt-1 border-b-2 text-sm font-medium border-transparent text-gray-500 hover:border-gray-300 hover:text-gray-700">\n                                Dossiers\n                            </a>\n                            \n                            \n                            <a href="/formalites/"\n                                class="inline-flex items-center px-1 pt-1 border-b-2 text-sm font-medium border-transparent text-gray-500 hover:border-gray-300 hover:text-gray-700">\n                                Formalit\xc3\xa9s\n                            </a>\n                            \n                            \n                            <a href="/comptabilite/"\n                                class="inline-flex items-center px-1 pt-1 border-b-2 text-sm font-medium border-transparent text-gray-500 hover:border-gray-300 hover:text-gray-700">\n                                Comptabilit\xc3\xa9\n                            </a>\n                            \n                            \n                            <a href="/dossiers/archives"\n                                class="inline-flex items-center px-1 pt-1 border-b-2 text-sm font-medium border-transparent text-gray-500 hover:border-gray-300 hover:text-gray-700">\n                                Archives\n                            </a>\n                            \n                            \n                            <a href="/users/"\n                                class="inline-flex items-center px-1 pt-1 border-b-2 text-sm font-medium border-transparent text-gray-500 hover:border-gray-300 hover:text-gray-700">\n                                Utilisateurs\n                            </a>\n                            \n                            \n                            <a href="/users/parametres"\n                                class="inline-flex items-center px-1 pt-1 border-b-2 text-sm font-medium border-transparent text-gray-500 hover:border-gray-300 hover:text-gray-700">\n                                \xe2\x9a\x99 Param\xc3\xa8tres\n                            </a>\n                            \n                            \n                            <a href="/help"\n                                class="inline-flex items-center px-1 pt-1 border-b-2 text-sm font-medium border-transparent text-gray-500 hover:border-gray-300 hover:text-gray-700">\n                                Aide\n                            </a>\n                            \n\n                            <!-- Dropdown Actes -->\n                            <div class="relative inline-flex items-center" x-data="{ open: false }">\n                                <button type="button" @click="open = !open" @click.away="open = false"\n                                    class="inline-flex items-center px-1 pt-1 border-b-2 text-sm font-medium border-transparent text-gray-500 hover:border-gray-300 hover:text-gray-700">\n                                    <span>Actes</span>\n                                    <svg class="ml-2 h-5 w-5" viewBox="0 0 20 20" fill="currentColor">\n                                        <path fill-rule="evenodd"\n                                            d="M5.293 7.293a1 1 0 011.414 0L10 10.586l3.293-3.293a1 1 0 111.414 1.414l-4 4a1 1 0 01-1.414 0l-4-4a1 1 0 010-1.414z"\n                                            clip-rule="evenodd" />\n                                    </svg>\n                                </button>\n                                <div x-show="open" x-transition:enter="transition ease-out duration-200"\n                                    x-transition:enter-start="opacity-0 scale-95"\n                                    x-transition:enter-end="opacity-100 scale-100"\n                                    x-transition:leave="transition ease-in duration-75"\n                                    x-transition:leave-start="opacity-100 scale-100"\n                                    x-transition:leave-end="opacity-0 scale-95"\n                                    class="absolute left-0 top-full z-10 mt-2 w-48 origin-top-left rounded-md bg-white py-1 shadow-lg ring-1 ring-black ring-opacity-5 focus:outline-none"\n                                    style="display: none;">\n                                    <a href="/actes/types"\n                                        class="block px-4 py-2 text-sm text-gray-700 hover:bg-gray-100">G\xc3\xa9rer les types\n                                        d\'actes</a>\n                                    <a href="/actes/templates"\n                                        class="block px-4 py-2 text-sm text-gray-700 hover:bg-gray-100">G\xc3\xa9rer les\n                                        mod\xc3\xa8les d\'acte</a>\n                                    <a href="/actes/review"\n                                        class="block px-4 py-2 text-sm text-gray-700 hover:bg-gray-100">Signer les\n                                        actes</a>\n                                    <hr class="my-1">\n                                    <a href="/actes/repertoire"\n                                        class="block px-4 py-2 text-sm text-gray-700 hover:bg-gray-100">R\xc3\xa9pertoire\n                                        Notarial</a>\n                                </div>\n                            </div>\n\n                            \n                            \n                        </div>\n                    </div>\n\n                    <div class="hidden sm:ml-6 sm:flex sm:items-center">\n                        <div class="relative ml-3">\n                            <div class="flex items-center gap-4">\n                                <a href="/users/profile"\n                                    class="text-sm font-medium text-gray-700 hover:text-indigo-600">\n                                    admin\n                                </a>\n                                <a href="/auth/logout"\n                                    class="rounded-md bg-white px-3 py-2 text-sm font-semibold text-gray-900 shadow-sm ring-1 ring-inset ring-gray-300 hover:bg-gray-50">\n                                    Se d\xc3\xa9connecter\n                                </a>\n                            </div>\n                        </div>\n                    </div>\n\n                    <!-- Mobile menu button -->\n                    <div class="-mr-2 flex items-center sm:hidden">\n                        <button type="button" @click="mobileMenuOpen = !mobileMenuOpen"\n                            class="inline-flex items-center justify-center rounded-md p-2 text-gray-400 hover:bg-gray-100 hover:text-gray-500 focus:outline-none focus:ring-2 focus:ring-inset focus:ring-indigo-500">\n                            <span class="sr-only">Open main menu</span>\n                            <svg class="h-6 w-6" fill="none" viewBox="0 0 24 24" stroke-width="1.5"\n                                stroke="currentColor" aria-hidden="true">\n                                <path stroke-linecap="round" stroke-linejoin="round"\n                                    d="M3.75 6.75h16.5M3.75 12h16.5m-16.5 5.25h16.5" />\n                            </svg>\n                        </button>\n                    </div>\n                </div>\n            </div>\n\n            <!-- Mobile menu -->\n            <div class="sm:hidden" id="mobile-menu" x-show="mobileMenuOpen" x-cloak>\n                <div class="space-y-1 pb-3 pt-2">\n                    \n                    \n                    \n                    <a href="/index"\n                        class="block border-l-4 py-2 pl-3 pr-4 text-base font-medium border-transparent text-gray-500 hover:border-gray-300 hover:bg-gray-50 hover:text-gray-700">\n                        Accueil\n                    </a>\n                    \n                    \n                    <a href="/clients"\n                        class="block border-l-4 py-2 pl-3 pr-4 text-base font-medium border-transparent text-gray-500 hover:border-gray-300 hover:bg-gray-50 hover:text-gray-700">\n                        Clients\n                    </a>\n                    \n                    \n                    <a href="/dossiers/"\n                        class="block border-l-4 py-2 pl-3 pr-4 text-base font-medium border-transparent text-gray-500 hover:border-gray-300 hover:bg-gray-50 hover:text-gray-700">\n                        Dossiers\n                    </a>\n                    \n                    \n                    <a href="/formalites/"\n                        class="block border-l-4 py-2 pl-3 pr-4 text-base font-medium border-transparent text-gray-500 hover:border-gray-300 hover:bg-gray-50 hover:text-gray-700">\n                        Formalit\xc3\xa9s\n                    </a>\n                    \n                    \n                    <a href="/comptabilite/"\n                        class="block border-l-4 py-2 pl-3 pr-4 text-base font-medium border-transparent text-gray-500 hover:border-gray-300 hover:bg-gray-50 hover:text-gray-700">\n                        Comptabilit\xc3\xa9\n                    </a>\n                    \n                    \n                    <a href="/dossiers/archives"\n                        class="block border-l-4 py-2 pl-3 pr-4 text-base font-medium border-transparent text-gray-500 hover:border-gray-300 hover:bg-gray-50 hover:text-gray-700">\n                        Archives\n                    </a>\n                    \n                    \n                    <a href="/users/"\n                        class="block border-l-4 py-2 pl-3 pr-4 text-base font-medium border-transparent text-gray-500 hover:border-gray-300 hover:bg-gray-50 hover:text-gray-700">\n                        Utilisateurs\n                    </a>\n                    \n                    \n                    <a href="/users/parametres"\n                        class="block border-l-4 py-2 pl-3 pr-4 text-base font-medium border-transparent text-gray-500 hover:border-gray-300 hover:bg-gray-50 hover:text-gray-700">\n                        \xe2\x9a\x99 Param\xc3\xa8tres\n                    </a>\n                    \n                    \n                    <a href="/help"\n                        class="block border-l-4 py-2 pl-3 pr-4 text-base font-medium border-transparent text-gray-500 hover:border-gray-300 hover:bg-gray-50 hover:text-gray-700">\n                        Aide\n                    </a>\n                    \n\n                    <!-- Actes Submenu for Mobile -->\n                    <div class="border-t border-gray-200 mt-2 pt-2">\n                        <div class="px-3 py-2 text-xs font-semibold text-gray-400 uppercase tracking-wider">Gestion des\n                            Actes</div>\n                        <a href="/actes/types"\n                            class="block py-2 pl-6 pr-4 text-base font-medium text-gray-500 hover:bg-gray-50 hover:text-gray-700">G\xc3\xa9rer\n                            les types d\'actes</a>\n                        <a href="/actes/templates"\n                            class="block py-2 pl-6 pr-4 text-base font-medium text-gray-500 hover:bg-gray-50 hover:text-gray-700">G\xc3\xa9rer\n                            les mod\xc3\xa8les d\'acte</a>\n                        <a href="/actes/review"\n                            class="block py-2 pl-6 pr-4 text-base font-medium text-gray-500 hover:bg-gray-50 hover:text-gray-700">Signer\n                            les actes</a>\n                        <a href="/actes/repertoire"\n                            class="block py-2 pl-6 pr-4 text-base font-medium text-gray-500 hover:bg-gray-50 hover:text-gray-700">R\xc3\xa9pertoire\n                            Notarial</a>\n                    </div>\n\n                    \n                    \n                    <div class="border-t border-gray-200 pt-4 pb-3">\n                        <div class="flex items-center px-4">\n                            <div class="flex-shrink-0">\n                                <a href="/users/profile">\n                                    <div\n                                        class="h-8 w-8 rounded-full bg-gray-200 flex items-center justify-center text-gray-500">\n                                        A\n                                    </div>\n                                </a>\n                            </div>\n                            <div class="ml-3">\n                                <div class="text-base font-medium text-gray-800">admin</div>\n                                <div class="text-sm font-medium text-gray-500">admin@example.com</div>\n                            </div>\n                        </div>\n                        <div class="mt-3 space-y-1">\n                            <a href="/users/profile"\n                                class="block px-4 py-2 text-base font-medium text-gray-500 hover:bg-gray-100 hover:text-gray-800">Mon\n                                Profil</a>\n                            <a href="/auth/logout"\n                                class="block px-4 py-2 text-base font-medium text-gray-500 hover:bg-gray-100 hover:text-gray-800">Se\n                                d\xc3\xa9connecter</a>\n                        </div>\n                    </div>\n                </div>\n            </div>\n        </nav>\n        \n\n        <!-- Flash Messages -->\n        \n        <div class="mx-auto max-w-7xl px-4 sm:px-6 lg:px-8 mt-4">\n            \n            \n            \n            \n            \n            \n            \n\n            <div class="rounded-md bg-red-50 text-red-700 ring-red-600/10 p-4 mb-4 ring-1 ring-inset">\n                <div class="flex">\n                    <div class="ml-3">\n                        <p class="text-sm font-medium">Erreur champ &#39;type_acte&#39;: Not a valid choice</p>\n                    </div>\n                    <div class="ml-auto pl-3">\n                        <div class="-mx-1.5 -my-1.5">\n                            <button type="button"\n                                onclick="this.parentElement.parentElement.parentElement.parentElement.remove()"\n                                class="inline-flex rounded-md p-1.5 focus:outline-none focus:ring-2 focus:ring-offset-2 hover:bg-red-50 text-red-700 ring-red-600/10">\n                                <span class="sr-only">Dismiss</span>\n                                <svg class="h-5 w-5" viewBox="0 0 20 20" fill="currentColor" aria-hidden="true">\n                                    <path\n                                        d="M6.28 5.22a.75.75 0 00-1.06 1.06L8.94 10l-3.72 3.72a.75.75 0 101.06 1.06L10 11.06l3.72 3.72a.75.75 0 101.06-1.06L11.06 10l3.72-3.72a.75.75 0 00-1.06-1.06L10 8.94 6.28 5.22z" />\n                                </svg>\n                            </button>\n                        </div>\n                    </div>\n                </div>\n            </div>\n            \n            \n            \n        </div>\n        \n\n        <!-- Main Content -->\n        <!-- Use h-full to allow content to grow, but min-h-screen calculation might be better elsewhere. \n             For now, standard layout is fine. -->\n        <main class="py-10">\n            <div class="mx-auto max-w-7xl px-4 sm:px-6 lg:px-8">\n                \n<div class="md:flex md:items-center md:justify-between mb-8">\n    <div class="min-w-0 flex-1">\n        <h2 class="text-2xl font-bold leading-7 text-gray-900 sm:truncate sm:text-3xl sm:tracking-tight">Nouveau Mod\xc3\xa8le\n        </h2>\n    </div>\n</div>\n\n<div class="grid grid-cols-1 gap-x-8 gap-y-8 md:grid-cols-3">\n    <!-- Main Form -->\n    <div class="bg-white shadow-sm ring-1 ring-gray-900/5 sm:rounded-xl md:col-span-2">\n        <form method="post" enctype="multipart/form-data" class="p-6 space-y-6">\n            \n\n            <div class="grid grid-cols-1 gap-x-6 gap-y-8 sm:grid-cols-6">\n                <!-- ... existing fields ... -->\n                <div class="sm:col-span-4">\n                    <label for="nom" class="block text-sm font-medium leading-6 text-gray-900"><label for="nom">Nom du Mod\xc3\xa8le</label></label>\n                    <div class="mt-2">\n                        <input class="block w-full rounded-md border-0 py-1.5 text-gray-900 shadow-sm ring-1\n                        ring-inset\n                        ring-gray-300 placeholder:text-gray-400 focus:ring-2 focus:ring-inset focus:ring-indigo-600\n                        sm:text-sm sm:leading-6" id="nom" name="nom" required type="text" value="Template Test">\n                    </div>\n                </div>\n\n                <div class="sm:col-span-2">\n                    <label for="type_acte" class="block text-sm font-medium leading-6 text-gray-900"><label for="type_acte">Type d&#39;Acte</label></label>\n                    <div class="mt-2">\n                        <select class="tom-select block w-full rounded-md border-0 py-1.5 text-gray-900\n                        shadow-sm ring-1\n                        ring-inset ring-gray-300 focus:ring-2 focus:ring-inset focus:ring-indigo-600 sm:text-sm\n                        sm:leading-6" id="type_acte" name="type_acte"></select>\n                    </div>\n                </div>\n\n                <div class="col-span-full">\n                    <label for="description" class="block text-sm font-medium leading-6 text-gray-900"><label for="description">Description</label></label>\n                    <div class="mt-2">\n                        <textarea class="block w-full rounded-md border-0 py-1.5 text-gray-900 shadow-sm\n                        ring-1\n                        ring-inset ring-gray-300 placeholder:text-gray-400 focus:ring-2 focus:ring-inset\n                        focus:ring-indigo-600 sm:text-sm sm:leading-6" id="description" name="description">\r\nDescription Test</textarea>\n                    </div>\n                </div>\n\n                <div class="col-span-full border-t pt-6">\n                    <h4 class="text-md font-semibold mb-4">Option A : Mod\xc3\xa8le Word (Recommand\xc3\xa9)</h4>\n                    <label for="docx_file" class="block text-sm font-medium leading-6 text-gray-900"><label for="docx_file">Fichier Word (.docx)</label></label>\n                    <div class="mt-2">\n                        <input class="block w-full text-sm text-gray-900 border border-gray-300 rounded-lg\n                        cursor-pointer bg-gray-50 focus:outline-none" id="docx_file" name="docx_file" type="file">\n                    </div>\n                    <p class="mt-1 text-xs text-gray-500">Uploadez un fichier .docx contenant des balises {{\n                        variables }}.</p>\n                </div>\n\n                <div class="col-span-full border-t pt-6">\n                    <h4 class="text-md font-semibold mb-4">Option B : Mod\xc3\xa8le Texte / Markdown</h4>\n                    <label for="contenu" class="block text-sm font-medium leading-6 text-gray-900">\n                        <label for="contenu">Contenu (Markdown &amp; Jinja2)</label>\n                    </label>\n                    <div class="mt-2">\n                        <textarea class="block w-full" id="contenu" name="contenu" rows="10">\r\n&lt;p&gt;Contenu Test {{ dossier.intitule }}&lt;/p&gt;</textarea>\n                    </div>\n                </div>\n            </div>\n\n            <div class="flex items-center justify-end gap-x-6">\n                <a href="/actes/templates"\n                    class="text-sm font-semibold leading-6 text-gray-900">Annuler</a>\n                <input class="rounded-md bg-indigo-600 px-3 py-2 text-sm font-semibold text-white shadow-sm\n                hover:bg-indigo-500 focus-visible:outline focus-visible:outline-2 focus-visible:outline-offset-2\n                focus-visible:outline-indigo-600 cursor-pointer" id="submit" name="submit" type="submit" value="Enregistrer">\n            </div>\n        </form>\n    </div>\n\n    <!-- Variable Helper Panel -->\n    <div class="space-y-6">\n        <div class="bg-white shadow-sm ring-1 ring-gray-900/5 sm:rounded-xl p-6">\n            <h3 class="text-sm font-semibold leading-6 text-gray-900 border-b pb-2 mb-4">Aide aux Variables</h3>\n            <p class="text-xs text-gray-500 mb-4">Cliquez sur une variable pour l\'ins\xc3\xa9rer dans l\'\xc3\xa9diteur \xc3\xa0 l\'endroit du\n                curseur.</p>\n\n            <div class="space-y-4">\n                <div>\n                    <h4 class="text-xs font-bold text-gray-700 uppercase tracking-wider mb-2">Dossier</h4>\n                    <div class="flex flex-wrap gap-2">\n                        <span onclick="insertVar(\'{{ dossier.numero_dossier }}\')"\n                            class="variable-badge inline-flex items-center rounded-md bg-indigo-50 px-2 py-1 text-xs font-medium text-indigo-700 ring-1 ring-inset ring-indigo-700/10">N\xc2\xb0\n                            Dossier</span>\n                        <span onclick="insertVar(\'{{ dossier.intitule }}\')"\n                            class="variable-badge inline-flex items-center rounded-md bg-indigo-50 px-2 py-1 text-xs font-medium text-indigo-700 ring-1 ring-inset ring-indigo-700/10">Intitul\xc3\xa9</span>\n                        <span onclick="insertVar(\'{{ dossier.date_ouverture }}\')"\n                            class="variable-badge inline-flex items-center rounded-md bg-indigo-50 px-2 py-1 text-xs font-medium text-indigo-700 ring-1 ring-inset ring-indigo-700/10">Date\n                            Ouverture</span>\n                    </div>\n                </div>\n\n                <div>\n                    <h4 class="text-xs font-bold text-gray-700 uppercase tracking-wider mb-2">Client (Principal)</h4>\n                    <div class="flex flex-wrap gap-2">\n                        <span onclick="insertVar(\'{{ client.nom }}\')"\n                            class="variable-badge inline-flex items-center rounded-md bg-green-50 px-2 py-1 text-xs font-medium text-green-700 ring-1 ring-inset ring-green-600/20">Nom</span>\n                        <span onclick="insertVar(\'{{ client.prenom }}\')"\n                            class="variable-badge inline-flex items-center rounded-md bg-green-50 px-2 py-1 text-xs font-medium text-green-700 ring-1 ring-inset ring-green-600/20">Pr\xc3\xa9nom</span>\n                        <span onclick="insertVar(\'{{ client.adresse }}\')"\n                            class="variable-badge inline-flex items-center rounded-md bg-green-50 px-2 py-1 text-xs font-medium text-green-700 ring-1 ring-inset ring-green-600/20">Adresse</span>\n                    </div>\n                </div>\n\n                <div>\n                    <h4 class="text-xs font-bold text-gray-700 uppercase tracking-wider mb-2">Vendeur / Acheteur</h4>\n                    <div class="flex flex-wrap gap-2">\n                        <span onclick="insertVar(\'{{ vendeur.nom }}\')"\n                            class="variable-badge inline-flex items-center rounded-md bg-blue-50 px-2 py-1 text-xs font-medium text-blue-700 ring-1 ring-inset ring-blue-700/10">Vendeur\n                            Nom</span>\n                        <span onclick="insertVar(\'{{ acheteur.nom }}\')"\n                            class="variable-badge inline-flex items-center rounded-md bg-blue-50 px-2 py-1 text-xs font-medium text-blue-700 ring-1 ring-inset ring-blue-700/10">Acheteur\n                            Nom</span>\n                    </div>\n                </div>\n\n                <div>\n                    <h4 class="text-xs font-bold text-gray-700 uppercase tracking-wider mb-2">G\xc3\xa9n\xc3\xa9ral</h4>\n                    <div class="flex flex-wrap gap-2">\n                        <span onclick="insertVar(\'{{ date }}\')"\n                            class="variable-badge inline-flex items-center rounded-md bg-orange-50 px-2 py-1 text-xs font-medium text-orange-700 ring-1 ring-inset ring-orange-700/10">Date\n                            du jour</span>\n                        <span onclick="insertVar(\'{{ now.year }}\')"\n                            class="variable-badge inline-flex items-center rounded-md bg-orange-50 px-2 py-1 text-xs font-medium text-orange-700 ring-1 ring-inset ring-orange-700/10">Ann\xc3\xa9e</span>\n                    </div>\n                </div>\n\n                <div class="pt-4 border-t border-gray-100">\n                    <h4 class="text-xs font-bold text-gray-700 uppercase tracking-wider mb-2">Formatage Rapide</h4>\n                    <div class="flex flex-wrap gap-2">\n                        <button type="button" onclick="easyMDE.toggleBold()"\n                            class="p-1 hover:bg-gray-100 rounded"><b>B</b></button>\n                        <button type="button" onclick="easyMDE.toggleItalic()"\n                            class="p-1 hover:bg-gray-100 rounded"><i>I</i></button>\n                        <button type="button" onclick="easyMDE.drawTable()"\n                            class="p-1 hover:bg-gray-100 rounded">Table</button>\n                    </div>\n                </div>\n            </div>\n        </div>\n    </div>\n</div>\n\n            </div>\n        </main>\n\n        \n        <footer class="bg-white">\n            <div class="mx-auto max-w-7xl px-6 py-4 md:flex md:items-center md:justify-between lg:px-8">\n                <div class="mt-8 md:order-1 md:mt-0">\n                    <p class="text-center text-xs leading-5 text-gray-500">&copy; 2026\n                        AGEN-OHADA. Tous droits r\xc3\xa9serv\xc3\xa9s. v1.1.0</p>\n                </div>\n            </div>\n        </footer>\n        \n    </div>\n    \n<!-- EasyMDE JS -->\n<script src="https://unpkg.com/easymde/dist/easymde.min.js"></script>\n<script>\n    const easyMDE = new EasyMDE({\n        element: document.getElementById(\'contenu\'),\n        spellChecker: false,\n        forceSync: true, // Force sync with textarea\n        autosave: {\n            enabled: true,\n            uniqueId: "act_template_new",\n            delay: 1000,\n        },\n        renderingConfig: {\n            singleLineBreaks: false,\n            codeSyntaxHighlighting: true,\n        },\n        toolbar: ["bold", "italic", "heading", "|", "quote", "unordered-list", "ordered-list", "|", "link", "table", "horizontal-rule", "|", "preview", "side-by-side", "fullscreen", "|", "guide"],\n        placeholder: "R\xc3\xa9digez votre mod\xc3\xa8le ici...",\n        minHeight: "400px"\n    });\n\n    // Manual sync before submission and debug log\n    document.querySelector(\'form\').addEventListener(\'submit\', function (e) {\n        console.log(\'Form submission triggered\');\n        easyMDE.save(); // Manual sync\n        console.log(\'Textarea content:\', document.getElementById(\'contenu\').value);\n    });\n\n    function insertVar(variable) {\n        var cm = easyMDE.codemirror;\n        var cursor = cm.getCursor();\n        cm.replaceRange(variable, cursor);\n        cm.focus();\n    }\n</script>\n\n\n    <!-- Tom Select JS -->\n    <script src="https://cdn.jsdelivr.net/npm/tom-select@2.2.2/dist/js/tom-select.complete.min.js"></script>\n    <script>\n        // Automatic initialization for elements with class \'tom-select\'\n        document.addEventListener(\'DOMContentLoaded\', function () {\n            document.querySelectorAll(\'.tom-select\').forEach(function (el) {\n                new TomSelect(el, {\n                    create: false,\n                    sortField: {\n                        field: "text",\n                        direction: "asc"\n                    }\n                });\n            });\n        });\n    </script>\n</body>\n\n</html>')
E        +  where b'<!DOCTYPE html>\n<html lang="fr" class="h-full bg-gray-50">\n\n<head>\n    <meta charset="UTF-8">\n    <meta name="viewport" content="width=device-width, initial-scale=1.0">\n    <title>Nouveau Mod\xc3\xa8le - AGEN-OHADA</title>\n    <script src="https://cdn.tailwindcss.com"></script>\n    <link rel="stylesheet" href="https://unpkg.com/easymde/dist/easymde.min.css">\n\n    <!-- Tom Select -->\n    <link href="https://cdn.jsdelivr.net/npm/tom-select@2.2.2/dist/css/tom-select.css" rel="stylesheet">\n    <script src="https://cdn.jsdelivr.net/npm/tom-select@2.2.2/dist/js/tom-select.min.js"></script>\n\n    <link href="https://fonts.googleapis.com/css2?family=Inter:wght@300;400;500;600;700&display=swap" rel="stylesheet">\n    <script defer src="https://cdn.jsdelivr.net/npm/alpinejs@3.x.x/dist/cdn.min.js"></script>\n    <style>\n        body {\n            font-family: \'Inter\', sans-serif;\n        }\n\n        [x-cloak] {\n            display: none !important;\n        }\n\n        /* Basic Markdown Styling */\n        .prose h1 {\n            font-size: 2.25rem;\n            font-weight: 700;\n            margin-top: 1.5rem;\n            margin-bottom: 1rem;\n        }\n\n        .prose h2 {\n            font-size: 1.875rem;\n            font-weight: 600;\n            margin-top: 1.25rem;\n            margin-bottom: 0.75rem;\n            border-bottom: 1px solid #e5e7eb;\n            padding-bottom: 0.25rem;\n        }\n\n        .prose h3 {\n            font-size: 1.5rem;\n            font-weight: 600;\n            margin-top: 1rem;\n            margin-bottom: 0.5rem;\n        }\n\n        .prose p {\n            margin-bottom: 1rem;\n            line-height: 1.6;\n        }\n\n        .prose ul {\n            list-style-type: disc;\n            margin-left: 1.5rem;\n            margin-bottom: 1rem;\n        }\n\n        .prose ol {\n            list-style-type: decimal;\n            margin-left: 1.5rem;\n            margin-bottom: 1rem;\n        }\n\n        .prose table {\n            width: 100%;\n            border-collapse: collapse;\n            margin-bottom: 1rem;\n        }\n\n        .prose th,\n        .prose td {\n            border: 1px solid #e5e7eb;\n            padding: 0.5rem;\n            text-align: left;\n        }\n\n        .prose th {\n            background-color: #f9fafb;\n        }\n    </style>\n    \n<!-- EasyMDE CSS -->\n<link rel="stylesheet" href="https://unpkg.com/easymde/dist/easymde.min.css">\n<style>\n    .editor-toolbar {\n        border-color: #e5e7eb;\n        background: #f9fafb;\n    }\n\n    .CodeMirror {\n        border-color: #e5e7eb;\n        font-family: ui-monospace, SFMono-Regular, Menlo, Monaco, Consolas, "Liberation Mono", "Courier New", monospace;\n    }\n\n    .variable-badge {\n        cursor: pointer;\n        transition: all 0.2s;\n    }\n\n    .variable-badge:hover {\n        background-color: #e0e7ff;\n        color: #4338ca;\n        transform: translateY(-1px);\n    }\n</style>\n\n</head>\n\n<body class="h-full">\n    <div class="min-h-full" x-data="{ mobileMenuOpen: false }">\n        <!-- Navigation -->\n        \n        \n\n        \n\n        \n        \n\n        \n        \n        \n        \n\n        \n\n        <nav class="bg-white shadow">\n            <div class="mx-auto max-w-7xl px-4 sm:px-6 lg:px-8">\n                <div class="flex h-16 justify-between">\n                    <div class="flex">\n                        <div class="flex flex-shrink-0 items-center">\n                            <span class="text-xl font-bold text-indigo-600">AGEN-OHADA</span>\n                        </div>\n                        <div class="hidden sm:ml-6 sm:flex sm:space-x-8">\n\n                            \n                            \n                            \n\n                            \n                            \n                            \n                            \n                            \n                            \n                            \n                            \n                            \n                            \n                            \n                            \n                            \n                            \n                            \n                            \n                            \n                            \n                            \n                            \n                            \n                            \n                            \n                            \n                            \n                            \n                            \n                            \n                            \n                            \n                            \n                            \n                            \n                            \n                            \n                            \n                            \n                            \n                            \n                            \n                            \n                            \n                            \n                            \n                            \n                            \n\n                            \n                            \n                            \n                            <a href="/index"\n                                class="inline-flex items-center px-1 pt-1 border-b-2 text-sm font-medium border-transparent text-gray-500 hover:border-gray-300 hover:text-gray-700">\n                                Accueil\n                            </a>\n                            \n                            \n                            <a href="/clients"\n                                class="inline-flex items-center px-1 pt-1 border-b-2 text-sm font-medium border-transparent text-gray-500 hover:border-gray-300 hover:text-gray-700">\n                                Clients\n                            </a>\n                            \n                            \n                            <a href="/dossiers/"\n                                class="inline-flex items-center px-1 pt-1 border-b-2 text-sm font-medium border-transparent text-gray-500 hover:border-gray-300 hover:text-gray-700">\n                                Dossiers\n                            </a>\n                            \n                            \n                            <a href="/formalites/"\n                                class="inline-flex items-center px-1 pt-1 border-b-2 text-sm font-medium border-transparent text-gray-500 hover:border-gray-300 hover:text-gray-700">\n                                Formalit\xc3\xa9s\n                            </a>\n                            \n                            \n                            <a href="/comptabilite/"\n                                class="inline-flex items-center px-1 pt-1 border-b-2 text-sm font-medium border-transparent text-gray-500 hover:border-gray-300 hover:text-gray-700">\n                                Comptabilit\xc3\xa9\n                            </a>\n                            \n                            \n                            <a href="/dossiers/archives"\n                                class="inline-flex items-center px-1 pt-1 border-b-2 text-sm font-medium border-transparent text-gray-500 hover:border-gray-300 hover:text-gray-700">\n                                Archives\n                            </a>\n                            \n                            \n                            <a href="/users/"\n                                class="inline-flex items-center px-1 pt-1 border-b-2 text-sm font-medium border-transparent text-gray-500 hover:border-gray-300 hover:text-gray-700">\n                                Utilisateurs\n                            </a>\n                            \n                            \n                            <a href="/users/parametres"\n                                class="inline-flex items-center px-1 pt-1 border-b-2 text-sm font-medium border-transparent text-gray-500 hover:border-gray-300 hover:text-gray-700">\n                                \xe2\x9a\x99 Param\xc3\xa8tres\n                            </a>\n                            \n                            \n                            <a href="/help"\n                                class="inline-flex items-center px-1 pt-1 border-b-2 text-sm font-medium border-transparent text-gray-500 hover:border-gray-300 hover:text-gray-700">\n                                Aide\n                            </a>\n                            \n\n                            <!-- Dropdown Actes -->\n                            <div class="relative inline-flex items-center" x-data="{ open: false }">\n                                <button type="button" @click="open = !open" @click.away="open = false"\n                                    class="inline-flex items-center px-1 pt-1 border-b-2 text-sm font-medium border-transparent text-gray-500 hover:border-gray-300 hover:text-gray-700">\n                                    <span>Actes</span>\n                                    <svg class="ml-2 h-5 w-5" viewBox="0 0 20 20" fill="currentColor">\n                                        <path fill-rule="evenodd"\n                                            d="M5.293 7.293a1 1 0 011.414 0L10 10.586l3.293-3.293a1 1 0 111.414 1.414l-4 4a1 1 0 01-1.414 0l-4-4a1 1 0 010-1.414z"\n                                            clip-rule="evenodd" />\n                                    </svg>\n                                </button>\n                                <div x-show="open" x-transition:enter="transition ease-out duration-200"\n                                    x-transition:enter-start="opacity-0 scale-95"\n                                    x-transition:enter-end="opacity-100 scale-100"\n                                    x-transition:leave="transition ease-in duration-75"\n                                    x-transition:leave-start="opacity-100 scale-100"\n                                    x-transition:leave-end="opacity-0 scale-95"\n                                    class="absolute left-0 top-full z-10 mt-2 w-48 origin-top-left rounded-md bg-white py-1 shadow-lg ring-1 ring-black ring-opacity-5 focus:outline-none"\n                                    style="display: none;">\n                                    <a href="/actes/types"\n                                        class="block px-4 py-2 text-sm text-gray-700 hover:bg-gray-100">G\xc3\xa9rer les types\n                                        d\'actes</a>\n                                    <a href="/actes/templates"\n                                        class="block px-4 py-2 text-sm text-gray-700 hover:bg-gray-100">G\xc3\xa9rer les\n                                        mod\xc3\xa8les d\'acte</a>\n                                    <a href="/actes/review"\n                                        class="block px-4 py-2 text-sm text-gray-700 hover:bg-gray-100">Signer les\n                                        actes</a>\n                                    <hr class="my-1">\n                                    <a href="/actes/repertoire"\n                                        class="block px-4 py-2 text-sm text-gray-700 hover:bg-gray-100">R\xc3\xa9pertoire\n                                        Notarial</a>\n                                </div>\n                            </div>\n\n                            \n                            \n                        </div>\n                    </div>\n\n                    <div class="hidden sm:ml-6 sm:flex sm:items-center">\n                        <div class="relative ml-3">\n                            <div class="flex items-center gap-4">\n                                <a href="/users/profile"\n                                    class="text-sm font-medium text-gray-700 hover:text-indigo-600">\n                                    admin\n                                </a>\n                                <a href="/auth/logout"\n                                    class="rounded-md bg-white px-3 py-2 text-sm font-semibold text-gray-900 shadow-sm ring-1 ring-inset ring-gray-300 hover:bg-gray-50">\n                                    Se d\xc3\xa9connecter\n                                </a>\n                            </div>\n                        </div>\n                    </div>\n\n                    <!-- Mobile menu button -->\n                    <div class="-mr-2 flex items-center sm:hidden">\n                        <button type="button" @click="mobileMenuOpen = !mobileMenuOpen"\n                            class="inline-flex items-center justify-center rounded-md p-2 text-gray-400 hover:bg-gray-100 hover:text-gray-500 focus:outline-none focus:ring-2 focus:ring-inset focus:ring-indigo-500">\n                            <span class="sr-only">Open main menu</span>\n                            <svg class="h-6 w-6" fill="none" viewBox="0 0 24 24" stroke-width="1.5"\n                                stroke="currentColor" aria-hidden="true">\n                                <path stroke-linecap="round" stroke-linejoin="round"\n                                    d="M3.75 6.75h16.5M3.75 12h16.5m-16.5 5.25h16.5" />\n                            </svg>\n                        </button>\n                    </div>\n                </div>\n            </div>\n\n            <!-- Mobile menu -->\n            <div class="sm:hidden" id="mobile-menu" x-show="mobileMenuOpen" x-cloak>\n                <div class="space-y-1 pb-3 pt-2">\n                    \n                    \n                    \n                    <a href="/index"\n                        class="block border-l-4 py-2 pl-3 pr-4 text-base font-medium border-transparent text-gray-500 hover:border-gray-300 hover:bg-gray-50 hover:text-gray-700">\n                        Accueil\n                    </a>\n                    \n                    \n                    <a href="/clients"\n                        class="block border-l-4 py-2 pl-3 pr-4 text-base font-medium border-transparent text-gray-500 hover:border-gray-300 hover:bg-gray-50 hover:text-gray-700">\n                        Clients\n                    </a>\n                    \n                    \n                    <a href="/dossiers/"\n                        class="block border-l-4 py-2 pl-3 pr-4 text-base font-medium border-transparent text-gray-500 hover:border-gray-300 hover:bg-gray-50 hover:text-gray-700">\n                        Dossiers\n                    </a>\n                    \n                    \n                    <a href="/formalites/"\n                        class="block border-l-4 py-2 pl-3 pr-4 text-base font-medium border-transparent text-gray-500 hover:border-gray-300 hover:bg-gray-50 hover:text-gray-700">\n                        Formalit\xc3\xa9s\n                    </a>\n                    \n                    \n                    <a href="/comptabilite/"\n                        class="block border-l-4 py-2 pl-3 pr-4 text-base font-medium border-transparent text-gray-500 hover:border-gray-300 hover:bg-gray-50 hover:text-gray-700">\n                        Comptabilit\xc3\xa9\n                    </a>\n                    \n                    \n                    <a href="/dossiers/archives"\n                        class="block border-l-4 py-2 pl-3 pr-4 text-base font-medium border-transparent text-gray-500 hover:border-gray-300 hover:bg-gray-50 hover:text-gray-700">\n                        Archives\n                    </a>\n                    \n                    \n                    <a href="/users/"\n                        class="block border-l-4 py-2 pl-3 pr-4 text-base font-medium border-transparent text-gray-500 hover:border-gray-300 hover:bg-gray-50 hover:text-gray-700">\n                        Utilisateurs\n                    </a>\n                    \n                    \n                    <a href="/users/parametres"\n                        class="block border-l-4 py-2 pl-3 pr-4 text-base font-medium border-transparent text-gray-500 hover:border-gray-300 hover:bg-gray-50 hover:text-gray-700">\n                        \xe2\x9a\x99 Param\xc3\xa8tres\n                    </a>\n                    \n                    \n                    <a href="/help"\n                        class="block border-l-4 py-2 pl-3 pr-4 text-base font-medium border-transparent text-gray-500 hover:border-gray-300 hover:bg-gray-50 hover:text-gray-700">\n                        Aide\n                    </a>\n                    \n\n                    <!-- Actes Submenu for Mobile -->\n                    <div class="border-t border-gray-200 mt-2 pt-2">\n                        <div class="px-3 py-2 text-xs font-semibold text-gray-400 uppercase tracking-wider">Gestion des\n                            Actes</div>\n                        <a href="/actes/types"\n                            class="block py-2 pl-6 pr-4 text-base font-medium text-gray-500 hover:bg-gray-50 hover:text-gray-700">G\xc3\xa9rer\n                            les types d\'actes</a>\n                        <a href="/actes/templates"\n                            class="block py-2 pl-6 pr-4 text-base font-medium text-gray-500 hover:bg-gray-50 hover:text-gray-700">G\xc3\xa9rer\n                            les mod\xc3\xa8les d\'acte</a>\n                        <a href="/actes/review"\n                            class="block py-2 pl-6 pr-4 text-base font-medium text-gray-500 hover:bg-gray-50 hover:text-gray-700">Signer\n                            les actes</a>\n                        <a href="/actes/repertoire"\n                            class="block py-2 pl-6 pr-4 text-base font-medium text-gray-500 hover:bg-gray-50 hover:text-gray-700">R\xc3\xa9pertoire\n                            Notarial</a>\n                    </div>\n\n                    \n                    \n                    <div class="border-t border-gray-200 pt-4 pb-3">\n                        <div class="flex items-center px-4">\n                            <div class="flex-shrink-0">\n                                <a href="/users/profile">\n                                    <div\n                                        class="h-8 w-8 rounded-full bg-gray-200 flex items-center justify-center text-gray-500">\n                                        A\n                                    </div>\n                                </a>\n                            </div>\n                            <div class="ml-3">\n                                <div class="text-base font-medium text-gray-800">admin</div>\n                                <div class="text-sm font-medium text-gray-500">admin@example.com</div>\n                            </div>\n                        </div>\n                        <div class="mt-3 space-y-1">\n                            <a href="/users/profile"\n                                class="block px-4 py-2 text-base font-medium text-gray-500 hover:bg-gray-100 hover:text-gray-800">Mon\n                                Profil</a>\n                            <a href="/auth/logout"\n                                class="block px-4 py-2 text-base font-medium text-gray-500 hover:bg-gray-100 hover:text-gray-800">Se\n                                d\xc3\xa9connecter</a>\n                        </div>\n                    </div>\n                </div>\n            </div>\n        </nav>\n        \n\n        <!-- Flash Messages -->\n        \n        <div class="mx-auto max-w-7xl px-4 sm:px-6 lg:px-8 mt-4">\n            \n            \n            \n            \n            \n            \n            \n\n            <div class="rounded-md bg-red-50 text-red-700 ring-red-600/10 p-4 mb-4 ring-1 ring-inset">\n                <div class="flex">\n                    <div class="ml-3">\n                        <p class="text-sm font-medium">Erreur champ &#39;type_acte&#39;: Not a valid choice</p>\n                    </div>\n                    <div class="ml-auto pl-3">\n                        <div class="-mx-1.5 -my-1.5">\n                            <button type="button"\n                                onclick="this.parentElement.parentElement.parentElement.parentElement.remove()"\n                                class="inline-flex rounded-md p-1.5 focus:outline-none focus:ring-2 focus:ring-offset-2 hover:bg-red-50 text-red-700 ring-red-600/10">\n                                <span class="sr-only">Dismiss</span>\n                                <svg class="h-5 w-5" viewBox="0 0 20 20" fill="currentColor" aria-hidden="true">\n                                    <path\n                                        d="M6.28 5.22a.75.75 0 00-1.06 1.06L8.94 10l-3.72 3.72a.75.75 0 101.06 1.06L10 11.06l3.72 3.72a.75.75 0 101.06-1.06L11.06 10l3.72-3.72a.75.75 0 00-1.06-1.06L10 8.94 6.28 5.22z" />\n                                </svg>\n                            </button>\n                        </div>\n                    </div>\n                </div>\n            </div>\n            \n            \n            \n        </div>\n        \n\n        <!-- Main Content -->\n        <!-- Use h-full to allow content to grow, but min-h-screen calculation might be better elsewhere. \n             For now, standard layout is fine. -->\n        <main class="py-10">\n            <div class="mx-auto max-w-7xl px-4 sm:px-6 lg:px-8">\n                \n<div class="md:flex md:items-center md:justify-between mb-8">\n    <div class="min-w-0 flex-1">\n        <h2 class="text-2xl font-bold leading-7 text-gray-900 sm:truncate sm:text-3xl sm:tracking-tight">Nouveau Mod\xc3\xa8le\n        </h2>\n    </div>\n</div>\n\n<div class="grid grid-cols-1 gap-x-8 gap-y-8 md:grid-cols-3">\n    <!-- Main Form -->\n    <div class="bg-white shadow-sm ring-1 ring-gray-900/5 sm:rounded-xl md:col-span-2">\n        <form method="post" enctype="multipart/form-data" class="p-6 space-y-6">\n            \n\n            <div class="grid grid-cols-1 gap-x-6 gap-y-8 sm:grid-cols-6">\n                <!-- ... existing fields ... -->\n                <div class="sm:col-span-4">\n                    <label for="nom" class="block text-sm font-medium leading-6 text-gray-900"><label for="nom">Nom du Mod\xc3\xa8le</label></label>\n                    <div class="mt-2">\n                        <input class="block w-full rounded-md border-0 py-1.5 text-gray-900 shadow-sm ring-1\n                        ring-inset\n                        ring-gray-300 placeholder:text-gray-400 focus:ring-2 focus:ring-inset focus:ring-indigo-600\n                        sm:text-sm sm:leading-6" id="nom" name="nom" required type="text" value="Template Test">\n                    </div>\n                </div>\n\n                <div class="sm:col-span-2">\n                    <label for="type_acte" class="block text-sm font-medium leading-6 text-gray-900"><label for="type_acte">Type d&#39;Acte</label></label>\n                    <div class="mt-2">\n                        <select class="tom-select block w-full rounded-md border-0 py-1.5 text-gray-900\n                        shadow-sm ring-1\n                        ring-inset ring-gray-300 focus:ring-2 focus:ring-inset focus:ring-indigo-600 sm:text-sm\n                        sm:leading-6" id="type_acte" name="type_acte"></select>\n                    </div>\n                </div>\n\n                <div class="col-span-full">\n                    <label for="description" class="block text-sm font-medium leading-6 text-gray-900"><label for="description">Description</label></label>\n                    <div class="mt-2">\n                        <textarea class="block w-full rounded-md border-0 py-1.5 text-gray-900 shadow-sm\n                        ring-1\n                        ring-inset ring-gray-300 placeholder:text-gray-400 focus:ring-2 focus:ring-inset\n                        focus:ring-indigo-600 sm:text-sm sm:leading-6" id="description" name="description">\r\nDescription Test</textarea>\n                    </div>\n                </div>\n\n                <div class="col-span-full border-t pt-6">\n                    <h4 class="text-md font-semibold mb-4">Option A : Mod\xc3\xa8le Word (Recommand\xc3\xa9)</h4>\n                    <label for="docx_file" class="block text-sm font-medium leading-6 text-gray-900"><label for="docx_file">Fichier Word (.docx)</label></label>\n                    <div class="mt-2">\n                        <input class="block w-full text-sm text-gray-900 border border-gray-300 rounded-lg\n                        cursor-pointer bg-gray-50 focus:outline-none" id="docx_file" name="docx_file" type="file">\n                    </div>\n                    <p class="mt-1 text-xs text-gray-500">Uploadez un fichier .docx contenant des balises {{\n                        variables }}.</p>\n                </div>\n\n                <div class="col-span-full border-t pt-6">\n                    <h4 class="text-md font-semibold mb-4">Option B : Mod\xc3\xa8le Texte / Markdown</h4>\n                    <label for="contenu" class="block text-sm font-medium leading-6 text-gray-900">\n                        <label for="contenu">Contenu (Markdown &amp; Jinja2)</label>\n                    </label>\n                    <div class="mt-2">\n                        <textarea class="block w-full" id="contenu" name="contenu" rows="10">\r\n&lt;p&gt;Contenu Test {{ dossier.intitule }}&lt;/p&gt;</textarea>\n                    </div>\n                </div>\n            </div>\n\n            <div class="flex items-center justify-end gap-x-6">\n                <a href="/actes/templates"\n                    class="text-sm font-semibold leading-6 text-gray-900">Annuler</a>\n                <input class="rounded-md bg-indigo-600 px-3 py-2 text-sm font-semibold text-white shadow-sm\n                hover:bg-indigo-500 focus-visible:outline focus-visible:outline-2 focus-visible:outline-offset-2\n                focus-visible:outline-indigo-600 cursor-pointer" id="submit" name="submit" type="submit" value="Enregistrer">\n            </div>\n        </form>\n    </div>\n\n    <!-- Variable Helper Panel -->\n    <div class="space-y-6">\n        <div class="bg-white shadow-sm ring-1 ring-gray-900/5 sm:rounded-xl p-6">\n            <h3 class="text-sm font-semibold leading-6 text-gray-900 border-b pb-2 mb-4">Aide aux Variables</h3>\n            <p class="text-xs text-gray-500 mb-4">Cliquez sur une variable pour l\'ins\xc3\xa9rer dans l\'\xc3\xa9diteur \xc3\xa0 l\'endroit du\n                curseur.</p>\n\n            <div class="space-y-4">\n                <div>\n                    <h4 class="text-xs font-bold text-gray-700 uppercase tracking-wider mb-2">Dossier</h4>\n                    <div class="flex flex-wrap gap-2">\n                        <span onclick="insertVar(\'{{ dossier.numero_dossier }}\')"\n                            class="variable-badge inline-flex items-center rounded-md bg-indigo-50 px-2 py-1 text-xs font-medium text-indigo-700 ring-1 ring-inset ring-indigo-700/10">N\xc2\xb0\n                            Dossier</span>\n                        <span onclick="insertVar(\'{{ dossier.intitule }}\')"\n                            class="variable-badge inline-flex items-center rounded-md bg-indigo-50 px-2 py-1 text-xs font-medium text-indigo-700 ring-1 ring-inset ring-indigo-700/10">Intitul\xc3\xa9</span>\n                        <span onclick="insertVar(\'{{ dossier.date_ouverture }}\')"\n                            class="variable-badge inline-flex items-center rounded-md bg-indigo-50 px-2 py-1 text-xs font-medium text-indigo-700 ring-1 ring-inset ring-indigo-700/10">Date\n                            Ouverture</span>\n                    </div>\n                </div>\n\n                <div>\n                    <h4 class="text-xs font-bold text-gray-700 uppercase tracking-wider mb-2">Client (Principal)</h4>\n                    <div class="flex flex-wrap gap-2">\n                        <span onclick="insertVar(\'{{ client.nom }}\')"\n                            class="variable-badge inline-flex items-center rounded-md bg-green-50 px-2 py-1 text-xs font-medium text-green-700 ring-1 ring-inset ring-green-600/20">Nom</span>\n                        <span onclick="insertVar(\'{{ client.prenom }}\')"\n                            class="variable-badge inline-flex items-center rounded-md bg-green-50 px-2 py-1 text-xs font-medium text-green-700 ring-1 ring-inset ring-green-600/20">Pr\xc3\xa9nom</span>\n                        <span onclick="insertVar(\'{{ client.adresse }}\')"\n                            class="variable-badge inline-flex items-center rounded-md bg-green-50 px-2 py-1 text-xs font-medium text-green-700 ring-1 ring-inset ring-green-600/20">Adresse</span>\n                    </div>\n                </div>\n\n                <div>\n                    <h4 class="text-xs font-bold text-gray-700 uppercase tracking-wider mb-2">Vendeur / Acheteur</h4>\n                    <div class="flex flex-wrap gap-2">\n                        <span onclick="insertVar(\'{{ vendeur.nom }}\')"\n                            class="variable-badge inline-flex items-center rounded-md bg-blue-50 px-2 py-1 text-xs font-medium text-blue-700 ring-1 ring-inset ring-blue-700/10">Vendeur\n                            Nom</span>\n                        <span onclick="insertVar(\'{{ acheteur.nom }}\')"\n                            class="variable-badge inline-flex items-center rounded-md bg-blue-50 px-2 py-1 text-xs font-medium text-blue-700 ring-1 ring-inset ring-blue-700/10">Acheteur\n                            Nom</span>\n                    </div>\n                </div>\n\n                <div>\n                    <h4 class="text-xs font-bold text-gray-700 uppercase tracking-wider mb-2">G\xc3\xa9n\xc3\xa9ral</h4>\n                    <div class="flex flex-wrap gap-2">\n                        <span onclick="insertVar(\'{{ date }}\')"\n                            class="variable-badge inline-flex items-center rounded-md bg-orange-50 px-2 py-1 text-xs font-medium text-orange-700 ring-1 ring-inset ring-orange-700/10">Date\n                            du jour</span>\n                        <span onclick="insertVar(\'{{ now.year }}\')"\n                            class="variable-badge inline-flex items-center rounded-md bg-orange-50 px-2 py-1 text-xs font-medium text-orange-700 ring-1 ring-inset ring-orange-700/10">Ann\xc3\xa9e</span>\n                    </div>\n                </div>\n\n                <div class="pt-4 border-t border-gray-100">\n                    <h4 class="text-xs font-bold text-gray-700 uppercase tracking-wider mb-2">Formatage Rapide</h4>\n                    <div class="flex flex-wrap gap-2">\n                        <button type="button" onclick="easyMDE.toggleBold()"\n                            class="p-1 hover:bg-gray-100 rounded"><b>B</b></button>\n                        <button type="button" onclick="easyMDE.toggleItalic()"\n                            class="p-1 hover:bg-gray-100 rounded"><i>I</i></button>\n                        <button type="button" onclick="easyMDE.drawTable()"\n                            class="p-1 hover:bg-gray-100 rounded">Table</button>\n                    </div>\n                </div>\n            </div>\n        </div>\n    </div>\n</div>\n\n            </div>\n        </main>\n\n        \n        <footer class="bg-white">\n            <div class="mx-auto max-w-7xl px-6 py-4 md:flex md:items-center md:justify-between lg:px-8">\n                <div class="mt-8 md:order-1 md:mt-0">\n                    <p class="text-center text-xs leading-5 text-gray-500">&copy; 2026\n                        AGEN-OHADA. Tous droits r\xc3\xa9serv\xc3\xa9s. v1.1.0</p>\n                </div>\n            </div>\n        </footer>\n        \n    </div>\n    \n<!-- EasyMDE JS -->\n<script src="https://unpkg.com/easymde/dist/easymde.min.js"></script>\n<script>\n    const easyMDE = new EasyMDE({\n        element: document.getElementById(\'contenu\'),\n        spellChecker: false,\n        forceSync: true, // Force sync with textarea\n        autosave: {\n            enabled: true,\n            uniqueId: "act_template_new",\n            delay: 1000,\n        },\n        renderingConfig: {\n            singleLineBreaks: false,\n            codeSyntaxHighlighting: true,\n        },\n        toolbar: ["bold", "italic", "heading", "|", "quote", "unordered-list", "ordered-list", "|", "link", "table", "horizontal-rule", "|", "preview", "side-by-side", "fullscreen", "|", "guide"],\n        placeholder: "R\xc3\xa9digez votre mod\xc3\xa8le ici...",\n        minHeight: "400px"\n    });\n\n    // Manual sync before submission and debug log\n    document.querySelector(\'form\').addEventListener(\'submit\', function (e) {\n        console.log(\'Form submission triggered\');\n        easyMDE.save(); // Manual sync\n        console.log(\'Textarea content:\', document.getElementById(\'contenu\').value);\n    });\n\n    function insertVar(variable) {\n        var cm = easyMDE.codemirror;\n        var cursor = cm.getCursor();\n        cm.replaceRange(variable, cursor);\n        cm.focus();\n    }\n</script>\n\n\n    <!-- Tom Select JS -->\n    <script src="https://cdn.jsdelivr.net/npm/tom-select@2.2.2/dist/js/tom-select.complete.min.js"></script>\n    <script>\n        // Automatic initialization for elements with class \'tom-select\'\n        document.addEventListener(\'DOMContentLoaded\', function () {\n            document.querySelectorAll(\'.tom-select\').forEach(function (el) {\n                new TomSelect(el, {\n                    create: false,\n                    sortField: {\n                        field: "text",\n                        direction: "asc"\n                    }\n                });\n            });\n        });\n    </script>\n</body>\n\n</html>' = <WrapperTestResponse 33023 bytes [200 OK]>.data
E        +  and   b'<!DOCTYPE html>\n<html lang="fr" class="h-full bg-gray-50">\n\n<head>\n    <meta charset="UTF-8">\n    <meta name="viewport" content="width=device-width, initial-scale=1.0">\n    <title>Nouveau Mod\xc3\xa8le - AGEN-OHADA</title>\n    <script src="https://cdn.tailwindcss.com"></script>\n    <link rel="stylesheet" href="https://unpkg.com/easymde/dist/easymde.min.css">\n\n    <!-- Tom Select -->\n    <link href="https://cdn.jsdelivr.net/npm/tom-select@2.2.2/dist/css/tom-select.css" rel="stylesheet">\n    <script src="https://cdn.jsdelivr.net/npm/tom-select@2.2.2/dist/js/tom-select.min.js"></script>\n\n    <link href="https://fonts.googleapis.com/css2?family=Inter:wght@300;400;500;600;700&display=swap" rel="stylesheet">\n    <script defer src="https://cdn.jsdelivr.net/npm/alpinejs@3.x.x/dist/cdn.min.js"></script>\n    <style>\n        body {\n            font-family: \'Inter\', sans-serif;\n        }\n\n        [x-cloak] {\n            display: none !important;\n        }\n\n        /* Basic Markdown Styling */\n        .prose h1 {\n            font-size: 2.25rem;\n            font-weight: 700;\n            margin-top: 1.5rem;\n            margin-bottom: 1rem;\n        }\n\n        .prose h2 {\n            font-size: 1.875rem;\n            font-weight: 600;\n            margin-top: 1.25rem;\n            margin-bottom: 0.75rem;\n            border-bottom: 1px solid #e5e7eb;\n            padding-bottom: 0.25rem;\n        }\n\n        .prose h3 {\n            font-size: 1.5rem;\n            font-weight: 600;\n            margin-top: 1rem;\n            margin-bottom: 0.5rem;\n        }\n\n        .prose p {\n            margin-bottom: 1rem;\n            line-height: 1.6;\n        }\n\n        .prose ul {\n            list-style-type: disc;\n            margin-left: 1.5rem;\n            margin-bottom: 1rem;\n        }\n\n        .prose ol {\n            list-style-type: decimal;\n            margin-left: 1.5rem;\n            margin-bottom: 1rem;\n        }\n\n        .prose table {\n            width: 100%;\n            border-collapse: collapse;\n            margin-bottom: 1rem;\n        }\n\n        .prose th,\n        .prose td {\n            border: 1px solid #e5e7eb;\n            padding: 0.5rem;\n            text-align: left;\n        }\n\n        .prose th {\n            background-color: #f9fafb;\n        }\n    </style>\n    \n<!-- EasyMDE CSS -->\n<link rel="stylesheet" href="https://unpkg.com/easymde/dist/easymde.min.css">\n<style>\n    .editor-toolbar {\n        border-color: #e5e7eb;\n        background: #f9fafb;\n    }\n\n    .CodeMirror {\n        border-color: #e5e7eb;\n        font-family: ui-monospace, SFMono-Regular, Menlo, Monaco, Consolas, "Liberation Mono", "Courier New", monospace;\n    }\n\n    .variable-badge {\n        cursor: pointer;\n        transition: all 0.2s;\n    }\n\n    .variable-badge:hover {\n        background-color: #e0e7ff;\n        color: #4338ca;\n        transform: translateY(-1px);\n    }\n</style>\n\n</head>\n\n<body class="h-full">\n    <div class="min-h-full" x-data="{ mobileMenuOpen: false }">\n        <!-- Navigation -->\n        \n        \n\n        \n\n        \n        \n\n        \n        \n        \n        \n\n        \n\n        <nav class="bg-white shadow">\n            <div class="mx-auto max-w-7xl px-4 sm:px-6 lg:px-8">\n                <div class="flex h-16 justify-between">\n                    <div class="flex">\n                        <div class="flex flex-shrink-0 items-center">\n                            <span class="text-xl font-bold text-indigo-600">AGEN-OHADA</span>\n                        </div>\n                        <div class="hidden sm:ml-6 sm:flex sm:space-x-8">\n\n                            \n                            \n                            \n\n                            \n                            \n                            \n                            \n                            \n                            \n                            \n                            \n                            \n                            \n                            \n                            \n                            \n                            \n                            \n                            \n                            \n                            \n                            \n                            \n                            \n                            \n                            \n                            \n                            \n                            \n                            \n                            \n                            \n                            \n                            \n                            \n                            \n                            \n                            \n                            \n                            \n                            \n                            \n                            \n                            \n                            \n                            \n                            \n                            \n                            \n\n                            \n                            \n                            \n                            <a href="/index"\n                                class="inline-flex items-center px-1 pt-1 border-b-2 text-sm font-medium border-transparent text-gray-500 hover:border-gray-300 hover:text-gray-700">\n                                Accueil\n                            </a>\n                            \n                            \n                            <a href="/clients"\n                                class="inline-flex items-center px-1 pt-1 border-b-2 text-sm font-medium border-transparent text-gray-500 hover:border-gray-300 hover:text-gray-700">\n                                Clients\n                            </a>\n                            \n                            \n                            <a href="/dossiers/"\n                                class="inline-flex items-center px-1 pt-1 border-b-2 text-sm font-medium border-transparent text-gray-500 hover:border-gray-300 hover:text-gray-700">\n                                Dossiers\n                            </a>\n                            \n                            \n                            <a href="/formalites/"\n                                class="inline-flex items-center px-1 pt-1 border-b-2 text-sm font-medium border-transparent text-gray-500 hover:border-gray-300 hover:text-gray-700">\n                                Formalit\xc3\xa9s\n                            </a>\n                            \n                            \n                            <a href="/comptabilite/"\n                                class="inline-flex items-center px-1 pt-1 border-b-2 text-sm font-medium border-transparent text-gray-500 hover:border-gray-300 hover:text-gray-700">\n                                Comptabilit\xc3\xa9\n                            </a>\n                            \n                            \n                            <a href="/dossiers/archives"\n                                class="inline-flex items-center px-1 pt-1 border-b-2 text-sm font-medium border-transparent text-gray-500 hover:border-gray-300 hover:text-gray-700">\n                                Archives\n                            </a>\n                            \n                            \n                            <a href="/users/"\n                                class="inline-flex items-center px-1 pt-1 border-b-2 text-sm font-medium border-transparent text-gray-500 hover:border-gray-300 hover:text-gray-700">\n                                Utilisateurs\n                            </a>\n                            \n                            \n                            <a href="/users/parametres"\n                                class="inline-flex items-center px-1 pt-1 border-b-2 text-sm font-medium border-transparent text-gray-500 hover:border-gray-300 hover:text-gray-700">\n                                \xe2\x9a\x99 Param\xc3\xa8tres\n                            </a>\n                            \n                            \n                            <a href="/help"\n                                class="inline-flex items-center px-1 pt-1 border-b-2 text-sm font-medium border-transparent text-gray-500 hover:border-gray-300 hover:text-gray-700">\n                                Aide\n                            </a>\n                            \n\n                            <!-- Dropdown Actes -->\n                            <div class="relative inline-flex items-center" x-data="{ open: false }">\n                                <button type="button" @click="open = !open" @click.away="open = false"\n                                    class="inline-flex items-center px-1 pt-1 border-b-2 text-sm font-medium border-transparent text-gray-500 hover:border-gray-300 hover:text-gray-700">\n                                    <span>Actes</span>\n                                    <svg class="ml-2 h-5 w-5" viewBox="0 0 20 20" fill="currentColor">\n                                        <path fill-rule="evenodd"\n                                            d="M5.293 7.293a1 1 0 011.414 0L10 10.586l3.293-3.293a1 1 0 111.414 1.414l-4 4a1 1 0 01-1.414 0l-4-4a1 1 0 010-1.414z"\n                                            clip-rule="evenodd" />\n                                    </svg>\n                                </button>\n                                <div x-show="open" x-transition:enter="transition ease-out duration-200"\n                                    x-transition:enter-start="opacity-0 scale-95"\n                                    x-transition:enter-end="opacity-100 scale-100"\n                                    x-transition:leave="transition ease-in duration-75"\n                                    x-transition:leave-start="opacity-100 scale-100"\n                                    x-transition:leave-end="opacity-0 scale-95"\n                                    class="absolute left-0 top-full z-10 mt-2 w-48 origin-top-left rounded-md bg-white py-1 shadow-lg ring-1 ring-black ring-opacity-5 focus:outline-none"\n                                    style="display: none;">\n                                    <a href="/actes/types"\n                                        class="block px-4 py-2 text-sm text-gray-700 hover:bg-gray-100">G\xc3\xa9rer les types\n                                        d\'actes</a>\n                                    <a href="/actes/templates"\n                                        class="block px-4 py-2 text-sm text-gray-700 hover:bg-gray-100">G\xc3\xa9rer les\n                                        mod\xc3\xa8les d\'acte</a>\n                                    <a href="/actes/review"\n                                        class="block px-4 py-2 text-sm text-gray-700 hover:bg-gray-100">Signer les\n                                        actes</a>\n                                    <hr class="my-1">\n                                    <a href="/actes/repertoire"\n                                        class="block px-4 py-2 text-sm text-gray-700 hover:bg-gray-100">R\xc3\xa9pertoire\n                                        Notarial</a>\n                                </div>\n                            </div>\n\n                            \n                            \n                        </div>\n                    </div>\n\n                    <div class="hidden sm:ml-6 sm:flex sm:items-center">\n                        <div class="relative ml-3">\n                            <div class="flex items-center gap-4">\n                                <a href="/users/profile"\n                                    class="text-sm font-medium text-gray-700 hover:text-indigo-600">\n                                    admin\n                                </a>\n                                <a href="/auth/logout"\n                                    class="rounded-md bg-white px-3 py-2 text-sm font-semibold text-gray-900 shadow-sm ring-1 ring-inset ring-gray-300 hover:bg-gray-50">\n                                    Se d\xc3\xa9connecter\n                                </a>\n                            </div>\n                        </div>\n                    </div>\n\n                    <!-- Mobile menu button -->\n                    <div class="-mr-2 flex items-center sm:hidden">\n                        <button type="button" @click="mobileMenuOpen = !mobileMenuOpen"\n                            class="inline-flex items-center justify-center rounded-md p-2 text-gray-400 hover:bg-gray-100 hover:text-gray-500 focus:outline-none focus:ring-2 focus:ring-inset focus:ring-indigo-500">\n                            <span class="sr-only">Open main menu</span>\n                            <svg class="h-6 w-6" fill="none" viewBox="0 0 24 24" stroke-width="1.5"\n                                stroke="currentColor" aria-hidden="true">\n                                <path stroke-linecap="round" stroke-linejoin="round"\n                                    d="M3.75 6.75h16.5M3.75 12h16.5m-16.5 5.25h16.5" />\n                            </svg>\n                        </button>\n                    </div>\n                </div>\n            </div>\n\n            <!-- Mobile menu -->\n            <div class="sm:hidden" id="mobile-menu" x-show="mobileMenuOpen" x-cloak>\n                <div class="space-y-1 pb-3 pt-2">\n                    \n                    \n                    \n                    <a href="/index"\n                        class="block border-l-4 py-2 pl-3 pr-4 text-base font-medium border-transparent text-gray-500 hover:border-gray-300 hover:bg-gray-50 hover:text-gray-700">\n                        Accueil\n                    </a>\n                    \n                    \n                    <a href="/clients"\n                        class="block border-l-4 py-2 pl-3 pr-4 text-base font-medium border-transparent text-gray-500 hover:border-gray-300 hover:bg-gray-50 hover:text-gray-700">\n                        Clients\n                    </a>\n                    \n                    \n                    <a href="/dossiers/"\n                        class="block border-l-4 py-2 pl-3 pr-4 text-base font-medium border-transparent text-gray-500 hover:border-gray-300 hover:bg-gray-50 hover:text-gray-700">\n                        Dossiers\n                    </a>\n                    \n                    \n                    <a href="/formalites/"\n                        class="block border-l-4 py-2 pl-3 pr-4 text-base font-medium border-transparent text-gray-500 hover:border-gray-300 hover:bg-gray-50 hover:text-gray-700">\n                        Formalit\xc3\xa9s\n                    </a>\n                    \n                    \n                    <a href="/comptabilite/"\n                        class="block border-l-4 py-2 pl-3 pr-4 text-base font-medium border-transparent text-gray-500 hover:border-gray-300 hover:bg-gray-50 hover:text-gray-700">\n                        Comptabilit\xc3\xa9\n                    </a>\n                    \n                    \n                    <a href="/dossiers/archives"\n                        class="block border-l-4 py-2 pl-3 pr-4 text-base font-medium border-transparent text-gray-500 hover:border-gray-300 hover:bg-gray-50 hover:text-gray-700">\n                        Archives\n                    </a>\n                    \n                    \n                    <a href="/users/"\n                        class="block border-l-4 py-2 pl-3 pr-4 text-base font-medium border-transparent text-gray-500 hover:border-gray-300 hover:bg-gray-50 hover:text-gray-700">\n                        Utilisateurs\n                    </a>\n                    \n                    \n                    <a href="/users/parametres"\n                        class="block border-l-4 py-2 pl-3 pr-4 text-base font-medium border-transparent text-gray-500 hover:border-gray-300 hover:bg-gray-50 hover:text-gray-700">\n                        \xe2\x9a\x99 Param\xc3\xa8tres\n                    </a>\n                    \n                    \n                    <a href="/help"\n                        class="block border-l-4 py-2 pl-3 pr-4 text-base font-medium border-transparent text-gray-500 hover:border-gray-300 hover:bg-gray-50 hover:text-gray-700">\n                        Aide\n                    </a>\n                    \n\n                    <!-- Actes Submenu for Mobile -->\n                    <div class="border-t border-gray-200 mt-2 pt-2">\n                        <div class="px-3 py-2 text-xs font-semibold text-gray-400 uppercase tracking-wider">Gestion des\n                            Actes</div>\n                        <a href="/actes/types"\n                            class="block py-2 pl-6 pr-4 text-base font-medium text-gray-500 hover:bg-gray-50 hover:text-gray-700">G\xc3\xa9rer\n                            les types d\'actes</a>\n                        <a href="/actes/templates"\n                            class="block py-2 pl-6 pr-4 text-base font-medium text-gray-500 hover:bg-gray-50 hover:text-gray-700">G\xc3\xa9rer\n                            les mod\xc3\xa8les d\'acte</a>\n                        <a href="/actes/review"\n                            class="block py-2 pl-6 pr-4 text-base font-medium text-gray-500 hover:bg-gray-50 hover:text-gray-700">Signer\n                            les actes</a>\n                        <a href="/actes/repertoire"\n                            class="block py-2 pl-6 pr-4 text-base font-medium text-gray-500 hover:bg-gray-50 hover:text-gray-700">R\xc3\xa9pertoire\n                            Notarial</a>\n                    </div>\n\n                    \n                    \n                    <div class="border-t border-gray-200 pt-4 pb-3">\n                        <div class="flex items-center px-4">\n                            <div class="flex-shrink-0">\n                                <a href="/users/profile">\n                                    <div\n                                        class="h-8 w-8 rounded-full bg-gray-200 flex items-center justify-center text-gray-500">\n                                        A\n                                    </div>\n                                </a>\n                            </div>\n                            <div class="ml-3">\n                                <div class="text-base font-medium text-gray-800">admin</div>\n                                <div class="text-sm font-medium text-gray-500">admin@example.com</div>\n                            </div>\n                        </div>\n                        <div class="mt-3 space-y-1">\n                            <a href="/users/profile"\n                                class="block px-4 py-2 text-base font-medium text-gray-500 hover:bg-gray-100 hover:text-gray-800">Mon\n                                Profil</a>\n                            <a href="/auth/logout"\n                                class="block px-4 py-2 text-base font-medium text-gray-500 hover:bg-gray-100 hover:text-gray-800">Se\n                                d\xc3\xa9connecter</a>\n                        </div>\n                    </div>\n                </div>\n            </div>\n        </nav>\n        \n\n        <!-- Flash Messages -->\n        \n        <div class="mx-auto max-w-7xl px-4 sm:px-6 lg:px-8 mt-4">\n            \n            \n            \n            \n            \n            \n            \n\n            <div class="rounded-md bg-red-50 text-red-700 ring-red-600/10 p-4 mb-4 ring-1 ring-inset">\n                <div class="flex">\n                    <div class="ml-3">\n                        <p class="text-sm font-medium">Erreur champ &#39;type_acte&#39;: Not a valid choice</p>\n                    </div>\n                    <div class="ml-auto pl-3">\n                        <div class="-mx-1.5 -my-1.5">\n                            <button type="button"\n                                onclick="this.parentElement.parentElement.parentElement.parentElement.remove()"\n                                class="inline-flex rounded-md p-1.5 focus:outline-none focus:ring-2 focus:ring-offset-2 hover:bg-red-50 text-red-700 ring-red-600/10">\n                                <span class="sr-only">Dismiss</span>\n                                <svg class="h-5 w-5" viewBox="0 0 20 20" fill="currentColor" aria-hidden="true">\n                                    <path\n                                        d="M6.28 5.22a.75.75 0 00-1.06 1.06L8.94 10l-3.72 3.72a.75.75 0 101.06 1.06L10 11.06l3.72 3.72a.75.75 0 101.06-1.06L11.06 10l3.72-3.72a.75.75 0 00-1.06-1.06L10 8.94 6.28 5.22z" />\n                                </svg>\n                            </button>\n                        </div>\n                    </div>\n                </div>\n            </div>\n            \n            \n            \n        </div>\n        \n\n        <!-- Main Content -->\n        <!-- Use h-full to allow content to grow, but min-h-screen calculation might be better elsewhere. \n             For now, standard layout is fine. -->\n        <main class="py-10">\n            <div class="mx-auto max-w-7xl px-4 sm:px-6 lg:px-8">\n                \n<div class="md:flex md:items-center md:justify-between mb-8">\n    <div class="min-w-0 flex-1">\n        <h2 class="text-2xl font-bold leading-7 text-gray-900 sm:truncate sm:text-3xl sm:tracking-tight">Nouveau Mod\xc3\xa8le\n        </h2>\n    </div>\n</div>\n\n<div class="grid grid-cols-1 gap-x-8 gap-y-8 md:grid-cols-3">\n    <!-- Main Form -->\n    <div class="bg-white shadow-sm ring-1 ring-gray-900/5 sm:rounded-xl md:col-span-2">\n        <form method="post" enctype="multipart/form-data" class="p-6 space-y-6">\n            \n\n            <div class="grid grid-cols-1 gap-x-6 gap-y-8 sm:grid-cols-6">\n                <!-- ... existing fields ... -->\n                <div class="sm:col-span-4">\n                    <label for="nom" class="block text-sm font-medium leading-6 text-gray-900"><label for="nom">Nom du Mod\xc3\xa8le</label></label>\n                    <div class="mt-2">\n                        <input class="block w-full rounded-md border-0 py-1.5 text-gray-900 shadow-sm ring-1\n                        ring-inset\n                        ring-gray-300 placeholder:text-gray-400 focus:ring-2 focus:ring-inset focus:ring-indigo-600\n                        sm:text-sm sm:leading-6" id="nom" name="nom" required type="text" value="Template Test">\n                    </div>\n                </div>\n\n                <div class="sm:col-span-2">\n                    <label for="type_acte" class="block text-sm font-medium leading-6 text-gray-900"><label for="type_acte">Type d&#39;Acte</label></label>\n                    <div class="mt-2">\n                        <select class="tom-select block w-full rounded-md border-0 py-1.5 text-gray-900\n                        shadow-sm ring-1\n                        ring-inset ring-gray-300 focus:ring-2 focus:ring-inset focus:ring-indigo-600 sm:text-sm\n                        sm:leading-6" id="type_acte" name="type_acte"></select>\n                    </div>\n                </div>\n\n                <div class="col-span-full">\n                    <label for="description" class="block text-sm font-medium leading-6 text-gray-900"><label for="description">Description</label></label>\n                    <div class="mt-2">\n                        <textarea class="block w-full rounded-md border-0 py-1.5 text-gray-900 shadow-sm\n                        ring-1\n                        ring-inset ring-gray-300 placeholder:text-gray-400 focus:ring-2 focus:ring-inset\n                        focus:ring-indigo-600 sm:text-sm sm:leading-6" id="description" name="description">\r\nDescription Test</textarea>\n                    </div>\n                </div>\n\n                <div class="col-span-full border-t pt-6">\n                    <h4 class="text-md font-semibold mb-4">Option A : Mod\xc3\xa8le Word (Recommand\xc3\xa9)</h4>\n                    <label for="docx_file" class="block text-sm font-medium leading-6 text-gray-900"><label for="docx_file">Fichier Word (.docx)</label></label>\n                    <div class="mt-2">\n                        <input class="block w-full text-sm text-gray-900 border border-gray-300 rounded-lg\n                        cursor-pointer bg-gray-50 focus:outline-none" id="docx_file" name="docx_file" type="file">\n                    </div>\n                    <p class="mt-1 text-xs text-gray-500">Uploadez un fichier .docx contenant des balises {{\n                        variables }}.</p>\n                </div>\n\n                <div class="col-span-full border-t pt-6">\n                    <h4 class="text-md font-semibold mb-4">Option B : Mod\xc3\xa8le Texte / Markdown</h4>\n                    <label for="contenu" class="block text-sm font-medium leading-6 text-gray-900">\n                        <label for="contenu">Contenu (Markdown &amp; Jinja2)</label>\n                    </label>\n                    <div class="mt-2">\n                        <textarea class="block w-full" id="contenu" name="contenu" rows="10">\r\n&lt;p&gt;Contenu Test {{ dossier.intitule }}&lt;/p&gt;</textarea>\n                    </div>\n                </div>\n            </div>\n\n            <div class="flex items-center justify-end gap-x-6">\n                <a href="/actes/templates"\n                    class="text-sm font-semibold leading-6 text-gray-900">Annuler</a>\n                <input class="rounded-md bg-indigo-600 px-3 py-2 text-sm font-semibold text-white shadow-sm\n                hover:bg-indigo-500 focus-visible:outline focus-visible:outline-2 focus-visible:outline-offset-2\n                focus-visible:outline-indigo-600 cursor-pointer" id="submit" name="submit" type="submit" value="Enregistrer">\n            </div>\n        </form>\n    </div>\n\n    <!-- Variable Helper Panel -->\n    <div class="space-y-6">\n        <div class="bg-white shadow-sm ring-1 ring-gray-900/5 sm:rounded-xl p-6">\n            <h3 class="text-sm font-semibold leading-6 text-gray-900 border-b pb-2 mb-4">Aide aux Variables</h3>\n            <p class="text-xs text-gray-500 mb-4">Cliquez sur une variable pour l\'ins\xc3\xa9rer dans l\'\xc3\xa9diteur \xc3\xa0 l\'endroit du\n                curseur.</p>\n\n            <div class="space-y-4">\n                <div>\n                    <h4 class="text-xs font-bold text-gray-700 uppercase tracking-wider mb-2">Dossier</h4>\n                    <div class="flex flex-wrap gap-2">\n                        <span onclick="insertVar(\'{{ dossier.numero_dossier }}\')"\n                            class="variable-badge inline-flex items-center rounded-md bg-indigo-50 px-2 py-1 text-xs font-medium text-indigo-700 ring-1 ring-inset ring-indigo-700/10">N\xc2\xb0\n                            Dossier</span>\n                        <span onclick="insertVar(\'{{ dossier.intitule }}\')"\n                            class="variable-badge inline-flex items-center rounded-md bg-indigo-50 px-2 py-1 text-xs font-medium text-indigo-700 ring-1 ring-inset ring-indigo-700/10">Intitul\xc3\xa9</span>\n                        <span onclick="insertVar(\'{{ dossier.date_ouverture }}\')"\n                            class="variable-badge inline-flex items-center rounded-md bg-indigo-50 px-2 py-1 text-xs font-medium text-indigo-700 ring-1 ring-inset ring-indigo-700/10">Date\n                            Ouverture</span>\n                    </div>\n                </div>\n\n                <div>\n                    <h4 class="text-xs font-bold text-gray-700 uppercase tracking-wider mb-2">Client (Principal)</h4>\n                    <div class="flex flex-wrap gap-2">\n                        <span onclick="insertVar(\'{{ client.nom }}\')"\n                            class="variable-badge inline-flex items-center rounded-md bg-green-50 px-2 py-1 text-xs font-medium text-green-700 ring-1 ring-inset ring-green-600/20">Nom</span>\n                        <span onclick="insertVar(\'{{ client.prenom }}\')"\n                            class="variable-badge inline-flex items-center rounded-md bg-green-50 px-2 py-1 text-xs font-medium text-green-700 ring-1 ring-inset ring-green-600/20">Pr\xc3\xa9nom</span>\n                        <span onclick="insertVar(\'{{ client.adresse }}\')"\n                            class="variable-badge inline-flex items-center rounded-md bg-green-50 px-2 py-1 text-xs font-medium text-green-700 ring-1 ring-inset ring-green-600/20">Adresse</span>\n                    </div>\n                </div>\n\n                <div>\n                    <h4 class="text-xs font-bold text-gray-700 uppercase tracking-wider mb-2">Vendeur / Acheteur</h4>\n                    <div class="flex flex-wrap gap-2">\n                        <span onclick="insertVar(\'{{ vendeur.nom }}\')"\n                            class="variable-badge inline-flex items-center rounded-md bg-blue-50 px-2 py-1 text-xs font-medium text-blue-700 ring-1 ring-inset ring-blue-700/10">Vendeur\n                            Nom</span>\n                        <span onclick="insertVar(\'{{ acheteur.nom }}\')"\n                            class="variable-badge inline-flex items-center rounded-md bg-blue-50 px-2 py-1 text-xs font-medium text-blue-700 ring-1 ring-inset ring-blue-700/10">Acheteur\n                            Nom</span>\n                    </div>\n                </div>\n\n                <div>\n                    <h4 class="text-xs font-bold text-gray-700 uppercase tracking-wider mb-2">G\xc3\xa9n\xc3\xa9ral</h4>\n                    <div class="flex flex-wrap gap-2">\n                        <span onclick="insertVar(\'{{ date }}\')"\n                            class="variable-badge inline-flex items-center rounded-md bg-orange-50 px-2 py-1 text-xs font-medium text-orange-700 ring-1 ring-inset ring-orange-700/10">Date\n                            du jour</span>\n                        <span onclick="insertVar(\'{{ now.year }}\')"\n                            class="variable-badge inline-flex items-center rounded-md bg-orange-50 px-2 py-1 text-xs font-medium text-orange-700 ring-1 ring-inset ring-orange-700/10">Ann\xc3\xa9e</span>\n                    </div>\n                </div>\n\n                <div class="pt-4 border-t border-gray-100">\n                    <h4 class="text-xs font-bold text-gray-700 uppercase tracking-wider mb-2">Formatage Rapide</h4>\n                    <div class="flex flex-wrap gap-2">\n                        <button type="button" onclick="easyMDE.toggleBold()"\n                            class="p-1 hover:bg-gray-100 rounded"><b>B</b></button>\n                        <button type="button" onclick="easyMDE.toggleItalic()"\n                            class="p-1 hover:bg-gray-100 rounded"><i>I</i></button>\n                        <button type="button" onclick="easyMDE.drawTable()"\n                            class="p-1 hover:bg-gray-100 rounded">Table</button>\n                    </div>\n                </div>\n            </div>\n        </div>\n    </div>\n</div>\n\n            </div>\n        </main>\n\n        \n        <footer class="bg-white">\n            <div class="mx-auto max-w-7xl px-6 py-4 md:flex md:items-center md:justify-between lg:px-8">\n                <div class="mt-8 md:order-1 md:mt-0">\n                    <p class="text-center text-xs leading-5 text-gray-500">&copy; 2026\n                        AGEN-OHADA. Tous droits r\xc3\xa9serv\xc3\xa9s. v1.1.0</p>\n                </div>\n            </div>\n        </footer>\n        \n    </div>\n    \n<!-- EasyMDE JS -->\n<script src="https://unpkg.com/easymde/dist/easymde.min.js"></script>\n<script>\n    const easyMDE = new EasyMDE({\n        element: document.getElementById(\'contenu\'),\n        spellChecker: false,\n        forceSync: true, // Force sync with textarea\n        autosave: {\n            enabled: true,\n            uniqueId: "act_template_new",\n            delay: 1000,\n        },\n        renderingConfig: {\n            singleLineBreaks: false,\n            codeSyntaxHighlighting: true,\n        },\n        toolbar: ["bold", "italic", "heading", "|", "quote", "unordered-list", "ordered-list", "|", "link", "table", "horizontal-rule", "|", "preview", "side-by-side", "fullscreen", "|", "guide"],\n        placeholder: "R\xc3\xa9digez votre mod\xc3\xa8le ici...",\n        minHeight: "400px"\n    });\n\n    // Manual sync before submission and debug log\n    document.querySelector(\'form\').addEventListener(\'submit\', function (e) {\n        console.log(\'Form submission triggered\');\n        easyMDE.save(); // Manual sync\n        console.log(\'Textarea content:\', document.getElementById(\'contenu\').value);\n    });\n\n    function insertVar(variable) {\n        var cm = easyMDE.codemirror;\n        var cursor = cm.getCursor();\n        cm.replaceRange(variable, cursor);\n        cm.focus();\n    }\n</script>\n\n\n    <!-- Tom Select JS -->\n    <script src="https://cdn.jsdelivr.net/npm/tom-select@2.2.2/dist/js/tom-select.complete.min.js"></script>\n    <script>\n        // Automatic initialization for elements with class \'tom-select\'\n        document.addEventListener(\'DOMContentLoaded\', function () {\n            document.querySelectorAll(\'.tom-select\').forEach(function (el) {\n                new TomSelect(el, {\n                    create: false,\n                    sortField: {\n                        field: "text",\n                        direction: "asc"\n                    }\n                });\n            });\n        });\n    </script>\n</body>\n\n</html>' = <WrapperTestResponse 33023 bytes [200 OK]>.data

tests\functional\test_actes.py:22: AssertionError
---------------------------- Captured stdout call -----------------------------
FORM ERROR in template_create: type_acte - Not a valid choice
_____________________________ test_act_generation _____________________________

client = <FlaskClient <Flask 'app'>>
auth = <conftest.AuthActions object at 0x000002114EE07890>, app = <Flask 'app'>

    def test_act_generation(client, auth, app):
        auth.login()
        dossier_id = None
        template_id = None
    
        with app.app_context():
            # Setup Data
            user = db.session.execute(db.select(User).filter_by(username='admin')).scalar_one()
    
            dossier = Dossier(
                numero_dossier='DOS-ACTE-01',
                intitule='Dossier Acte Test',
                responsable_id=user.id,
                type_dossier='VENTE'
            )
            db.session.add(dossier)
    
>           template = Template(
                nom='Template Vente Test',
                type_acte='VENTE',
                contenu='<h1>Acte de Vente</h1><p>Dossier: {{ dossier.numero_dossier }}</p>'
            )

tests\functional\test_actes.py:42: 
_ _ _ _ _ _ _ _ _ _ _ _ _ _ _ _ _ _ _ _ _ _ _ _ _ _ _ _ _ _ _ _ _ _ _ _ _ _ _ _
<string>:4: in __init__
    ???
..\..\..\..\AppData\Local\Programs\Python\Python314\Lib\site-packages\sqlalchemy\orm\state.py:596: in _initialize_instance
    with util.safe_reraise():
         ^^^^^^^^^^^^^^^^^^^
..\..\..\..\AppData\Local\Programs\Python\Python314\Lib\site-packages\sqlalchemy\util\langhelpers.py:224: in __exit__
    raise exc_value.with_traceback(exc_tb)
..\..\..\..\AppData\Local\Programs\Python\Python314\Lib\site-packages\sqlalchemy\orm\state.py:594: in _initialize_instance
    manager.original_init(*mixed[1:], **kwargs)
..\..\..\..\AppData\Local\Programs\Python\Python314\Lib\site-packages\sqlalchemy\orm\decl_base.py:2182: in _declarative_constructor
    setattr(self, k, kwargs[k])
..\..\..\..\AppData\Local\Programs\Python\Python314\Lib\site-packages\sqlalchemy\orm\attributes.py:540: in __set__
    self.impl.set(
..\..\..\..\AppData\Local\Programs\Python\Python314\Lib\site-packages\sqlalchemy\orm\attributes.py:1477: in set
    value = self.fire_replace_event(state, dict_, value, old, initiator)
            ^^^^^^^^^^^^^^^^^^^^^^^^^^^^^^^^^^^^^^^^^^^^^^^^^^^^^^^^^^^^
..\..\..\..\AppData\Local\Programs\Python\Python314\Lib\site-packages\sqlalchemy\orm\attributes.py:1516: in fire_replace_event
    value = fn(
_ _ _ _ _ _ _ _ _ _ _ _ _ _ _ _ _ _ _ _ _ _ _ _ _ _ _ _ _ _ _ _ _ _ _ _ _ _ _ _

state = <sqlalchemy.orm.state.InstanceState object at 0x000002114EBBD940>
child = 'VENTE', oldchild = <LoaderCallableStatus.NO_VALUE: 4>
initiator = <sqlalchemy.orm.attributes.AttributeEventToken object at 0x000002114EB27680>
kw = {}

    def emit_backref_from_scalar_set_event(
        state, child, oldchild, initiator, **kw
    ):
        if oldchild is child:
            return child
        if (
            oldchild is not None
            and oldchild is not PASSIVE_NO_RESULT
            and oldchild is not NO_VALUE
        ):
            # With lazy=None, there's no guarantee that the full collection is
            # present when updating via a backref.
            old_state, old_dict = (
                instance_state(oldchild),
                instance_dict(oldchild),
            )
            impl = old_state.manager[key].impl
    
            # tokens to test for a recursive loop.
            if not impl.collection and not impl.dynamic:
                check_recursive_token = impl._replace_token
            else:
                check_recursive_token = impl._remove_token
    
            if initiator is not check_recursive_token:
                impl.pop(
                    old_state,
                    old_dict,
                    state.obj(),
                    parent_impl._append_token,
                    passive=PASSIVE_NO_FETCH,
                )
    
        if child is not None:
            child_state, child_dict = (
>               instance_state(child),
                ^^^^^^^^^^^^^^^^^^^^^
                instance_dict(child),
            )
E           AttributeError: 'str' object has no attribute '_sa_instance_state'

..\..\..\..\AppData\Local\Programs\Python\Python314\Lib\site-packages\sqlalchemy\orm\attributes.py:2171: AttributeError
============================== warnings summary ===============================
tests/functional/test_actes.py::test_templates_index
tests/functional/test_actes.py::test_template_create
tests/functional/test_actes.py::test_act_generation
  C:\Users\Admin\AppData\Local\Programs\Python\Python314\Lib\site-packages\sqlalchemy\sql\schema.py:3624: DeprecationWarning: datetime.datetime.utcnow() is deprecated and scheduled for removal in a future version. Use timezone-aware objects to represent datetimes in UTC: datetime.datetime.now(datetime.UTC).
    return util.wrap_callable(lambda ctx: fn(), fn)  # type: ignore

tests/functional/test_actes.py::test_templates_index
tests/functional/test_actes.py::test_templates_index
tests/functional/test_actes.py::test_template_create
tests/functional/test_actes.py::test_template_create
tests/functional/test_actes.py::test_act_generation
  C:\Users\Admin\Documents\Repository\AGEN-OHADA-flask\AGEN-OHADA-FLASK\app\__init__.py:21: DeprecationWarning: datetime.datetime.utcnow() is deprecated and scheduled for removal in a future version. Use timezone-aware objects to represent datetimes in UTC: datetime.datetime.now(datetime.UTC).
    return {'now': datetime.utcnow()}

-- Docs: https://docs.pytest.org/en/stable/how-to/capture-warnings.html
=============================== tests coverage ================================
_______________ coverage: platform win32, python 3.14.2-final-0 _______________

Name                                        Stmts   Miss  Cover
---------------------------------------------------------------
app\__init__.py                                39      0   100%
app\actes\__init__.py                           3      0   100%
app\actes\calculators\ao.py                    17     11    35%
app\actes\calculators\bail.py                  18     12    33%
app\actes\calculators\base.py                  68     32    53%
app\actes\calculators\cession_parts.py         16     10    38%
app\actes\calculators\dation.py                22     16    27%
app\actes\calculators\divers.py                78     57    27%
app\actes\calculators\donation_partage.py      51     40    22%
app\actes\calculators\echange.py               20     14    30%
app\actes\calculators\garanties.py             37     27    27%
app\actes\calculators\registry.py              31     11    65%
app\actes\calculators\shared.py                42     29    31%
app\actes\calculators\societe.py               42     26    38%
app\actes\calculators\societe_divers.py        57     45    21%
app\actes\calculators\succession.py            64     57    11%
app\actes\calculators\tpv.py                   17     10    41%
app\actes\calculators\vente.py                 24     18    25%
app\actes\calculators\vente_divers.py          44     34    23%
app\actes\forms.py                             33      2    94%
app\actes\routes\__init__.py                    4      0   100%
app\actes\routes\archives.py                   29     12    59%
app\actes\routes\baremes.py                   116     72    38%
app\actes\routes\supervision.py               133     81    39%
app\actes\routes\workflow.py                  145     99    32%
app\actes\services\__init__.py                  2      0   100%
app\actes\services\archiver.py                 49     38    22%
app\actes\services\generator.py                68     52    24%
app\actes\services\parametres.py               79     57    28%
app\auth\__init__.py                            3      0   100%
app\auth\forms.py                               8      0   100%
app\auth\routes.py                             27      6    78%
app\cli.py                                     29     13    55%
app\clients\__init__.py                         3      0   100%
app\clients\forms.py                           14      0   100%
app\clients\routes.py                          80     52    35%
app\comptabilite\__init__.py                    3      0   100%
app\comptabilite\forms.py                      64      5    92%
app\comptabilite\routes.py                    288    202    30%
app\comptabilite\service.py                   119     88    26%
app\config.py                                  26      1    96%
app\decorators.py                              27     11    59%
app\dossiers\__init__.py                        3      0   100%
app\dossiers\forms.py                          15      0   100%
app\dossiers\routes.py                        122     85    30%
app\formalites\__init__.py                      3      0   100%
app\formalites\calculator.py                   57     36    37%
app\formalites\forms.py                        26      2    92%
app\formalites\routes.py                      189    139    26%
app\main\__init__.py                            3      0   100%
app\main\routes.py                             24      7    71%
app\models.py                                 231     18    92%
app\users\__init__.py                           3      0   100%
app\users\forms.py                             51     21    59%
app\users\routes.py                           104     65    38%
app\users\routes_parametres.py                 46     35    24%
---------------------------------------------------------------
TOTAL                                        2916   1648    43%
=========================== short test summary info ===========================
FAILED tests/functional/test_actes.py::test_templates_index - assert (b'Mod\xc3\xa8les' in b'<!DOCTYPE html>\n<html lang="fr" class="h-full bg-gray-50">\n\n<head>\n    <meta charset="UTF-8">\n    <meta name="viewport" content="width=device-width, initial-scale=1.0">\n    <title>AGEN-OHADA</title>\n    <script src="https://cdn.tailwindcss.com"></script>\n    <link rel="stylesheet" href="https://unpkg.com/easymde/dist/easymde.min.css">\n\n    <!-- Tom Select -->\n    <link href="https://cdn.jsdelivr.net/npm/tom-select@2.2.2/dist/css/tom-select.css" rel="stylesheet">\n    <script src="https://cdn.jsdelivr.net/npm/tom-select@2.2.2/dist/js/tom-select.min.js"></script>\n\n    <link href="https://fonts.googleapis.com/css2?family=Inter:wght@300;400;500;600;700&display=swap" rel="stylesheet">\n    <script defer src="https://cdn.jsdelivr.net/npm/alpinejs@3.x.x/dist/cdn.min.js"></script>\n    <style>\n        body {\n            font-family: \'Inter\', sans-serif;\n        }\n\n        [x-cloak] {\n            display: none !important;\n        }\n\n        /* Basic Markdown Styling */\n        .prose h1 {\n            font-size: 2.25rem;\n            font-weight: 700;\n            margin-top: 1.5rem;\n            margin-bottom: 1rem;\n        }\n\n        .prose h2 {\n            font-size: 1.875rem;\n            font-weight: 600;\n            margin-top: 1.25rem;\n            margin-bottom: 0.75rem;\n            border-bottom: 1px solid #e5e7eb;\n            padding-bottom: 0.25rem;\n        }\n\n        .prose h3 {\n            font-size: 1.5rem;\n            font-weight: 600;\n            margin-top: 1rem;\n            margin-bottom: 0.5rem;\n        }\n\n        .prose p {\n            margin-bottom: 1rem;\n            line-height: 1.6;\n        }\n\n        .prose ul {\n            list-style-type: disc;\n            margin-left: 1.5rem;\n            margin-bottom: 1rem;\n        }\n\n        .prose ol {\n            list-style-type: decimal;\n            margin-left: 1.5rem;\n            margin-bottom: 1rem;\n        }\n\n        .prose table {\n            width: 100%;\n            border-collapse: collapse;\n            margin-bottom: 1rem;\n        }\n\n        .prose th,\n        .prose td {\n            border: 1px solid #e5e7eb;\n            padding: 0.5rem;\n            text-align: left;\n        }\n\n        .prose th {\n            background-color: #f9fafb;\n        }\n    </style>\n    \n</head>\n\n<body class="h-full">\n    <div class="min-h-full" x-data="{ mobileMenuOpen: false }">\n        <!-- Navigation -->\n        \n        \n\n        \n\n        \n        \n\n        \n        \n        \n        \n\n        \n\n        <nav class="bg-white shadow">\n            <div class="mx-auto max-w-7xl px-4 sm:px-6 lg:px-8">\n                <div class="flex h-16 justify-between">\n                    <div class="flex">\n                        <div class="flex flex-shrink-0 items-center">\n                            <span class="text-xl font-bold text-indigo-600">AGEN-OHADA</span>\n                        </div>\n                        <div class="hidden sm:ml-6 sm:flex sm:space-x-8">\n\n                            \n                            \n                            \n\n                            \n                            \n                            \n                            \n                            \n                            \n                            \n                            \n                            \n                            \n                            \n                            \n                            \n                            \n                            \n                            \n                            \n                            \n                            \n                            \n                            \n                            \n                            \n                            \n                            \n                            \n                            \n                            \n                            \n                            \n                            \n                            \n                            \n                            \n                            \n                            \n                            \n                            \n                            \n                            \n                            \n                            \n                            \n                            \n                            \n                            \n\n                            \n                            \n                            \n                            <a href="/index"\n                                class="inline-flex items-center px-1 pt-1 border-b-2 text-sm font-medium border-transparent text-gray-500 hover:border-gray-300 hover:text-gray-700">\n                                Accueil\n                            </a>\n                            \n                            \n                            <a href="/clients"\n                                class="inline-flex items-center px-1 pt-1 border-b-2 text-sm font-medium border-transparent text-gray-500 hover:border-gray-300 hover:text-gray-700">\n                                Clients\n                            </a>\n                            \n                            \n                            <a href="/dossiers/"\n                                class="inline-flex items-center px-1 pt-1 border-b-2 text-sm font-medium border-transparent text-gray-500 hover:border-gray-300 hover:text-gray-700">\n                                Dossiers\n                            </a>\n                            \n                            \n                            <a href="/formalites/"\n                                class="inline-flex items-center px-1 pt-1 border-b-2 text-sm font-medium border-transparent text-gray-500 hover:border-gray-300 hover:text-gray-700">\n                                Formalit\xc3\xa9s\n                            </a>\n                            \n                            \n                            <a href="/comptabilite/"\n                                class="inline-flex items-center px-1 pt-1 border-b-2 text-sm font-medium border-transparent text-gray-500 hover:border-gray-300 hover:text-gray-700">\n                                Comptabilit\xc3\xa9\n                            </a>\n                            \n                            \n                            <a href="/dossiers/archives"\n                                class="inline-flex items-center px-1 pt-1 border-b-2 text-sm font-medium border-transparent text-gray-500 hover:border-gray-300 hover:text-gray-700">\n                                Archives\n                            </a>\n                            \n                            \n                            <a href="/users/"\n                                class="inline-flex items-center px-1 pt-1 border-b-2 text-sm font-medium border-transparent text-gray-500 hover:border-gray-300 hover:text-gray-700">\n                                Utilisateurs\n                            </a>\n                            \n                            \n                            <a href="/users/parametres"\n                                class="inline-flex items-center px-1 pt-1 border-b-2 text-sm font-medium border-transparent text-gray-500 hover:border-gray-300 hover:text-gray-700">\n                                \xe2\x9a\x99 Param\xc3\xa8tres\n                            </a>\n                            \n                            \n                            <a href="/help"\n                                class="inline-flex items-center px-1 pt-1 border-b-2 text-sm font-medium border-transparent text-gray-500 hover:border-gray-300 hover:text-gray-700">\n                                Aide\n                            </a>\n                            \n\n                            <!-- Dropdown Actes -->\n                            <div class="relative inline-flex items-center" x-data="{ open: false }">\n                                <button type="button" @click="open = !open" @click.away="open = false"\n                                    class="inline-flex items-center px-1 pt-1 border-b-2 text-sm font-medium border-transparent text-gray-500 hover:border-gray-300 hover:text-gray-700">\n                                    <span>Actes</span>\n                                    <svg class="ml-2 h-5 w-5" viewBox="0 0 20 20" fill="currentColor">\n                                        <path fill-rule="evenodd"\n                                            d="M5.293 7.293a1 1 0 011.414 0L10 10.586l3.293-3.293a1 1 0 111.414 1.414l-4 4a1 1 0 01-1.414 0l-4-4a1 1 0 010-1.414z"\n                                            clip-rule="evenodd" />\n                                    </svg>\n                                </button>\n                                <div x-show="open" x-transition:enter="transition ease-out duration-200"\n                                    x-transition:enter-start="opacity-0 scale-95"\n                                    x-transition:enter-end="opacity-100 scale-100"\n                                    x-transition:leave="transition ease-in duration-75"\n                                    x-transition:leave-start="opacity-100 scale-100"\n                                    x-transition:leave-end="opacity-0 scale-95"\n                                    class="absolute left-0 top-full z-10 mt-2 w-48 origin-top-left rounded-md bg-white py-1 shadow-lg ring-1 ring-black ring-opacity-5 focus:outline-none"\n                                    style="display: none;">\n                                    <a href="/actes/types"\n                                        class="block px-4 py-2 text-sm text-gray-700 hover:bg-gray-100">G\xc3\xa9rer les types\n                                        d\'actes</a>\n                                    <a href="/actes/templates"\n                                        class="block px-4 py-2 text-sm text-gray-700 hover:bg-gray-100">G\xc3\xa9rer les\n                                        mod\xc3\xa8les d\'acte</a>\n                                    <a href="/actes/review"\n                                        class="block px-4 py-2 text-sm text-gray-700 hover:bg-gray-100">Signer les\n                                        actes</a>\n                                    <hr class="my-1">\n                                    <a href="/actes/repertoire"\n                                        class="block px-4 py-2 text-sm text-gray-700 hover:bg-gray-100">R\xc3\xa9pertoire\n                                        Notarial</a>\n                                </div>\n                            </div>\n\n                            \n                            \n                        </div>\n                    </div>\n\n                    <div class="hidden sm:ml-6 sm:flex sm:items-center">\n                        <div class="relative ml-3">\n                            <div class="flex items-center gap-4">\n                                <a href="/users/profile"\n                                    class="text-sm font-medium text-gray-700 hover:text-indigo-600">\n                                    admin\n                                </a>\n                                <a href="/auth/logout"\n                                    class="rounded-md bg-white px-3 py-2 text-sm font-semibold text-gray-900 shadow-sm ring-1 ring-inset ring-gray-300 hover:bg-gray-50">\n                                    Se d\xc3\xa9connecter\n                                </a>\n                            </div>\n                        </div>\n                    </div>\n\n                    <!-- Mobile menu button -->\n                    <div class="-mr-2 flex items-center sm:hidden">\n                        <button type="button" @click="mobileMenuOpen = !mobileMenuOpen"\n                            class="inline-flex items-center justify-center rounded-md p-2 text-gray-400 hover:bg-gray-100 hover:text-gray-500 focus:outline-none focus:ring-2 focus:ring-inset focus:ring-indigo-500">\n                            <span class="sr-only">Open main menu</span>\n                            <svg class="h-6 w-6" fill="none" viewBox="0 0 24 24" stroke-width="1.5"\n                                stroke="currentColor" aria-hidden="true">\n                                <path stroke-linecap="round" stroke-linejoin="round"\n                                    d="M3.75 6.75h16.5M3.75 12h16.5m-16.5 5.25h16.5" />\n                            </svg>\n                        </button>\n                    </div>\n                </div>\n            </div>\n\n            <!-- Mobile menu -->\n            <div class="sm:hidden" id="mobile-menu" x-show="mobileMenuOpen" x-cloak>\n                <div class="space-y-1 pb-3 pt-2">\n                    \n                    \n                    \n                    <a href="/index"\n                        class="block border-l-4 py-2 pl-3 pr-4 text-base font-medium border-transparent text-gray-500 hover:border-gray-300 hover:bg-gray-50 hover:text-gray-700">\n                        Accueil\n                    </a>\n                    \n                    \n                    <a href="/clients"\n                        class="block border-l-4 py-2 pl-3 pr-4 text-base font-medium border-transparent text-gray-500 hover:border-gray-300 hover:bg-gray-50 hover:text-gray-700">\n                        Clients\n                    </a>\n                    \n                    \n                    <a href="/dossiers/"\n                        class="block border-l-4 py-2 pl-3 pr-4 text-base font-medium border-transparent text-gray-500 hover:border-gray-300 hover:bg-gray-50 hover:text-gray-700">\n                        Dossiers\n                    </a>\n                    \n                    \n                    <a href="/formalites/"\n                        class="block border-l-4 py-2 pl-3 pr-4 text-base font-medium border-transparent text-gray-500 hover:border-gray-300 hover:bg-gray-50 hover:text-gray-700">\n                        Formalit\xc3\xa9s\n                    </a>\n                    \n                    \n                    <a href="/comptabilite/"\n                        class="block border-l-4 py-2 pl-3 pr-4 text-base font-medium border-transparent text-gray-500 hover:border-gray-300 hover:bg-gray-50 hover:text-gray-700">\n                        Comptabilit\xc3\xa9\n                    </a>\n                    \n                    \n                    <a href="/dossiers/archives"\n                        class="block border-l-4 py-2 pl-3 pr-4 text-base font-medium border-transparent text-gray-500 hover:border-gray-300 hover:bg-gray-50 hover:text-gray-700">\n                        Archives\n                    </a>\n                    \n                    \n                    <a href="/users/"\n                        class="block border-l-4 py-2 pl-3 pr-4 text-base font-medium border-transparent text-gray-500 hover:border-gray-300 hover:bg-gray-50 hover:text-gray-700">\n                        Utilisateurs\n                    </a>\n                    \n                    \n                    <a href="/users/parametres"\n                        class="block border-l-4 py-2 pl-3 pr-4 text-base font-medium border-transparent text-gray-500 hover:border-gray-300 hover:bg-gray-50 hover:text-gray-700">\n                        \xe2\x9a\x99 Param\xc3\xa8tres\n                    </a>\n                    \n                    \n                    <a href="/help"\n                        class="block border-l-4 py-2 pl-3 pr-4 text-base font-medium border-transparent text-gray-500 hover:border-gray-300 hover:bg-gray-50 hover:text-gray-700">\n                        Aide\n                    </a>\n                    \n\n                    <!-- Actes Submenu for Mobile -->\n                    <div class="border-t border-gray-200 mt-2 pt-2">\n                        <div class="px-3 py-2 text-xs font-semibold text-gray-400 uppercase tracking-wider">Gestion des\n                            Actes</div>\n                        <a href="/actes/types"\n                            class="block py-2 pl-6 pr-4 text-base font-medium text-gray-500 hover:bg-gray-50 hover:text-gray-700">G\xc3\xa9rer\n                            les types d\'actes</a>\n                        <a href="/actes/templates"\n                            class="block py-2 pl-6 pr-4 text-base font-medium text-gray-500 hover:bg-gray-50 hover:text-gray-700">G\xc3\xa9rer\n                            les mod\xc3\xa8les d\'acte</a>\n                        <a href="/actes/review"\n                            class="block py-2 pl-6 pr-4 text-base font-medium text-gray-500 hover:bg-gray-50 hover:text-gray-700">Signer\n                            les actes</a>\n                        <a href="/actes/repertoire"\n                            class="block py-2 pl-6 pr-4 text-base font-medium text-gray-500 hover:bg-gray-50 hover:text-gray-700">R\xc3\xa9pertoire\n                            Notarial</a>\n                    </div>\n\n                    \n                    \n                    <div class="border-t border-gray-200 pt-4 pb-3">\n                        <div class="flex items-center px-4">\n                            <div class="flex-shrink-0">\n                                <a href="/users/profile">\n                                    <div\n                                        class="h-8 w-8 rounded-full bg-gray-200 flex items-center justify-center text-gray-500">\n                                        A\n                                    </div>\n                                </a>\n                            </div>\n                            <div class="ml-3">\n                                <div class="text-base font-medium text-gray-800">admin</div>\n                                <div class="text-sm font-medium text-gray-500">admin@example.com</div>\n                            </div>\n                        </div>\n                        <div class="mt-3 space-y-1">\n                            <a href="/users/profile"\n                                class="block px-4 py-2 text-base font-medium text-gray-500 hover:bg-gray-100 hover:text-gray-800">Mon\n                                Profil</a>\n                            <a href="/auth/logout"\n                                class="block px-4 py-2 text-base font-medium text-gray-500 hover:bg-gray-100 hover:text-gray-800">Se\n                                d\xc3\xa9connecter</a>\n                        </div>\n                    </div>\n                </div>\n            </div>\n        </nav>\n        \n\n        <!-- Flash Messages -->\n        \n        <div class="mx-auto max-w-7xl px-4 sm:px-6 lg:px-8 mt-4">\n            \n            \n            \n        </div>\n        \n\n        <!-- Main Content -->\n        <!-- Use h-full to allow content to grow, but min-h-screen calculation might be better elsewhere. \n             For now, standard layout is fine. -->\n        <main class="py-10">\n            <div class="mx-auto max-w-7xl px-4 sm:px-6 lg:px-8">\n                \n<div class="md:flex md:items-center md:justify-between mb-8">\n    <div class="min-w-0 flex-1">\n        <h2 class="text-2xl font-bold leading-7 text-gray-900 sm:truncate sm:text-3xl sm:tracking-tight">Gestion des\n            Actes\n        </h2>\n    </div>\n    <div class="mt-4 flex md:ml-4 md:mt-0">\n        <a href="/actes/types"\n            class="mr-3 inline-flex items-center rounded-md bg-white px-3 py-2 text-sm font-semibold text-gray-900 shadow-sm ring-1 ring-inset ring-gray-300 hover:bg-gray-50">\n            G\xc3\xa9rer les Types\n        </a>\n        <a href="/actes/generate"\n            class="mr-3 inline-flex items-center rounded-md bg-white px-3 py-2 text-sm font-semibold text-gray-900 shadow-sm ring-1 ring-inset ring-gray-300 hover:bg-gray-50">\n            G\xc3\xa9n\xc3\xa9rer un Acte\n        </a>\n        <a href="/actes/templates/new"\n            class="ml-3 inline-flex items-center rounded-md bg-indigo-600 px-3 py-2 text-sm font-semibold text-white shadow-sm hover:bg-indigo-700 focus-visible:outline focus-visible:outline-2 focus-visible:outline-offset-2 focus-visible:outline-indigo-600">\n            Nouveau Mod\xc3\xa8le\n        </a>\n    </div>\n</div>\n\n<div class="bg-white shadow-sm ring-1 ring-gray-900/5 sm:rounded-xl md:col-span-2">\n    <table class="min-w-full divide-y divide-gray-300">\n        <thead class="bg-gray-50">\n            <tr>\n                <th scope="col" class="py-3.5 pl-4 pr-3 text-left text-sm font-semibold text-gray-900 sm:pl-6">Nom</th>\n                <th scope="col" class="px-3 py-3.5 text-left text-sm font-semibold text-gray-900">Type</th>\n                <th scope="col" class="px-3 py-3.5 text-left text-sm font-semibold text-gray-900">Description</th>\n                <th scope="col" class="relative py-3.5 pl-3 pr-4 sm:pr-6">\n                    <span class="sr-only">Actions</span>\n                </th>\n            </tr>\n        </thead>\n        <tbody class="divide-y divide-gray-200 bg-white">\n            \n            <tr>\n                <td colspan="4" class="py-4 text-center text-sm text-gray-500">Aucun mod\xc3\xa8le trouv\xc3\xa9.</td>\n            </tr>\n            \n        </tbody>\n    </table>\n</div>\n\n            </div>\n        </main>\n\n        \n        <footer class="bg-white">\n            <div class="mx-auto max-w-7xl px-6 py-4 md:flex md:items-center md:justify-between lg:px-8">\n                <div class="mt-8 md:order-1 md:mt-0">\n                    <p class="text-center text-xs leading-5 text-gray-500">&copy; 2026\n                        AGEN-OHADA. Tous droits r\xc3\xa9serv\xc3\xa9s. v1.1.0</p>\n                </div>\n            </div>\n        </footer>\n        \n    </div>\n    \n\n    <!-- Tom Select JS -->\n    <script src="https://cdn.jsdelivr.net/npm/tom-select@2.2.2/dist/js/tom-select.complete.min.js"></script>\n    <script>\n        // Automatic initialization for elements with class \'tom-select\'\n        document.addEventListener(\'DOMContentLoaded\', function () {\n            document.querySelectorAll(\'.tom-select\').forEach(function (el) {\n                new TomSelect(el, {\n                    create: false,\n                    sortField: {\n                        field: "text",\n                        direction: "asc"\n                    }\n                });\n            });\n        });\n    </script>\n</body>\n\n</html>' or b'Mod\xe8les' in b'<!DOCTYPE html>\n<html lang="fr" class="h-full bg-gray-50">\n\n<head>\n    <meta charset="UTF-8">\n    <meta name="viewport" content="width=device-width, initial-scale=1.0">\n    <title>AGEN-OHADA</title>\n    <script src="https://cdn.tailwindcss.com"></script>\n    <link rel="stylesheet" href="https://unpkg.com/easymde/dist/easymde.min.css">\n\n    <!-- Tom Select -->\n    <link href="https://cdn.jsdelivr.net/npm/tom-select@2.2.2/dist/css/tom-select.css" rel="stylesheet">\n    <script src="https://cdn.jsdelivr.net/npm/tom-select@2.2.2/dist/js/tom-select.min.js"></script>\n\n    <link href="https://fonts.googleapis.com/css2?family=Inter:wght@300;400;500;600;700&display=swap" rel="stylesheet">\n    <script defer src="https://cdn.jsdelivr.net/npm/alpinejs@3.x.x/dist/cdn.min.js"></script>\n    <style>\n        body {\n            font-family: \'Inter\', sans-serif;\n        }\n\n        [x-cloak] {\n            display: none !important;\n        }\n\n        /* Basic Markdown Styling */\n        .prose h1 {\n            font-size: 2.25rem;\n            font-weight: 700;\n            margin-top: 1.5rem;\n            margin-bottom: 1rem;\n        }\n\n        .prose h2 {\n            font-size: 1.875rem;\n            font-weight: 600;\n            margin-top: 1.25rem;\n            margin-bottom: 0.75rem;\n            border-bottom: 1px solid #e5e7eb;\n            padding-bottom: 0.25rem;\n        }\n\n        .prose h3 {\n            font-size: 1.5rem;\n            font-weight: 600;\n            margin-top: 1rem;\n            margin-bottom: 0.5rem;\n        }\n\n        .prose p {\n            margin-bottom: 1rem;\n            line-height: 1.6;\n        }\n\n        .prose ul {\n            list-style-type: disc;\n            margin-left: 1.5rem;\n            margin-bottom: 1rem;\n        }\n\n        .prose ol {\n            list-style-type: decimal;\n            margin-left: 1.5rem;\n            margin-bottom: 1rem;\n        }\n\n        .prose table {\n            width: 100%;\n            border-collapse: collapse;\n            margin-bottom: 1rem;\n        }\n\n        .prose th,\n        .prose td {\n            border: 1px solid #e5e7eb;\n            padding: 0.5rem;\n            text-align: left;\n        }\n\n        .prose th {\n            background-color: #f9fafb;\n        }\n    </style>\n    \n</head>\n\n<body class="h-full">\n    <div class="min-h-full" x-data="{ mobileMenuOpen: false }">\n        <!-- Navigation -->\n        \n        \n\n        \n\n        \n        \n\n        \n        \n        \n        \n\n        \n\n        <nav class="bg-white shadow">\n            <div class="mx-auto max-w-7xl px-4 sm:px-6 lg:px-8">\n                <div class="flex h-16 justify-between">\n                    <div class="flex">\n                        <div class="flex flex-shrink-0 items-center">\n                            <span class="text-xl font-bold text-indigo-600">AGEN-OHADA</span>\n                        </div>\n                        <div class="hidden sm:ml-6 sm:flex sm:space-x-8">\n\n                            \n                            \n                            \n\n                            \n                            \n                            \n                            \n                            \n                            \n                            \n                            \n                            \n                            \n                            \n                            \n                            \n                            \n                            \n                            \n                            \n                            \n                            \n                            \n                            \n                            \n                            \n                            \n                            \n                            \n                            \n                            \n                            \n                            \n                            \n                            \n                            \n                            \n                            \n                            \n                            \n                            \n                            \n                            \n                            \n                            \n                            \n                            \n                            \n                            \n\n                            \n                            \n                            \n                            <a href="/index"\n                                class="inline-flex items-center px-1 pt-1 border-b-2 text-sm font-medium border-transparent text-gray-500 hover:border-gray-300 hover:text-gray-700">\n                                Accueil\n                            </a>\n                            \n                            \n                            <a href="/clients"\n                                class="inline-flex items-center px-1 pt-1 border-b-2 text-sm font-medium border-transparent text-gray-500 hover:border-gray-300 hover:text-gray-700">\n                                Clients\n                            </a>\n                            \n                            \n                            <a href="/dossiers/"\n                                class="inline-flex items-center px-1 pt-1 border-b-2 text-sm font-medium border-transparent text-gray-500 hover:border-gray-300 hover:text-gray-700">\n                                Dossiers\n                            </a>\n                            \n                            \n                            <a href="/formalites/"\n                                class="inline-flex items-center px-1 pt-1 border-b-2 text-sm font-medium border-transparent text-gray-500 hover:border-gray-300 hover:text-gray-700">\n                                Formalit\xc3\xa9s\n                            </a>\n                            \n                            \n                            <a href="/comptabilite/"\n                                class="inline-flex items-center px-1 pt-1 border-b-2 text-sm font-medium border-transparent text-gray-500 hover:border-gray-300 hover:text-gray-700">\n                                Comptabilit\xc3\xa9\n                            </a>\n                            \n                            \n                            <a href="/dossiers/archives"\n                                class="inline-flex items-center px-1 pt-1 border-b-2 text-sm font-medium border-transparent text-gray-500 hover:border-gray-300 hover:text-gray-700">\n                                Archives\n                            </a>\n                            \n                            \n                            <a href="/users/"\n                                class="inline-flex items-center px-1 pt-1 border-b-2 text-sm font-medium border-transparent text-gray-500 hover:border-gray-300 hover:text-gray-700">\n                                Utilisateurs\n                            </a>\n                            \n                            \n                            <a href="/users/parametres"\n                                class="inline-flex items-center px-1 pt-1 border-b-2 text-sm font-medium border-transparent text-gray-500 hover:border-gray-300 hover:text-gray-700">\n                                \xe2\x9a\x99 Param\xc3\xa8tres\n                            </a>\n                            \n                            \n                            <a href="/help"\n                                class="inline-flex items-center px-1 pt-1 border-b-2 text-sm font-medium border-transparent text-gray-500 hover:border-gray-300 hover:text-gray-700">\n                                Aide\n                            </a>\n                            \n\n                            <!-- Dropdown Actes -->\n                            <div class="relative inline-flex items-center" x-data="{ open: false }">\n                                <button type="button" @click="open = !open" @click.away="open = false"\n                                    class="inline-flex items-center px-1 pt-1 border-b-2 text-sm font-medium border-transparent text-gray-500 hover:border-gray-300 hover:text-gray-700">\n                                    <span>Actes</span>\n                                    <svg class="ml-2 h-5 w-5" viewBox="0 0 20 20" fill="currentColor">\n                                        <path fill-rule="evenodd"\n                                            d="M5.293 7.293a1 1 0 011.414 0L10 10.586l3.293-3.293a1 1 0 111.414 1.414l-4 4a1 1 0 01-1.414 0l-4-4a1 1 0 010-1.414z"\n                                            clip-rule="evenodd" />\n                                    </svg>\n                                </button>\n                                <div x-show="open" x-transition:enter="transition ease-out duration-200"\n                                    x-transition:enter-start="opacity-0 scale-95"\n                                    x-transition:enter-end="opacity-100 scale-100"\n                                    x-transition:leave="transition ease-in duration-75"\n                                    x-transition:leave-start="opacity-100 scale-100"\n                                    x-transition:leave-end="opacity-0 scale-95"\n                                    class="absolute left-0 top-full z-10 mt-2 w-48 origin-top-left rounded-md bg-white py-1 shadow-lg ring-1 ring-black ring-opacity-5 focus:outline-none"\n                                    style="display: none;">\n                                    <a href="/actes/types"\n                                        class="block px-4 py-2 text-sm text-gray-700 hover:bg-gray-100">G\xc3\xa9rer les types\n                                        d\'actes</a>\n                                    <a href="/actes/templates"\n                                        class="block px-4 py-2 text-sm text-gray-700 hover:bg-gray-100">G\xc3\xa9rer les\n                                        mod\xc3\xa8les d\'acte</a>\n                                    <a href="/actes/review"\n                                        class="block px-4 py-2 text-sm text-gray-700 hover:bg-gray-100">Signer les\n                                        actes</a>\n                                    <hr class="my-1">\n                                    <a href="/actes/repertoire"\n                                        class="block px-4 py-2 text-sm text-gray-700 hover:bg-gray-100">R\xc3\xa9pertoire\n                                        Notarial</a>\n                                </div>\n                            </div>\n\n                            \n                            \n                        </div>\n                    </div>\n\n                    <div class="hidden sm:ml-6 sm:flex sm:items-center">\n                        <div class="relative ml-3">\n                            <div class="flex items-center gap-4">\n                                <a href="/users/profile"\n                                    class="text-sm font-medium text-gray-700 hover:text-indigo-600">\n                                    admin\n                                </a>\n                                <a href="/auth/logout"\n                                    class="rounded-md bg-white px-3 py-2 text-sm font-semibold text-gray-900 shadow-sm ring-1 ring-inset ring-gray-300 hover:bg-gray-50">\n                                    Se d\xc3\xa9connecter\n                                </a>\n                            </div>\n                        </div>\n                    </div>\n\n                    <!-- Mobile menu button -->\n                    <div class="-mr-2 flex items-center sm:hidden">\n                        <button type="button" @click="mobileMenuOpen = !mobileMenuOpen"\n                            class="inline-flex items-center justify-center rounded-md p-2 text-gray-400 hover:bg-gray-100 hover:text-gray-500 focus:outline-none focus:ring-2 focus:ring-inset focus:ring-indigo-500">\n                            <span class="sr-only">Open main menu</span>\n                            <svg class="h-6 w-6" fill="none" viewBox="0 0 24 24" stroke-width="1.5"\n                                stroke="currentColor" aria-hidden="true">\n                                <path stroke-linecap="round" stroke-linejoin="round"\n                                    d="M3.75 6.75h16.5M3.75 12h16.5m-16.5 5.25h16.5" />\n                            </svg>\n                        </button>\n                    </div>\n                </div>\n            </div>\n\n            <!-- Mobile menu -->\n            <div class="sm:hidden" id="mobile-menu" x-show="mobileMenuOpen" x-cloak>\n                <div class="space-y-1 pb-3 pt-2">\n                    \n                    \n                    \n                    <a href="/index"\n                        class="block border-l-4 py-2 pl-3 pr-4 text-base font-medium border-transparent text-gray-500 hover:border-gray-300 hover:bg-gray-50 hover:text-gray-700">\n                        Accueil\n                    </a>\n                    \n                    \n                    <a href="/clients"\n                        class="block border-l-4 py-2 pl-3 pr-4 text-base font-medium border-transparent text-gray-500 hover:border-gray-300 hover:bg-gray-50 hover:text-gray-700">\n                        Clients\n                    </a>\n                    \n                    \n                    <a href="/dossiers/"\n                        class="block border-l-4 py-2 pl-3 pr-4 text-base font-medium border-transparent text-gray-500 hover:border-gray-300 hover:bg-gray-50 hover:text-gray-700">\n                        Dossiers\n                    </a>\n                    \n                    \n                    <a href="/formalites/"\n                        class="block border-l-4 py-2 pl-3 pr-4 text-base font-medium border-transparent text-gray-500 hover:border-gray-300 hover:bg-gray-50 hover:text-gray-700">\n                        Formalit\xc3\xa9s\n                    </a>\n                    \n                    \n                    <a href="/comptabilite/"\n                        class="block border-l-4 py-2 pl-3 pr-4 text-base font-medium border-transparent text-gray-500 hover:border-gray-300 hover:bg-gray-50 hover:text-gray-700">\n                        Comptabilit\xc3\xa9\n                    </a>\n                    \n                    \n                    <a href="/dossiers/archives"\n                        class="block border-l-4 py-2 pl-3 pr-4 text-base font-medium border-transparent text-gray-500 hover:border-gray-300 hover:bg-gray-50 hover:text-gray-700">\n                        Archives\n                    </a>\n                    \n                    \n                    <a href="/users/"\n                        class="block border-l-4 py-2 pl-3 pr-4 text-base font-medium border-transparent text-gray-500 hover:border-gray-300 hover:bg-gray-50 hover:text-gray-700">\n                        Utilisateurs\n                    </a>\n                    \n                    \n                    <a href="/users/parametres"\n                        class="block border-l-4 py-2 pl-3 pr-4 text-base font-medium border-transparent text-gray-500 hover:border-gray-300 hover:bg-gray-50 hover:text-gray-700">\n                        \xe2\x9a\x99 Param\xc3\xa8tres\n                    </a>\n                    \n                    \n                    <a href="/help"\n                        class="block border-l-4 py-2 pl-3 pr-4 text-base font-medium border-transparent text-gray-500 hover:border-gray-300 hover:bg-gray-50 hover:text-gray-700">\n                        Aide\n                    </a>\n                    \n\n                    <!-- Actes Submenu for Mobile -->\n                    <div class="border-t border-gray-200 mt-2 pt-2">\n                        <div class="px-3 py-2 text-xs font-semibold text-gray-400 uppercase tracking-wider">Gestion des\n                            Actes</div>\n                        <a href="/actes/types"\n                            class="block py-2 pl-6 pr-4 text-base font-medium text-gray-500 hover:bg-gray-50 hover:text-gray-700">G\xc3\xa9rer\n                            les types d\'actes</a>\n                        <a href="/actes/templates"\n                            class="block py-2 pl-6 pr-4 text-base font-medium text-gray-500 hover:bg-gray-50 hover:text-gray-700">G\xc3\xa9rer\n                            les mod\xc3\xa8les d\'acte</a>\n                        <a href="/actes/review"\n                            class="block py-2 pl-6 pr-4 text-base font-medium text-gray-500 hover:bg-gray-50 hover:text-gray-700">Signer\n                            les actes</a>\n                        <a href="/actes/repertoire"\n                            class="block py-2 pl-6 pr-4 text-base font-medium text-gray-500 hover:bg-gray-50 hover:text-gray-700">R\xc3\xa9pertoire\n                            Notarial</a>\n                    </div>\n\n                    \n                    \n                    <div class="border-t border-gray-200 pt-4 pb-3">\n                        <div class="flex items-center px-4">\n                            <div class="flex-shrink-0">\n                                <a href="/users/profile">\n                                    <div\n                                        class="h-8 w-8 rounded-full bg-gray-200 flex items-center justify-center text-gray-500">\n                                        A\n                                    </div>\n                                </a>\n                            </div>\n                            <div class="ml-3">\n                                <div class="text-base font-medium text-gray-800">admin</div>\n                                <div class="text-sm font-medium text-gray-500">admin@example.com</div>\n                            </div>\n                        </div>\n                        <div class="mt-3 space-y-1">\n                            <a href="/users/profile"\n                                class="block px-4 py-2 text-base font-medium text-gray-500 hover:bg-gray-100 hover:text-gray-800">Mon\n                                Profil</a>\n                            <a href="/auth/logout"\n                                class="block px-4 py-2 text-base font-medium text-gray-500 hover:bg-gray-100 hover:text-gray-800">Se\n                                d\xc3\xa9connecter</a>\n                        </div>\n                    </div>\n                </div>\n            </div>\n        </nav>\n        \n\n        <!-- Flash Messages -->\n        \n        <div class="mx-auto max-w-7xl px-4 sm:px-6 lg:px-8 mt-4">\n            \n            \n            \n        </div>\n        \n\n        <!-- Main Content -->\n        <!-- Use h-full to allow content to grow, but min-h-screen calculation might be better elsewhere. \n             For now, standard layout is fine. -->\n        <main class="py-10">\n            <div class="mx-auto max-w-7xl px-4 sm:px-6 lg:px-8">\n                \n<div class="md:flex md:items-center md:justify-between mb-8">\n    <div class="min-w-0 flex-1">\n        <h2 class="text-2xl font-bold leading-7 text-gray-900 sm:truncate sm:text-3xl sm:tracking-tight">Gestion des\n            Actes\n        </h2>\n    </div>\n    <div class="mt-4 flex md:ml-4 md:mt-0">\n        <a href="/actes/types"\n            class="mr-3 inline-flex items-center rounded-md bg-white px-3 py-2 text-sm font-semibold text-gray-900 shadow-sm ring-1 ring-inset ring-gray-300 hover:bg-gray-50">\n            G\xc3\xa9rer les Types\n        </a>\n        <a href="/actes/generate"\n            class="mr-3 inline-flex items-center rounded-md bg-white px-3 py-2 text-sm font-semibold text-gray-900 shadow-sm ring-1 ring-inset ring-gray-300 hover:bg-gray-50">\n            G\xc3\xa9n\xc3\xa9rer un Acte\n        </a>\n        <a href="/actes/templates/new"\n            class="ml-3 inline-flex items-center rounded-md bg-indigo-600 px-3 py-2 text-sm font-semibold text-white shadow-sm hover:bg-indigo-700 focus-visible:outline focus-visible:outline-2 focus-visible:outline-offset-2 focus-visible:outline-indigo-600">\n            Nouveau Mod\xc3\xa8le\n        </a>\n    </div>\n</div>\n\n<div class="bg-white shadow-sm ring-1 ring-gray-900/5 sm:rounded-xl md:col-span-2">\n    <table class="min-w-full divide-y divide-gray-300">\n        <thead class="bg-gray-50">\n            <tr>\n                <th scope="col" class="py-3.5 pl-4 pr-3 text-left text-sm font-semibold text-gray-900 sm:pl-6">Nom</th>\n                <th scope="col" class="px-3 py-3.5 text-left text-sm font-semibold text-gray-900">Type</th>\n                <th scope="col" class="px-3 py-3.5 text-left text-sm font-semibold text-gray-900">Description</th>\n                <th scope="col" class="relative py-3.5 pl-3 pr-4 sm:pr-6">\n                    <span class="sr-only">Actions</span>\n                </th>\n            </tr>\n        </thead>\n        <tbody class="divide-y divide-gray-200 bg-white">\n            \n            <tr>\n                <td colspan="4" class="py-4 text-center text-sm text-gray-500">Aucun mod\xc3\xa8le trouv\xc3\xa9.</td>\n            </tr>\n            \n        </tbody>\n    </table>\n</div>\n\n            </div>\n        </main>\n\n        \n        <footer class="bg-white">\n            <div class="mx-auto max-w-7xl px-6 py-4 md:flex md:items-center md:justify-between lg:px-8">\n                <div class="mt-8 md:order-1 md:mt-0">\n                    <p class="text-center text-xs leading-5 text-gray-500">&copy; 2026\n                        AGEN-OHADA. Tous droits r\xc3\xa9serv\xc3\xa9s. v1.1.0</p>\n                </div>\n            </div>\n        </footer>\n        \n    </div>\n    \n\n    <!-- Tom Select JS -->\n    <script src="https://cdn.jsdelivr.net/npm/tom-select@2.2.2/dist/js/tom-select.complete.min.js"></script>\n    <script>\n        // Automatic initialization for elements with class \'tom-select\'\n        document.addEventListener(\'DOMContentLoaded\', function () {\n            document.querySelectorAll(\'.tom-select\').forEach(function (el) {\n                new TomSelect(el, {\n                    create: false,\n                    sortField: {\n                        field: "text",\n                        direction: "asc"\n                    }\n                });\n            });\n        });\n    </script>\n</body>\n\n</html>')
 +  where b'<!DOCTYPE html>\n<html lang="fr" class="h-full bg-gray-50">\n\n<head>\n    <meta charset="UTF-8">\n    <meta name="viewport" content="width=device-width, initial-scale=1.0">\n    <title>AGEN-OHADA</title>\n    <script src="https://cdn.tailwindcss.com"></script>\n    <link rel="stylesheet" href="https://unpkg.com/easymde/dist/easymde.min.css">\n\n    <!-- Tom Select -->\n    <link href="https://cdn.jsdelivr.net/npm/tom-select@2.2.2/dist/css/tom-select.css" rel="stylesheet">\n    <script src="https://cdn.jsdelivr.net/npm/tom-select@2.2.2/dist/js/tom-select.min.js"></script>\n\n    <link href="https://fonts.googleapis.com/css2?family=Inter:wght@300;400;500;600;700&display=swap" rel="stylesheet">\n    <script defer src="https://cdn.jsdelivr.net/npm/alpinejs@3.x.x/dist/cdn.min.js"></script>\n    <style>\n        body {\n            font-family: \'Inter\', sans-serif;\n        }\n\n        [x-cloak] {\n            display: none !important;\n        }\n\n        /* Basic Markdown Styling */\n        .prose h1 {\n            font-size: 2.25rem;\n            font-weight: 700;\n            margin-top: 1.5rem;\n            margin-bottom: 1rem;\n        }\n\n        .prose h2 {\n            font-size: 1.875rem;\n            font-weight: 600;\n            margin-top: 1.25rem;\n            margin-bottom: 0.75rem;\n            border-bottom: 1px solid #e5e7eb;\n            padding-bottom: 0.25rem;\n        }\n\n        .prose h3 {\n            font-size: 1.5rem;\n            font-weight: 600;\n            margin-top: 1rem;\n            margin-bottom: 0.5rem;\n        }\n\n        .prose p {\n            margin-bottom: 1rem;\n            line-height: 1.6;\n        }\n\n        .prose ul {\n            list-style-type: disc;\n            margin-left: 1.5rem;\n            margin-bottom: 1rem;\n        }\n\n        .prose ol {\n            list-style-type: decimal;\n            margin-left: 1.5rem;\n            margin-bottom: 1rem;\n        }\n\n        .prose table {\n            width: 100%;\n            border-collapse: collapse;\n            margin-bottom: 1rem;\n        }\n\n        .prose th,\n        .prose td {\n            border: 1px solid #e5e7eb;\n            padding: 0.5rem;\n            text-align: left;\n        }\n\n        .prose th {\n            background-color: #f9fafb;\n        }\n    </style>\n    \n</head>\n\n<body class="h-full">\n    <div class="min-h-full" x-data="{ mobileMenuOpen: false }">\n        <!-- Navigation -->\n        \n        \n\n        \n\n        \n        \n\n        \n        \n        \n        \n\n        \n\n        <nav class="bg-white shadow">\n            <div class="mx-auto max-w-7xl px-4 sm:px-6 lg:px-8">\n                <div class="flex h-16 justify-between">\n                    <div class="flex">\n                        <div class="flex flex-shrink-0 items-center">\n                            <span class="text-xl font-bold text-indigo-600">AGEN-OHADA</span>\n                        </div>\n                        <div class="hidden sm:ml-6 sm:flex sm:space-x-8">\n\n                            \n                            \n                            \n\n                            \n                            \n                            \n                            \n                            \n                            \n                            \n                            \n                            \n                            \n                            \n                            \n                            \n                            \n                            \n                            \n                            \n                            \n                            \n                            \n                            \n                            \n                            \n                            \n                            \n                            \n                            \n                            \n                            \n                            \n                            \n                            \n                            \n                            \n                            \n                            \n                            \n                            \n                            \n                            \n                            \n                            \n                            \n                            \n                            \n                            \n\n                            \n                            \n                            \n                            <a href="/index"\n                                class="inline-flex items-center px-1 pt-1 border-b-2 text-sm font-medium border-transparent text-gray-500 hover:border-gray-300 hover:text-gray-700">\n                                Accueil\n                            </a>\n                            \n                            \n                            <a href="/clients"\n                                class="inline-flex items-center px-1 pt-1 border-b-2 text-sm font-medium border-transparent text-gray-500 hover:border-gray-300 hover:text-gray-700">\n                                Clients\n                            </a>\n                            \n                            \n                            <a href="/dossiers/"\n                                class="inline-flex items-center px-1 pt-1 border-b-2 text-sm font-medium border-transparent text-gray-500 hover:border-gray-300 hover:text-gray-700">\n                                Dossiers\n                            </a>\n                            \n                            \n                            <a href="/formalites/"\n                                class="inline-flex items-center px-1 pt-1 border-b-2 text-sm font-medium border-transparent text-gray-500 hover:border-gray-300 hover:text-gray-700">\n                                Formalit\xc3\xa9s\n                            </a>\n                            \n                            \n                            <a href="/comptabilite/"\n                                class="inline-flex items-center px-1 pt-1 border-b-2 text-sm font-medium border-transparent text-gray-500 hover:border-gray-300 hover:text-gray-700">\n                                Comptabilit\xc3\xa9\n                            </a>\n                            \n                            \n                            <a href="/dossiers/archives"\n                                class="inline-flex items-center px-1 pt-1 border-b-2 text-sm font-medium border-transparent text-gray-500 hover:border-gray-300 hover:text-gray-700">\n                                Archives\n                            </a>\n                            \n                            \n                            <a href="/users/"\n                                class="inline-flex items-center px-1 pt-1 border-b-2 text-sm font-medium border-transparent text-gray-500 hover:border-gray-300 hover:text-gray-700">\n                                Utilisateurs\n                            </a>\n                            \n                            \n                            <a href="/users/parametres"\n                                class="inline-flex items-center px-1 pt-1 border-b-2 text-sm font-medium border-transparent text-gray-500 hover:border-gray-300 hover:text-gray-700">\n                                \xe2\x9a\x99 Param\xc3\xa8tres\n                            </a>\n                            \n                            \n                            <a href="/help"\n                                class="inline-flex items-center px-1 pt-1 border-b-2 text-sm font-medium border-transparent text-gray-500 hover:border-gray-300 hover:text-gray-700">\n                                Aide\n                            </a>\n                            \n\n                            <!-- Dropdown Actes -->\n                            <div class="relative inline-flex items-center" x-data="{ open: false }">\n                                <button type="button" @click="open = !open" @click.away="open = false"\n                                    class="inline-flex items-center px-1 pt-1 border-b-2 text-sm font-medium border-transparent text-gray-500 hover:border-gray-300 hover:text-gray-700">\n                                    <span>Actes</span>\n                                    <svg class="ml-2 h-5 w-5" viewBox="0 0 20 20" fill="currentColor">\n                                        <path fill-rule="evenodd"\n                                            d="M5.293 7.293a1 1 0 011.414 0L10 10.586l3.293-3.293a1 1 0 111.414 1.414l-4 4a1 1 0 01-1.414 0l-4-4a1 1 0 010-1.414z"\n                                            clip-rule="evenodd" />\n                                    </svg>\n                                </button>\n                                <div x-show="open" x-transition:enter="transition ease-out duration-200"\n                                    x-transition:enter-start="opacity-0 scale-95"\n                                    x-transition:enter-end="opacity-100 scale-100"\n                                    x-transition:leave="transition ease-in duration-75"\n                                    x-transition:leave-start="opacity-100 scale-100"\n                                    x-transition:leave-end="opacity-0 scale-95"\n                                    class="absolute left-0 top-full z-10 mt-2 w-48 origin-top-left rounded-md bg-white py-1 shadow-lg ring-1 ring-black ring-opacity-5 focus:outline-none"\n                                    style="display: none;">\n                                    <a href="/actes/types"\n                                        class="block px-4 py-2 text-sm text-gray-700 hover:bg-gray-100">G\xc3\xa9rer les types\n                                        d\'actes</a>\n                                    <a href="/actes/templates"\n                                        class="block px-4 py-2 text-sm text-gray-700 hover:bg-gray-100">G\xc3\xa9rer les\n                                        mod\xc3\xa8les d\'acte</a>\n                                    <a href="/actes/review"\n                                        class="block px-4 py-2 text-sm text-gray-700 hover:bg-gray-100">Signer les\n                                        actes</a>\n                                    <hr class="my-1">\n                                    <a href="/actes/repertoire"\n                                        class="block px-4 py-2 text-sm text-gray-700 hover:bg-gray-100">R\xc3\xa9pertoire\n                                        Notarial</a>\n                                </div>\n                            </div>\n\n                            \n                            \n                        </div>\n                    </div>\n\n                    <div class="hidden sm:ml-6 sm:flex sm:items-center">\n                        <div class="relative ml-3">\n                            <div class="flex items-center gap-4">\n                                <a href="/users/profile"\n                                    class="text-sm font-medium text-gray-700 hover:text-indigo-600">\n                                    admin\n                                </a>\n                                <a href="/auth/logout"\n                                    class="rounded-md bg-white px-3 py-2 text-sm font-semibold text-gray-900 shadow-sm ring-1 ring-inset ring-gray-300 hover:bg-gray-50">\n                                    Se d\xc3\xa9connecter\n                                </a>\n                            </div>\n                        </div>\n                    </div>\n\n                    <!-- Mobile menu button -->\n                    <div class="-mr-2 flex items-center sm:hidden">\n                        <button type="button" @click="mobileMenuOpen = !mobileMenuOpen"\n                            class="inline-flex items-center justify-center rounded-md p-2 text-gray-400 hover:bg-gray-100 hover:text-gray-500 focus:outline-none focus:ring-2 focus:ring-inset focus:ring-indigo-500">\n                            <span class="sr-only">Open main menu</span>\n                            <svg class="h-6 w-6" fill="none" viewBox="0 0 24 24" stroke-width="1.5"\n                                stroke="currentColor" aria-hidden="true">\n                                <path stroke-linecap="round" stroke-linejoin="round"\n                                    d="M3.75 6.75h16.5M3.75 12h16.5m-16.5 5.25h16.5" />\n                            </svg>\n                        </button>\n                    </div>\n                </div>\n            </div>\n\n            <!-- Mobile menu -->\n            <div class="sm:hidden" id="mobile-menu" x-show="mobileMenuOpen" x-cloak>\n                <div class="space-y-1 pb-3 pt-2">\n                    \n                    \n                    \n                    <a href="/index"\n                        class="block border-l-4 py-2 pl-3 pr-4 text-base font-medium border-transparent text-gray-500 hover:border-gray-300 hover:bg-gray-50 hover:text-gray-700">\n                        Accueil\n                    </a>\n                    \n                    \n                    <a href="/clients"\n                        class="block border-l-4 py-2 pl-3 pr-4 text-base font-medium border-transparent text-gray-500 hover:border-gray-300 hover:bg-gray-50 hover:text-gray-700">\n                        Clients\n                    </a>\n                    \n                    \n                    <a href="/dossiers/"\n                        class="block border-l-4 py-2 pl-3 pr-4 text-base font-medium border-transparent text-gray-500 hover:border-gray-300 hover:bg-gray-50 hover:text-gray-700">\n                        Dossiers\n                    </a>\n                    \n                    \n                    <a href="/formalites/"\n                        class="block border-l-4 py-2 pl-3 pr-4 text-base font-medium border-transparent text-gray-500 hover:border-gray-300 hover:bg-gray-50 hover:text-gray-700">\n                        Formalit\xc3\xa9s\n                    </a>\n                    \n                    \n                    <a href="/comptabilite/"\n                        class="block border-l-4 py-2 pl-3 pr-4 text-base font-medium border-transparent text-gray-500 hover:border-gray-300 hover:bg-gray-50 hover:text-gray-700">\n                        Comptabilit\xc3\xa9\n                    </a>\n                    \n                    \n                    <a href="/dossiers/archives"\n                        class="block border-l-4 py-2 pl-3 pr-4 text-base font-medium border-transparent text-gray-500 hover:border-gray-300 hover:bg-gray-50 hover:text-gray-700">\n                        Archives\n                    </a>\n                    \n                    \n                    <a href="/users/"\n                        class="block border-l-4 py-2 pl-3 pr-4 text-base font-medium border-transparent text-gray-500 hover:border-gray-300 hover:bg-gray-50 hover:text-gray-700">\n                        Utilisateurs\n                    </a>\n                    \n                    \n                    <a href="/users/parametres"\n                        class="block border-l-4 py-2 pl-3 pr-4 text-base font-medium border-transparent text-gray-500 hover:border-gray-300 hover:bg-gray-50 hover:text-gray-700">\n                        \xe2\x9a\x99 Param\xc3\xa8tres\n                    </a>\n                    \n                    \n                    <a href="/help"\n                        class="block border-l-4 py-2 pl-3 pr-4 text-base font-medium border-transparent text-gray-500 hover:border-gray-300 hover:bg-gray-50 hover:text-gray-700">\n                        Aide\n                    </a>\n                    \n\n                    <!-- Actes Submenu for Mobile -->\n                    <div class="border-t border-gray-200 mt-2 pt-2">\n                        <div class="px-3 py-2 text-xs font-semibold text-gray-400 uppercase tracking-wider">Gestion des\n                            Actes</div>\n                        <a href="/actes/types"\n                            class="block py-2 pl-6 pr-4 text-base font-medium text-gray-500 hover:bg-gray-50 hover:text-gray-700">G\xc3\xa9rer\n                            les types d\'actes</a>\n                        <a href="/actes/templates"\n                            class="block py-2 pl-6 pr-4 text-base font-medium text-gray-500 hover:bg-gray-50 hover:text-gray-700">G\xc3\xa9rer\n                            les mod\xc3\xa8les d\'acte</a>\n                        <a href="/actes/review"\n                            class="block py-2 pl-6 pr-4 text-base font-medium text-gray-500 hover:bg-gray-50 hover:text-gray-700">Signer\n                            les actes</a>\n                        <a href="/actes/repertoire"\n                            class="block py-2 pl-6 pr-4 text-base font-medium text-gray-500 hover:bg-gray-50 hover:text-gray-700">R\xc3\xa9pertoire\n                            Notarial</a>\n                    </div>\n\n                    \n                    \n                    <div class="border-t border-gray-200 pt-4 pb-3">\n                        <div class="flex items-center px-4">\n                            <div class="flex-shrink-0">\n                                <a href="/users/profile">\n                                    <div\n                                        class="h-8 w-8 rounded-full bg-gray-200 flex items-center justify-center text-gray-500">\n                                        A\n                                    </div>\n                                </a>\n                            </div>\n                            <div class="ml-3">\n                                <div class="text-base font-medium text-gray-800">admin</div>\n                                <div class="text-sm font-medium text-gray-500">admin@example.com</div>\n                            </div>\n                        </div>\n                        <div class="mt-3 space-y-1">\n                            <a href="/users/profile"\n                                class="block px-4 py-2 text-base font-medium text-gray-500 hover:bg-gray-100 hover:text-gray-800">Mon\n                                Profil</a>\n                            <a href="/auth/logout"\n                                class="block px-4 py-2 text-base font-medium text-gray-500 hover:bg-gray-100 hover:text-gray-800">Se\n                                d\xc3\xa9connecter</a>\n                        </div>\n                    </div>\n                </div>\n            </div>\n        </nav>\n        \n\n        <!-- Flash Messages -->\n        \n        <div class="mx-auto max-w-7xl px-4 sm:px-6 lg:px-8 mt-4">\n            \n            \n            \n        </div>\n        \n\n        <!-- Main Content -->\n        <!-- Use h-full to allow content to grow, but min-h-screen calculation might be better elsewhere. \n             For now, standard layout is fine. -->\n        <main class="py-10">\n            <div class="mx-auto max-w-7xl px-4 sm:px-6 lg:px-8">\n                \n<div class="md:flex md:items-center md:justify-between mb-8">\n    <div class="min-w-0 flex-1">\n        <h2 class="text-2xl font-bold leading-7 text-gray-900 sm:truncate sm:text-3xl sm:tracking-tight">Gestion des\n            Actes\n        </h2>\n    </div>\n    <div class="mt-4 flex md:ml-4 md:mt-0">\n        <a href="/actes/types"\n            class="mr-3 inline-flex items-center rounded-md bg-white px-3 py-2 text-sm font-semibold text-gray-900 shadow-sm ring-1 ring-inset ring-gray-300 hover:bg-gray-50">\n            G\xc3\xa9rer les Types\n        </a>\n        <a href="/actes/generate"\n            class="mr-3 inline-flex items-center rounded-md bg-white px-3 py-2 text-sm font-semibold text-gray-900 shadow-sm ring-1 ring-inset ring-gray-300 hover:bg-gray-50">\n            G\xc3\xa9n\xc3\xa9rer un Acte\n        </a>\n        <a href="/actes/templates/new"\n            class="ml-3 inline-flex items-center rounded-md bg-indigo-600 px-3 py-2 text-sm font-semibold text-white shadow-sm hover:bg-indigo-700 focus-visible:outline focus-visible:outline-2 focus-visible:outline-offset-2 focus-visible:outline-indigo-600">\n            Nouveau Mod\xc3\xa8le\n        </a>\n    </div>\n</div>\n\n<div class="bg-white shadow-sm ring-1 ring-gray-900/5 sm:rounded-xl md:col-span-2">\n    <table class="min-w-full divide-y divide-gray-300">\n        <thead class="bg-gray-50">\n            <tr>\n                <th scope="col" class="py-3.5 pl-4 pr-3 text-left text-sm font-semibold text-gray-900 sm:pl-6">Nom</th>\n                <th scope="col" class="px-3 py-3.5 text-left text-sm font-semibold text-gray-900">Type</th>\n                <th scope="col" class="px-3 py-3.5 text-left text-sm font-semibold text-gray-900">Description</th>\n                <th scope="col" class="relative py-3.5 pl-3 pr-4 sm:pr-6">\n                    <span class="sr-only">Actions</span>\n                </th>\n            </tr>\n        </thead>\n        <tbody class="divide-y divide-gray-200 bg-white">\n            \n            <tr>\n                <td colspan="4" class="py-4 text-center text-sm text-gray-500">Aucun mod\xc3\xa8le trouv\xc3\xa9.</td>\n            </tr>\n            \n        </tbody>\n    </table>\n</div>\n\n            </div>\n        </main>\n\n        \n        <footer class="bg-white">\n            <div class="mx-auto max-w-7xl px-6 py-4 md:flex md:items-center md:justify-between lg:px-8">\n                <div class="mt-8 md:order-1 md:mt-0">\n                    <p class="text-center text-xs leading-5 text-gray-500">&copy; 2026\n                        AGEN-OHADA. Tous droits r\xc3\xa9serv\xc3\xa9s. v1.1.0</p>\n                </div>\n            </div>\n        </footer>\n        \n    </div>\n    \n\n    <!-- Tom Select JS -->\n    <script src="https://cdn.jsdelivr.net/npm/tom-select@2.2.2/dist/js/tom-select.complete.min.js"></script>\n    <script>\n        // Automatic initialization for elements with class \'tom-select\'\n        document.addEventListener(\'DOMContentLoaded\', function () {\n            document.querySelectorAll(\'.tom-select\').forEach(function (el) {\n                new TomSelect(el, {\n                    create: false,\n                    sortField: {\n                        field: "text",\n                        direction: "asc"\n                    }\n                });\n            });\n        });\n    </script>\n</body>\n\n</html>' = <WrapperTestResponse 22123 bytes [200 OK]>.data
 +  and   b'<!DOCTYPE html>\n<html lang="fr" class="h-full bg-gray-50">\n\n<head>\n    <meta charset="UTF-8">\n    <meta name="viewport" content="width=device-width, initial-scale=1.0">\n    <title>AGEN-OHADA</title>\n    <script src="https://cdn.tailwindcss.com"></script>\n    <link rel="stylesheet" href="https://unpkg.com/easymde/dist/easymde.min.css">\n\n    <!-- Tom Select -->\n    <link href="https://cdn.jsdelivr.net/npm/tom-select@2.2.2/dist/css/tom-select.css" rel="stylesheet">\n    <script src="https://cdn.jsdelivr.net/npm/tom-select@2.2.2/dist/js/tom-select.min.js"></script>\n\n    <link href="https://fonts.googleapis.com/css2?family=Inter:wght@300;400;500;600;700&display=swap" rel="stylesheet">\n    <script defer src="https://cdn.jsdelivr.net/npm/alpinejs@3.x.x/dist/cdn.min.js"></script>\n    <style>\n        body {\n            font-family: \'Inter\', sans-serif;\n        }\n\n        [x-cloak] {\n            display: none !important;\n        }\n\n        /* Basic Markdown Styling */\n        .prose h1 {\n            font-size: 2.25rem;\n            font-weight: 700;\n            margin-top: 1.5rem;\n            margin-bottom: 1rem;\n        }\n\n        .prose h2 {\n            font-size: 1.875rem;\n            font-weight: 600;\n            margin-top: 1.25rem;\n            margin-bottom: 0.75rem;\n            border-bottom: 1px solid #e5e7eb;\n            padding-bottom: 0.25rem;\n        }\n\n        .prose h3 {\n            font-size: 1.5rem;\n            font-weight: 600;\n            margin-top: 1rem;\n            margin-bottom: 0.5rem;\n        }\n\n        .prose p {\n            margin-bottom: 1rem;\n            line-height: 1.6;\n        }\n\n        .prose ul {\n            list-style-type: disc;\n            margin-left: 1.5rem;\n            margin-bottom: 1rem;\n        }\n\n        .prose ol {\n            list-style-type: decimal;\n            margin-left: 1.5rem;\n            margin-bottom: 1rem;\n        }\n\n        .prose table {\n            width: 100%;\n            border-collapse: collapse;\n            margin-bottom: 1rem;\n        }\n\n        .prose th,\n        .prose td {\n            border: 1px solid #e5e7eb;\n            padding: 0.5rem;\n            text-align: left;\n        }\n\n        .prose th {\n            background-color: #f9fafb;\n        }\n    </style>\n    \n</head>\n\n<body class="h-full">\n    <div class="min-h-full" x-data="{ mobileMenuOpen: false }">\n        <!-- Navigation -->\n        \n        \n\n        \n\n        \n        \n\n        \n        \n        \n        \n\n        \n\n        <nav class="bg-white shadow">\n            <div class="mx-auto max-w-7xl px-4 sm:px-6 lg:px-8">\n                <div class="flex h-16 justify-between">\n                    <div class="flex">\n                        <div class="flex flex-shrink-0 items-center">\n                            <span class="text-xl font-bold text-indigo-600">AGEN-OHADA</span>\n                        </div>\n                        <div class="hidden sm:ml-6 sm:flex sm:space-x-8">\n\n                            \n                            \n                            \n\n                            \n                            \n                            \n                            \n                            \n                            \n                            \n                            \n                            \n                            \n                            \n                            \n                            \n                            \n                            \n                            \n                            \n                            \n                            \n                            \n                            \n                            \n                            \n                            \n                            \n                            \n                            \n                            \n                            \n                            \n                            \n                            \n                            \n                            \n                            \n                            \n                            \n                            \n                            \n                            \n                            \n                            \n                            \n                            \n                            \n                            \n\n                            \n                            \n                            \n                            <a href="/index"\n                                class="inline-flex items-center px-1 pt-1 border-b-2 text-sm font-medium border-transparent text-gray-500 hover:border-gray-300 hover:text-gray-700">\n                                Accueil\n                            </a>\n                            \n                            \n                            <a href="/clients"\n                                class="inline-flex items-center px-1 pt-1 border-b-2 text-sm font-medium border-transparent text-gray-500 hover:border-gray-300 hover:text-gray-700">\n                                Clients\n                            </a>\n                            \n                            \n                            <a href="/dossiers/"\n                                class="inline-flex items-center px-1 pt-1 border-b-2 text-sm font-medium border-transparent text-gray-500 hover:border-gray-300 hover:text-gray-700">\n                                Dossiers\n                            </a>\n                            \n                            \n                            <a href="/formalites/"\n                                class="inline-flex items-center px-1 pt-1 border-b-2 text-sm font-medium border-transparent text-gray-500 hover:border-gray-300 hover:text-gray-700">\n                                Formalit\xc3\xa9s\n                            </a>\n                            \n                            \n                            <a href="/comptabilite/"\n                                class="inline-flex items-center px-1 pt-1 border-b-2 text-sm font-medium border-transparent text-gray-500 hover:border-gray-300 hover:text-gray-700">\n                                Comptabilit\xc3\xa9\n                            </a>\n                            \n                            \n                            <a href="/dossiers/archives"\n                                class="inline-flex items-center px-1 pt-1 border-b-2 text-sm font-medium border-transparent text-gray-500 hover:border-gray-300 hover:text-gray-700">\n                                Archives\n                            </a>\n                            \n                            \n                            <a href="/users/"\n                                class="inline-flex items-center px-1 pt-1 border-b-2 text-sm font-medium border-transparent text-gray-500 hover:border-gray-300 hover:text-gray-700">\n                                Utilisateurs\n                            </a>\n                            \n                            \n                            <a href="/users/parametres"\n                                class="inline-flex items-center px-1 pt-1 border-b-2 text-sm font-medium border-transparent text-gray-500 hover:border-gray-300 hover:text-gray-700">\n                                \xe2\x9a\x99 Param\xc3\xa8tres\n                            </a>\n                            \n                            \n                            <a href="/help"\n                                class="inline-flex items-center px-1 pt-1 border-b-2 text-sm font-medium border-transparent text-gray-500 hover:border-gray-300 hover:text-gray-700">\n                                Aide\n                            </a>\n                            \n\n                            <!-- Dropdown Actes -->\n                            <div class="relative inline-flex items-center" x-data="{ open: false }">\n                                <button type="button" @click="open = !open" @click.away="open = false"\n                                    class="inline-flex items-center px-1 pt-1 border-b-2 text-sm font-medium border-transparent text-gray-500 hover:border-gray-300 hover:text-gray-700">\n                                    <span>Actes</span>\n                                    <svg class="ml-2 h-5 w-5" viewBox="0 0 20 20" fill="currentColor">\n                                        <path fill-rule="evenodd"\n                                            d="M5.293 7.293a1 1 0 011.414 0L10 10.586l3.293-3.293a1 1 0 111.414 1.414l-4 4a1 1 0 01-1.414 0l-4-4a1 1 0 010-1.414z"\n                                            clip-rule="evenodd" />\n                                    </svg>\n                                </button>\n                                <div x-show="open" x-transition:enter="transition ease-out duration-200"\n                                    x-transition:enter-start="opacity-0 scale-95"\n                                    x-transition:enter-end="opacity-100 scale-100"\n                                    x-transition:leave="transition ease-in duration-75"\n                                    x-transition:leave-start="opacity-100 scale-100"\n                                    x-transition:leave-end="opacity-0 scale-95"\n                                    class="absolute left-0 top-full z-10 mt-2 w-48 origin-top-left rounded-md bg-white py-1 shadow-lg ring-1 ring-black ring-opacity-5 focus:outline-none"\n                                    style="display: none;">\n                                    <a href="/actes/types"\n                                        class="block px-4 py-2 text-sm text-gray-700 hover:bg-gray-100">G\xc3\xa9rer les types\n                                        d\'actes</a>\n                                    <a href="/actes/templates"\n                                        class="block px-4 py-2 text-sm text-gray-700 hover:bg-gray-100">G\xc3\xa9rer les\n                                        mod\xc3\xa8les d\'acte</a>\n                                    <a href="/actes/review"\n                                        class="block px-4 py-2 text-sm text-gray-700 hover:bg-gray-100">Signer les\n                                        actes</a>\n                                    <hr class="my-1">\n                                    <a href="/actes/repertoire"\n                                        class="block px-4 py-2 text-sm text-gray-700 hover:bg-gray-100">R\xc3\xa9pertoire\n                                        Notarial</a>\n                                </div>\n                            </div>\n\n                            \n                            \n                        </div>\n                    </div>\n\n                    <div class="hidden sm:ml-6 sm:flex sm:items-center">\n                        <div class="relative ml-3">\n                            <div class="flex items-center gap-4">\n                                <a href="/users/profile"\n                                    class="text-sm font-medium text-gray-700 hover:text-indigo-600">\n                                    admin\n                                </a>\n                                <a href="/auth/logout"\n                                    class="rounded-md bg-white px-3 py-2 text-sm font-semibold text-gray-900 shadow-sm ring-1 ring-inset ring-gray-300 hover:bg-gray-50">\n                                    Se d\xc3\xa9connecter\n                                </a>\n                            </div>\n                        </div>\n                    </div>\n\n                    <!-- Mobile menu button -->\n                    <div class="-mr-2 flex items-center sm:hidden">\n                        <button type="button" @click="mobileMenuOpen = !mobileMenuOpen"\n                            class="inline-flex items-center justify-center rounded-md p-2 text-gray-400 hover:bg-gray-100 hover:text-gray-500 focus:outline-none focus:ring-2 focus:ring-inset focus:ring-indigo-500">\n                            <span class="sr-only">Open main menu</span>\n                            <svg class="h-6 w-6" fill="none" viewBox="0 0 24 24" stroke-width="1.5"\n                                stroke="currentColor" aria-hidden="true">\n                                <path stroke-linecap="round" stroke-linejoin="round"\n                                    d="M3.75 6.75h16.5M3.75 12h16.5m-16.5 5.25h16.5" />\n                            </svg>\n                        </button>\n                    </div>\n                </div>\n            </div>\n\n            <!-- Mobile menu -->\n            <div class="sm:hidden" id="mobile-menu" x-show="mobileMenuOpen" x-cloak>\n                <div class="space-y-1 pb-3 pt-2">\n                    \n                    \n                    \n                    <a href="/index"\n                        class="block border-l-4 py-2 pl-3 pr-4 text-base font-medium border-transparent text-gray-500 hover:border-gray-300 hover:bg-gray-50 hover:text-gray-700">\n                        Accueil\n                    </a>\n                    \n                    \n                    <a href="/clients"\n                        class="block border-l-4 py-2 pl-3 pr-4 text-base font-medium border-transparent text-gray-500 hover:border-gray-300 hover:bg-gray-50 hover:text-gray-700">\n                        Clients\n                    </a>\n                    \n                    \n                    <a href="/dossiers/"\n                        class="block border-l-4 py-2 pl-3 pr-4 text-base font-medium border-transparent text-gray-500 hover:border-gray-300 hover:bg-gray-50 hover:text-gray-700">\n                        Dossiers\n                    </a>\n                    \n                    \n                    <a href="/formalites/"\n                        class="block border-l-4 py-2 pl-3 pr-4 text-base font-medium border-transparent text-gray-500 hover:border-gray-300 hover:bg-gray-50 hover:text-gray-700">\n                        Formalit\xc3\xa9s\n                    </a>\n                    \n                    \n                    <a href="/comptabilite/"\n                        class="block border-l-4 py-2 pl-3 pr-4 text-base font-medium border-transparent text-gray-500 hover:border-gray-300 hover:bg-gray-50 hover:text-gray-700">\n                        Comptabilit\xc3\xa9\n                    </a>\n                    \n                    \n                    <a href="/dossiers/archives"\n                        class="block border-l-4 py-2 pl-3 pr-4 text-base font-medium border-transparent text-gray-500 hover:border-gray-300 hover:bg-gray-50 hover:text-gray-700">\n                        Archives\n                    </a>\n                    \n                    \n                    <a href="/users/"\n                        class="block border-l-4 py-2 pl-3 pr-4 text-base font-medium border-transparent text-gray-500 hover:border-gray-300 hover:bg-gray-50 hover:text-gray-700">\n                        Utilisateurs\n                    </a>\n                    \n                    \n                    <a href="/users/parametres"\n                        class="block border-l-4 py-2 pl-3 pr-4 text-base font-medium border-transparent text-gray-500 hover:border-gray-300 hover:bg-gray-50 hover:text-gray-700">\n                        \xe2\x9a\x99 Param\xc3\xa8tres\n                    </a>\n                    \n                    \n                    <a href="/help"\n                        class="block border-l-4 py-2 pl-3 pr-4 text-base font-medium border-transparent text-gray-500 hover:border-gray-300 hover:bg-gray-50 hover:text-gray-700">\n                        Aide\n                    </a>\n                    \n\n                    <!-- Actes Submenu for Mobile -->\n                    <div class="border-t border-gray-200 mt-2 pt-2">\n                        <div class="px-3 py-2 text-xs font-semibold text-gray-400 uppercase tracking-wider">Gestion des\n                            Actes</div>\n                        <a href="/actes/types"\n                            class="block py-2 pl-6 pr-4 text-base font-medium text-gray-500 hover:bg-gray-50 hover:text-gray-700">G\xc3\xa9rer\n                            les types d\'actes</a>\n                        <a href="/actes/templates"\n                            class="block py-2 pl-6 pr-4 text-base font-medium text-gray-500 hover:bg-gray-50 hover:text-gray-700">G\xc3\xa9rer\n                            les mod\xc3\xa8les d\'acte</a>\n                        <a href="/actes/review"\n                            class="block py-2 pl-6 pr-4 text-base font-medium text-gray-500 hover:bg-gray-50 hover:text-gray-700">Signer\n                            les actes</a>\n                        <a href="/actes/repertoire"\n                            class="block py-2 pl-6 pr-4 text-base font-medium text-gray-500 hover:bg-gray-50 hover:text-gray-700">R\xc3\xa9pertoire\n                            Notarial</a>\n                    </div>\n\n                    \n                    \n                    <div class="border-t border-gray-200 pt-4 pb-3">\n                        <div class="flex items-center px-4">\n                            <div class="flex-shrink-0">\n                                <a href="/users/profile">\n                                    <div\n                                        class="h-8 w-8 rounded-full bg-gray-200 flex items-center justify-center text-gray-500">\n                                        A\n                                    </div>\n                                </a>\n                            </div>\n                            <div class="ml-3">\n                                <div class="text-base font-medium text-gray-800">admin</div>\n                                <div class="text-sm font-medium text-gray-500">admin@example.com</div>\n                            </div>\n                        </div>\n                        <div class="mt-3 space-y-1">\n                            <a href="/users/profile"\n                                class="block px-4 py-2 text-base font-medium text-gray-500 hover:bg-gray-100 hover:text-gray-800">Mon\n                                Profil</a>\n                            <a href="/auth/logout"\n                                class="block px-4 py-2 text-base font-medium text-gray-500 hover:bg-gray-100 hover:text-gray-800">Se\n                                d\xc3\xa9connecter</a>\n                        </div>\n                    </div>\n                </div>\n            </div>\n        </nav>\n        \n\n        <!-- Flash Messages -->\n        \n        <div class="mx-auto max-w-7xl px-4 sm:px-6 lg:px-8 mt-4">\n            \n            \n            \n        </div>\n        \n\n        <!-- Main Content -->\n        <!-- Use h-full to allow content to grow, but min-h-screen calculation might be better elsewhere. \n             For now, standard layout is fine. -->\n        <main class="py-10">\n            <div class="mx-auto max-w-7xl px-4 sm:px-6 lg:px-8">\n                \n<div class="md:flex md:items-center md:justify-between mb-8">\n    <div class="min-w-0 flex-1">\n        <h2 class="text-2xl font-bold leading-7 text-gray-900 sm:truncate sm:text-3xl sm:tracking-tight">Gestion des\n            Actes\n        </h2>\n    </div>\n    <div class="mt-4 flex md:ml-4 md:mt-0">\n        <a href="/actes/types"\n            class="mr-3 inline-flex items-center rounded-md bg-white px-3 py-2 text-sm font-semibold text-gray-900 shadow-sm ring-1 ring-inset ring-gray-300 hover:bg-gray-50">\n            G\xc3\xa9rer les Types\n        </a>\n        <a href="/actes/generate"\n            class="mr-3 inline-flex items-center rounded-md bg-white px-3 py-2 text-sm font-semibold text-gray-900 shadow-sm ring-1 ring-inset ring-gray-300 hover:bg-gray-50">\n            G\xc3\xa9n\xc3\xa9rer un Acte\n        </a>\n        <a href="/actes/templates/new"\n            class="ml-3 inline-flex items-center rounded-md bg-indigo-600 px-3 py-2 text-sm font-semibold text-white shadow-sm hover:bg-indigo-700 focus-visible:outline focus-visible:outline-2 focus-visible:outline-offset-2 focus-visible:outline-indigo-600">\n            Nouveau Mod\xc3\xa8le\n        </a>\n    </div>\n</div>\n\n<div class="bg-white shadow-sm ring-1 ring-gray-900/5 sm:rounded-xl md:col-span-2">\n    <table class="min-w-full divide-y divide-gray-300">\n        <thead class="bg-gray-50">\n            <tr>\n                <th scope="col" class="py-3.5 pl-4 pr-3 text-left text-sm font-semibold text-gray-900 sm:pl-6">Nom</th>\n                <th scope="col" class="px-3 py-3.5 text-left text-sm font-semibold text-gray-900">Type</th>\n                <th scope="col" class="px-3 py-3.5 text-left text-sm font-semibold text-gray-900">Description</th>\n                <th scope="col" class="relative py-3.5 pl-3 pr-4 sm:pr-6">\n                    <span class="sr-only">Actions</span>\n                </th>\n            </tr>\n        </thead>\n        <tbody class="divide-y divide-gray-200 bg-white">\n            \n            <tr>\n                <td colspan="4" class="py-4 text-center text-sm text-gray-500">Aucun mod\xc3\xa8le trouv\xc3\xa9.</td>\n            </tr>\n            \n        </tbody>\n    </table>\n</div>\n\n            </div>\n        </main>\n\n        \n        <footer class="bg-white">\n            <div class="mx-auto max-w-7xl px-6 py-4 md:flex md:items-center md:justify-between lg:px-8">\n                <div class="mt-8 md:order-1 md:mt-0">\n                    <p class="text-center text-xs leading-5 text-gray-500">&copy; 2026\n                        AGEN-OHADA. Tous droits r\xc3\xa9serv\xc3\xa9s. v1.1.0</p>\n                </div>\n            </div>\n        </footer>\n        \n    </div>\n    \n\n    <!-- Tom Select JS -->\n    <script src="https://cdn.jsdelivr.net/npm/tom-select@2.2.2/dist/js/tom-select.complete.min.js"></script>\n    <script>\n        // Automatic initialization for elements with class \'tom-select\'\n        document.addEventListener(\'DOMContentLoaded\', function () {\n            document.querySelectorAll(\'.tom-select\').forEach(function (el) {\n                new TomSelect(el, {\n                    create: false,\n                    sortField: {\n                        field: "text",\n                        direction: "asc"\n                    }\n                });\n            });\n        });\n    </script>\n</body>\n\n</html>' = <WrapperTestResponse 22123 bytes [200 OK]>.data
FAILED tests/functional/test_actes.py::test_template_create - assert (b'Mod\xc3\xa8le cr\xc3\xa9\xc3\xa9' in b'<!DOCTYPE html>\n<html lang="fr" class="h-full bg-gray-50">\n\n<head>\n    <meta charset="UTF-8">\n    <meta name="viewport" content="width=device-width, initial-scale=1.0">\n    <title>Nouveau Mod\xc3\xa8le - AGEN-OHADA</title>\n    <script src="https://cdn.tailwindcss.com"></script>\n    <link rel="stylesheet" href="https://unpkg.com/easymde/dist/easymde.min.css">\n\n    <!-- Tom Select -->\n    <link href="https://cdn.jsdelivr.net/npm/tom-select@2.2.2/dist/css/tom-select.css" rel="stylesheet">\n    <script src="https://cdn.jsdelivr.net/npm/tom-select@2.2.2/dist/js/tom-select.min.js"></script>\n\n    <link href="https://fonts.googleapis.com/css2?family=Inter:wght@300;400;500;600;700&display=swap" rel="stylesheet">\n    <script defer src="https://cdn.jsdelivr.net/npm/alpinejs@3.x.x/dist/cdn.min.js"></script>\n    <style>\n        body {\n            font-family: \'Inter\', sans-serif;\n        }\n\n        [x-cloak] {\n            display: none !important;\n        }\n\n        /* Basic Markdown Styling */\n        .prose h1 {\n            font-size: 2.25rem;\n            font-weight: 700;\n            margin-top: 1.5rem;\n            margin-bottom: 1rem;\n        }\n\n        .prose h2 {\n            font-size: 1.875rem;\n            font-weight: 600;\n            margin-top: 1.25rem;\n            margin-bottom: 0.75rem;\n            border-bottom: 1px solid #e5e7eb;\n            padding-bottom: 0.25rem;\n        }\n\n        .prose h3 {\n            font-size: 1.5rem;\n            font-weight: 600;\n            margin-top: 1rem;\n            margin-bottom: 0.5rem;\n        }\n\n        .prose p {\n            margin-bottom: 1rem;\n            line-height: 1.6;\n        }\n\n        .prose ul {\n            list-style-type: disc;\n            margin-left: 1.5rem;\n            margin-bottom: 1rem;\n        }\n\n        .prose ol {\n            list-style-type: decimal;\n            margin-left: 1.5rem;\n            margin-bottom: 1rem;\n        }\n\n        .prose table {\n            width: 100%;\n            border-collapse: collapse;\n            margin-bottom: 1rem;\n        }\n\n        .prose th,\n        .prose td {\n            border: 1px solid #e5e7eb;\n            padding: 0.5rem;\n            text-align: left;\n        }\n\n        .prose th {\n            background-color: #f9fafb;\n        }\n    </style>\n    \n<!-- EasyMDE CSS -->\n<link rel="stylesheet" href="https://unpkg.com/easymde/dist/easymde.min.css">\n<style>\n    .editor-toolbar {\n        border-color: #e5e7eb;\n        background: #f9fafb;\n    }\n\n    .CodeMirror {\n        border-color: #e5e7eb;\n        font-family: ui-monospace, SFMono-Regular, Menlo, Monaco, Consolas, "Liberation Mono", "Courier New", monospace;\n    }\n\n    .variable-badge {\n        cursor: pointer;\n        transition: all 0.2s;\n    }\n\n    .variable-badge:hover {\n        background-color: #e0e7ff;\n        color: #4338ca;\n        transform: translateY(-1px);\n    }\n</style>\n\n</head>\n\n<body class="h-full">\n    <div class="min-h-full" x-data="{ mobileMenuOpen: false }">\n        <!-- Navigation -->\n        \n        \n\n        \n\n        \n        \n\n        \n        \n        \n        \n\n        \n\n        <nav class="bg-white shadow">\n            <div class="mx-auto max-w-7xl px-4 sm:px-6 lg:px-8">\n                <div class="flex h-16 justify-between">\n                    <div class="flex">\n                        <div class="flex flex-shrink-0 items-center">\n                            <span class="text-xl font-bold text-indigo-600">AGEN-OHADA</span>\n                        </div>\n                        <div class="hidden sm:ml-6 sm:flex sm:space-x-8">\n\n                            \n                            \n                            \n\n                            \n                            \n                            \n                            \n                            \n                            \n                            \n                            \n                            \n                            \n                            \n                            \n                            \n                            \n                            \n                            \n                            \n                            \n                            \n                            \n                            \n                            \n                            \n                            \n                            \n                            \n                            \n                            \n                            \n                            \n                            \n                            \n                            \n                            \n                            \n                            \n                            \n                            \n                            \n                            \n                            \n                            \n                            \n                            \n                            \n                            \n\n                            \n                            \n                            \n                            <a href="/index"\n                                class="inline-flex items-center px-1 pt-1 border-b-2 text-sm font-medium border-transparent text-gray-500 hover:border-gray-300 hover:text-gray-700">\n                                Accueil\n                            </a>\n                            \n                            \n                            <a href="/clients"\n                                class="inline-flex items-center px-1 pt-1 border-b-2 text-sm font-medium border-transparent text-gray-500 hover:border-gray-300 hover:text-gray-700">\n                                Clients\n                            </a>\n                            \n                            \n                            <a href="/dossiers/"\n                                class="inline-flex items-center px-1 pt-1 border-b-2 text-sm font-medium border-transparent text-gray-500 hover:border-gray-300 hover:text-gray-700">\n                                Dossiers\n                            </a>\n                            \n                            \n                            <a href="/formalites/"\n                                class="inline-flex items-center px-1 pt-1 border-b-2 text-sm font-medium border-transparent text-gray-500 hover:border-gray-300 hover:text-gray-700">\n                                Formalit\xc3\xa9s\n                            </a>\n                            \n                            \n                            <a href="/comptabilite/"\n                                class="inline-flex items-center px-1 pt-1 border-b-2 text-sm font-medium border-transparent text-gray-500 hover:border-gray-300 hover:text-gray-700">\n                                Comptabilit\xc3\xa9\n                            </a>\n                            \n                            \n                            <a href="/dossiers/archives"\n                                class="inline-flex items-center px-1 pt-1 border-b-2 text-sm font-medium border-transparent text-gray-500 hover:border-gray-300 hover:text-gray-700">\n                                Archives\n                            </a>\n                            \n                            \n                            <a href="/users/"\n                                class="inline-flex items-center px-1 pt-1 border-b-2 text-sm font-medium border-transparent text-gray-500 hover:border-gray-300 hover:text-gray-700">\n                                Utilisateurs\n                            </a>\n                            \n                            \n                            <a href="/users/parametres"\n                                class="inline-flex items-center px-1 pt-1 border-b-2 text-sm font-medium border-transparent text-gray-500 hover:border-gray-300 hover:text-gray-700">\n                                \xe2\x9a\x99 Param\xc3\xa8tres\n                            </a>\n                            \n                            \n                            <a href="/help"\n                                class="inline-flex items-center px-1 pt-1 border-b-2 text-sm font-medium border-transparent text-gray-500 hover:border-gray-300 hover:text-gray-700">\n                                Aide\n                            </a>\n                            \n\n                            <!-- Dropdown Actes -->\n                            <div class="relative inline-flex items-center" x-data="{ open: false }">\n                                <button type="button" @click="open = !open" @click.away="open = false"\n                                    class="inline-flex items-center px-1 pt-1 border-b-2 text-sm font-medium border-transparent text-gray-500 hover:border-gray-300 hover:text-gray-700">\n                                    <span>Actes</span>\n                                    <svg class="ml-2 h-5 w-5" viewBox="0 0 20 20" fill="currentColor">\n                                        <path fill-rule="evenodd"\n                                            d="M5.293 7.293a1 1 0 011.414 0L10 10.586l3.293-3.293a1 1 0 111.414 1.414l-4 4a1 1 0 01-1.414 0l-4-4a1 1 0 010-1.414z"\n                                            clip-rule="evenodd" />\n                                    </svg>\n                                </button>\n                                <div x-show="open" x-transition:enter="transition ease-out duration-200"\n                                    x-transition:enter-start="opacity-0 scale-95"\n                                    x-transition:enter-end="opacity-100 scale-100"\n                                    x-transition:leave="transition ease-in duration-75"\n                                    x-transition:leave-start="opacity-100 scale-100"\n                                    x-transition:leave-end="opacity-0 scale-95"\n                                    class="absolute left-0 top-full z-10 mt-2 w-48 origin-top-left rounded-md bg-white py-1 shadow-lg ring-1 ring-black ring-opacity-5 focus:outline-none"\n                                    style="display: none;">\n                                    <a href="/actes/types"\n                                        class="block px-4 py-2 text-sm text-gray-700 hover:bg-gray-100">G\xc3\xa9rer les types\n                                        d\'actes</a>\n                                    <a href="/actes/templates"\n                                        class="block px-4 py-2 text-sm text-gray-700 hover:bg-gray-100">G\xc3\xa9rer les\n                                        mod\xc3\xa8les d\'acte</a>\n                                    <a href="/actes/review"\n                                        class="block px-4 py-2 text-sm text-gray-700 hover:bg-gray-100">Signer les\n                                        actes</a>\n                                    <hr class="my-1">\n                                    <a href="/actes/repertoire"\n                                        class="block px-4 py-2 text-sm text-gray-700 hover:bg-gray-100">R\xc3\xa9pertoire\n                                        Notarial</a>\n                                </div>\n                            </div>\n\n                            \n                            \n                        </div>\n                    </div>\n\n                    <div class="hidden sm:ml-6 sm:flex sm:items-center">\n                        <div class="relative ml-3">\n                            <div class="flex items-center gap-4">\n                                <a href="/users/profile"\n                                    class="text-sm font-medium text-gray-700 hover:text-indigo-600">\n                                    admin\n                                </a>\n                                <a href="/auth/logout"\n                                    class="rounded-md bg-white px-3 py-2 text-sm font-semibold text-gray-900 shadow-sm ring-1 ring-inset ring-gray-300 hover:bg-gray-50">\n                                    Se d\xc3\xa9connecter\n                                </a>\n                            </div>\n                        </div>\n                    </div>\n\n                    <!-- Mobile menu button -->\n                    <div class="-mr-2 flex items-center sm:hidden">\n                        <button type="button" @click="mobileMenuOpen = !mobileMenuOpen"\n                            class="inline-flex items-center justify-center rounded-md p-2 text-gray-400 hover:bg-gray-100 hover:text-gray-500 focus:outline-none focus:ring-2 focus:ring-inset focus:ring-indigo-500">\n                            <span class="sr-only">Open main menu</span>\n                            <svg class="h-6 w-6" fill="none" viewBox="0 0 24 24" stroke-width="1.5"\n                                stroke="currentColor" aria-hidden="true">\n                                <path stroke-linecap="round" stroke-linejoin="round"\n                                    d="M3.75 6.75h16.5M3.75 12h16.5m-16.5 5.25h16.5" />\n                            </svg>\n                        </button>\n                    </div>\n                </div>\n            </div>\n\n            <!-- Mobile menu -->\n            <div class="sm:hidden" id="mobile-menu" x-show="mobileMenuOpen" x-cloak>\n                <div class="space-y-1 pb-3 pt-2">\n                    \n                    \n                    \n                    <a href="/index"\n                        class="block border-l-4 py-2 pl-3 pr-4 text-base font-medium border-transparent text-gray-500 hover:border-gray-300 hover:bg-gray-50 hover:text-gray-700">\n                        Accueil\n                    </a>\n                    \n                    \n                    <a href="/clients"\n                        class="block border-l-4 py-2 pl-3 pr-4 text-base font-medium border-transparent text-gray-500 hover:border-gray-300 hover:bg-gray-50 hover:text-gray-700">\n                        Clients\n                    </a>\n                    \n                    \n                    <a href="/dossiers/"\n                        class="block border-l-4 py-2 pl-3 pr-4 text-base font-medium border-transparent text-gray-500 hover:border-gray-300 hover:bg-gray-50 hover:text-gray-700">\n                        Dossiers\n                    </a>\n                    \n                    \n                    <a href="/formalites/"\n                        class="block border-l-4 py-2 pl-3 pr-4 text-base font-medium border-transparent text-gray-500 hover:border-gray-300 hover:bg-gray-50 hover:text-gray-700">\n                        Formalit\xc3\xa9s\n                    </a>\n                    \n                    \n                    <a href="/comptabilite/"\n                        class="block border-l-4 py-2 pl-3 pr-4 text-base font-medium border-transparent text-gray-500 hover:border-gray-300 hover:bg-gray-50 hover:text-gray-700">\n                        Comptabilit\xc3\xa9\n                    </a>\n                    \n                    \n                    <a href="/dossiers/archives"\n                        class="block border-l-4 py-2 pl-3 pr-4 text-base font-medium border-transparent text-gray-500 hover:border-gray-300 hover:bg-gray-50 hover:text-gray-700">\n                        Archives\n                    </a>\n                    \n                    \n                    <a href="/users/"\n                        class="block border-l-4 py-2 pl-3 pr-4 text-base font-medium border-transparent text-gray-500 hover:border-gray-300 hover:bg-gray-50 hover:text-gray-700">\n                        Utilisateurs\n                    </a>\n                    \n                    \n                    <a href="/users/parametres"\n                        class="block border-l-4 py-2 pl-3 pr-4 text-base font-medium border-transparent text-gray-500 hover:border-gray-300 hover:bg-gray-50 hover:text-gray-700">\n                        \xe2\x9a\x99 Param\xc3\xa8tres\n                    </a>\n                    \n                    \n                    <a href="/help"\n                        class="block border-l-4 py-2 pl-3 pr-4 text-base font-medium border-transparent text-gray-500 hover:border-gray-300 hover:bg-gray-50 hover:text-gray-700">\n                        Aide\n                    </a>\n                    \n\n                    <!-- Actes Submenu for Mobile -->\n                    <div class="border-t border-gray-200 mt-2 pt-2">\n                        <div class="px-3 py-2 text-xs font-semibold text-gray-400 uppercase tracking-wider">Gestion des\n                            Actes</div>\n                        <a href="/actes/types"\n                            class="block py-2 pl-6 pr-4 text-base font-medium text-gray-500 hover:bg-gray-50 hover:text-gray-700">G\xc3\xa9rer\n                            les types d\'actes</a>\n                        <a href="/actes/templates"\n                            class="block py-2 pl-6 pr-4 text-base font-medium text-gray-500 hover:bg-gray-50 hover:text-gray-700">G\xc3\xa9rer\n                            les mod\xc3\xa8les d\'acte</a>\n                        <a href="/actes/review"\n                            class="block py-2 pl-6 pr-4 text-base font-medium text-gray-500 hover:bg-gray-50 hover:text-gray-700">Signer\n                            les actes</a>\n                        <a href="/actes/repertoire"\n                            class="block py-2 pl-6 pr-4 text-base font-medium text-gray-500 hover:bg-gray-50 hover:text-gray-700">R\xc3\xa9pertoire\n                            Notarial</a>\n                    </div>\n\n                    \n                    \n                    <div class="border-t border-gray-200 pt-4 pb-3">\n                        <div class="flex items-center px-4">\n                            <div class="flex-shrink-0">\n                                <a href="/users/profile">\n                                    <div\n                                        class="h-8 w-8 rounded-full bg-gray-200 flex items-center justify-center text-gray-500">\n                                        A\n                                    </div>\n                                </a>\n                            </div>\n                            <div class="ml-3">\n                                <div class="text-base font-medium text-gray-800">admin</div>\n                                <div class="text-sm font-medium text-gray-500">admin@example.com</div>\n                            </div>\n                        </div>\n                        <div class="mt-3 space-y-1">\n                            <a href="/users/profile"\n                                class="block px-4 py-2 text-base font-medium text-gray-500 hover:bg-gray-100 hover:text-gray-800">Mon\n                                Profil</a>\n                            <a href="/auth/logout"\n                                class="block px-4 py-2 text-base font-medium text-gray-500 hover:bg-gray-100 hover:text-gray-800">Se\n                                d\xc3\xa9connecter</a>\n                        </div>\n                    </div>\n                </div>\n            </div>\n        </nav>\n        \n\n        <!-- Flash Messages -->\n        \n        <div class="mx-auto max-w-7xl px-4 sm:px-6 lg:px-8 mt-4">\n            \n            \n            \n            \n            \n            \n            \n\n            <div class="rounded-md bg-red-50 text-red-700 ring-red-600/10 p-4 mb-4 ring-1 ring-inset">\n                <div class="flex">\n                    <div class="ml-3">\n                        <p class="text-sm font-medium">Erreur champ &#39;type_acte&#39;: Not a valid choice</p>\n                    </div>\n                    <div class="ml-auto pl-3">\n                        <div class="-mx-1.5 -my-1.5">\n                            <button type="button"\n                                onclick="this.parentElement.parentElement.parentElement.parentElement.remove()"\n                                class="inline-flex rounded-md p-1.5 focus:outline-none focus:ring-2 focus:ring-offset-2 hover:bg-red-50 text-red-700 ring-red-600/10">\n                                <span class="sr-only">Dismiss</span>\n                                <svg class="h-5 w-5" viewBox="0 0 20 20" fill="currentColor" aria-hidden="true">\n                                    <path\n                                        d="M6.28 5.22a.75.75 0 00-1.06 1.06L8.94 10l-3.72 3.72a.75.75 0 101.06 1.06L10 11.06l3.72 3.72a.75.75 0 101.06-1.06L11.06 10l3.72-3.72a.75.75 0 00-1.06-1.06L10 8.94 6.28 5.22z" />\n                                </svg>\n                            </button>\n                        </div>\n                    </div>\n                </div>\n            </div>\n            \n            \n            \n        </div>\n        \n\n        <!-- Main Content -->\n        <!-- Use h-full to allow content to grow, but min-h-screen calculation might be better elsewhere. \n             For now, standard layout is fine. -->\n        <main class="py-10">\n            <div class="mx-auto max-w-7xl px-4 sm:px-6 lg:px-8">\n                \n<div class="md:flex md:items-center md:justify-between mb-8">\n    <div class="min-w-0 flex-1">\n        <h2 class="text-2xl font-bold leading-7 text-gray-900 sm:truncate sm:text-3xl sm:tracking-tight">Nouveau Mod\xc3\xa8le\n        </h2>\n    </div>\n</div>\n\n<div class="grid grid-cols-1 gap-x-8 gap-y-8 md:grid-cols-3">\n    <!-- Main Form -->\n    <div class="bg-white shadow-sm ring-1 ring-gray-900/5 sm:rounded-xl md:col-span-2">\n        <form method="post" enctype="multipart/form-data" class="p-6 space-y-6">\n            \n\n            <div class="grid grid-cols-1 gap-x-6 gap-y-8 sm:grid-cols-6">\n                <!-- ... existing fields ... -->\n                <div class="sm:col-span-4">\n                    <label for="nom" class="block text-sm font-medium leading-6 text-gray-900"><label for="nom">Nom du Mod\xc3\xa8le</label></label>\n                    <div class="mt-2">\n                        <input class="block w-full rounded-md border-0 py-1.5 text-gray-900 shadow-sm ring-1\n                        ring-inset\n                        ring-gray-300 placeholder:text-gray-400 focus:ring-2 focus:ring-inset focus:ring-indigo-600\n                        sm:text-sm sm:leading-6" id="nom" name="nom" required type="text" value="Template Test">\n                    </div>\n                </div>\n\n                <div class="sm:col-span-2">\n                    <label for="type_acte" class="block text-sm font-medium leading-6 text-gray-900"><label for="type_acte">Type d&#39;Acte</label></label>\n                    <div class="mt-2">\n                        <select class="tom-select block w-full rounded-md border-0 py-1.5 text-gray-900\n                        shadow-sm ring-1\n                        ring-inset ring-gray-300 focus:ring-2 focus:ring-inset focus:ring-indigo-600 sm:text-sm\n                        sm:leading-6" id="type_acte" name="type_acte"></select>\n                    </div>\n                </div>\n\n                <div class="col-span-full">\n                    <label for="description" class="block text-sm font-medium leading-6 text-gray-900"><label for="description">Description</label></label>\n                    <div class="mt-2">\n                        <textarea class="block w-full rounded-md border-0 py-1.5 text-gray-900 shadow-sm\n                        ring-1\n                        ring-inset ring-gray-300 placeholder:text-gray-400 focus:ring-2 focus:ring-inset\n                        focus:ring-indigo-600 sm:text-sm sm:leading-6" id="description" name="description">\r\nDescription Test</textarea>\n                    </div>\n                </div>\n\n                <div class="col-span-full border-t pt-6">\n                    <h4 class="text-md font-semibold mb-4">Option A : Mod\xc3\xa8le Word (Recommand\xc3\xa9)</h4>\n                    <label for="docx_file" class="block text-sm font-medium leading-6 text-gray-900"><label for="docx_file">Fichier Word (.docx)</label></label>\n                    <div class="mt-2">\n                        <input class="block w-full text-sm text-gray-900 border border-gray-300 rounded-lg\n                        cursor-pointer bg-gray-50 focus:outline-none" id="docx_file" name="docx_file" type="file">\n                    </div>\n                    <p class="mt-1 text-xs text-gray-500">Uploadez un fichier .docx contenant des balises {{\n                        variables }}.</p>\n                </div>\n\n                <div class="col-span-full border-t pt-6">\n                    <h4 class="text-md font-semibold mb-4">Option B : Mod\xc3\xa8le Texte / Markdown</h4>\n                    <label for="contenu" class="block text-sm font-medium leading-6 text-gray-900">\n                        <label for="contenu">Contenu (Markdown &amp; Jinja2)</label>\n                    </label>\n                    <div class="mt-2">\n                        <textarea class="block w-full" id="contenu" name="contenu" rows="10">\r\n&lt;p&gt;Contenu Test {{ dossier.intitule }}&lt;/p&gt;</textarea>\n                    </div>\n                </div>\n            </div>\n\n            <div class="flex items-center justify-end gap-x-6">\n                <a href="/actes/templates"\n                    class="text-sm font-semibold leading-6 text-gray-900">Annuler</a>\n                <input class="rounded-md bg-indigo-600 px-3 py-2 text-sm font-semibold text-white shadow-sm\n                hover:bg-indigo-500 focus-visible:outline focus-visible:outline-2 focus-visible:outline-offset-2\n                focus-visible:outline-indigo-600 cursor-pointer" id="submit" name="submit" type="submit" value="Enregistrer">\n            </div>\n        </form>\n    </div>\n\n    <!-- Variable Helper Panel -->\n    <div class="space-y-6">\n        <div class="bg-white shadow-sm ring-1 ring-gray-900/5 sm:rounded-xl p-6">\n            <h3 class="text-sm font-semibold leading-6 text-gray-900 border-b pb-2 mb-4">Aide aux Variables</h3>\n            <p class="text-xs text-gray-500 mb-4">Cliquez sur une variable pour l\'ins\xc3\xa9rer dans l\'\xc3\xa9diteur \xc3\xa0 l\'endroit du\n                curseur.</p>\n\n            <div class="space-y-4">\n                <div>\n                    <h4 class="text-xs font-bold text-gray-700 uppercase tracking-wider mb-2">Dossier</h4>\n                    <div class="flex flex-wrap gap-2">\n                        <span onclick="insertVar(\'{{ dossier.numero_dossier }}\')"\n                            class="variable-badge inline-flex items-center rounded-md bg-indigo-50 px-2 py-1 text-xs font-medium text-indigo-700 ring-1 ring-inset ring-indigo-700/10">N\xc2\xb0\n                            Dossier</span>\n                        <span onclick="insertVar(\'{{ dossier.intitule }}\')"\n                            class="variable-badge inline-flex items-center rounded-md bg-indigo-50 px-2 py-1 text-xs font-medium text-indigo-700 ring-1 ring-inset ring-indigo-700/10">Intitul\xc3\xa9</span>\n                        <span onclick="insertVar(\'{{ dossier.date_ouverture }}\')"\n                            class="variable-badge inline-flex items-center rounded-md bg-indigo-50 px-2 py-1 text-xs font-medium text-indigo-700 ring-1 ring-inset ring-indigo-700/10">Date\n                            Ouverture</span>\n                    </div>\n                </div>\n\n                <div>\n                    <h4 class="text-xs font-bold text-gray-700 uppercase tracking-wider mb-2">Client (Principal)</h4>\n                    <div class="flex flex-wrap gap-2">\n                        <span onclick="insertVar(\'{{ client.nom }}\')"\n                            class="variable-badge inline-flex items-center rounded-md bg-green-50 px-2 py-1 text-xs font-medium text-green-700 ring-1 ring-inset ring-green-600/20">Nom</span>\n                        <span onclick="insertVar(\'{{ client.prenom }}\')"\n                            class="variable-badge inline-flex items-center rounded-md bg-green-50 px-2 py-1 text-xs font-medium text-green-700 ring-1 ring-inset ring-green-600/20">Pr\xc3\xa9nom</span>\n                        <span onclick="insertVar(\'{{ client.adresse }}\')"\n                            class="variable-badge inline-flex items-center rounded-md bg-green-50 px-2 py-1 text-xs font-medium text-green-700 ring-1 ring-inset ring-green-600/20">Adresse</span>\n                    </div>\n                </div>\n\n                <div>\n                    <h4 class="text-xs font-bold text-gray-700 uppercase tracking-wider mb-2">Vendeur / Acheteur</h4>\n                    <div class="flex flex-wrap gap-2">\n                        <span onclick="insertVar(\'{{ vendeur.nom }}\')"\n                            class="variable-badge inline-flex items-center rounded-md bg-blue-50 px-2 py-1 text-xs font-medium text-blue-700 ring-1 ring-inset ring-blue-700/10">Vendeur\n                            Nom</span>\n                        <span onclick="insertVar(\'{{ acheteur.nom }}\')"\n                            class="variable-badge inline-flex items-center rounded-md bg-blue-50 px-2 py-1 text-xs font-medium text-blue-700 ring-1 ring-inset ring-blue-700/10">Acheteur\n                            Nom</span>\n                    </div>\n                </div>\n\n                <div>\n                    <h4 class="text-xs font-bold text-gray-700 uppercase tracking-wider mb-2">G\xc3\xa9n\xc3\xa9ral</h4>\n                    <div class="flex flex-wrap gap-2">\n                        <span onclick="insertVar(\'{{ date }}\')"\n                            class="variable-badge inline-flex items-center rounded-md bg-orange-50 px-2 py-1 text-xs font-medium text-orange-700 ring-1 ring-inset ring-orange-700/10">Date\n                            du jour</span>\n                        <span onclick="insertVar(\'{{ now.year }}\')"\n                            class="variable-badge inline-flex items-center rounded-md bg-orange-50 px-2 py-1 text-xs font-medium text-orange-700 ring-1 ring-inset ring-orange-700/10">Ann\xc3\xa9e</span>\n                    </div>\n                </div>\n\n                <div class="pt-4 border-t border-gray-100">\n                    <h4 class="text-xs font-bold text-gray-700 uppercase tracking-wider mb-2">Formatage Rapide</h4>\n                    <div class="flex flex-wrap gap-2">\n                        <button type="button" onclick="easyMDE.toggleBold()"\n                            class="p-1 hover:bg-gray-100 rounded"><b>B</b></button>\n                        <button type="button" onclick="easyMDE.toggleItalic()"\n                            class="p-1 hover:bg-gray-100 rounded"><i>I</i></button>\n                        <button type="button" onclick="easyMDE.drawTable()"\n                            class="p-1 hover:bg-gray-100 rounded">Table</button>\n                    </div>\n                </div>\n            </div>\n        </div>\n    </div>\n</div>\n\n            </div>\n        </main>\n\n        \n        <footer class="bg-white">\n            <div class="mx-auto max-w-7xl px-6 py-4 md:flex md:items-center md:justify-between lg:px-8">\n                <div class="mt-8 md:order-1 md:mt-0">\n                    <p class="text-center text-xs leading-5 text-gray-500">&copy; 2026\n                        AGEN-OHADA. Tous droits r\xc3\xa9serv\xc3\xa9s. v1.1.0</p>\n                </div>\n            </div>\n        </footer>\n        \n    </div>\n    \n<!-- EasyMDE JS -->\n<script src="https://unpkg.com/easymde/dist/easymde.min.js"></script>\n<script>\n    const easyMDE = new EasyMDE({\n        element: document.getElementById(\'contenu\'),\n        spellChecker: false,\n        forceSync: true, // Force sync with textarea\n        autosave: {\n            enabled: true,\n            uniqueId: "act_template_new",\n            delay: 1000,\n        },\n        renderingConfig: {\n            singleLineBreaks: false,\n            codeSyntaxHighlighting: true,\n        },\n        toolbar: ["bold", "italic", "heading", "|", "quote", "unordered-list", "ordered-list", "|", "link", "table", "horizontal-rule", "|", "preview", "side-by-side", "fullscreen", "|", "guide"],\n        placeholder: "R\xc3\xa9digez votre mod\xc3\xa8le ici...",\n        minHeight: "400px"\n    });\n\n    // Manual sync before submission and debug log\n    document.querySelector(\'form\').addEventListener(\'submit\', function (e) {\n        console.log(\'Form submission triggered\');\n        easyMDE.save(); // Manual sync\n        console.log(\'Textarea content:\', document.getElementById(\'contenu\').value);\n    });\n\n    function insertVar(variable) {\n        var cm = easyMDE.codemirror;\n        var cursor = cm.getCursor();\n        cm.replaceRange(variable, cursor);\n        cm.focus();\n    }\n</script>\n\n\n    <!-- Tom Select JS -->\n    <script src="https://cdn.jsdelivr.net/npm/tom-select@2.2.2/dist/js/tom-select.complete.min.js"></script>\n    <script>\n        // Automatic initialization for elements with class \'tom-select\'\n        document.addEventListener(\'DOMContentLoaded\', function () {\n            document.querySelectorAll(\'.tom-select\').forEach(function (el) {\n                new TomSelect(el, {\n                    create: false,\n                    sortField: {\n                        field: "text",\n                        direction: "asc"\n                    }\n                });\n            });\n        });\n    </script>\n</body>\n\n</html>' or b'avec success' in b'<!DOCTYPE html>\n<html lang="fr" class="h-full bg-gray-50">\n\n<head>\n    <meta charset="UTF-8">\n    <meta name="viewport" content="width=device-width, initial-scale=1.0">\n    <title>Nouveau Mod\xc3\xa8le - AGEN-OHADA</title>\n    <script src="https://cdn.tailwindcss.com"></script>\n    <link rel="stylesheet" href="https://unpkg.com/easymde/dist/easymde.min.css">\n\n    <!-- Tom Select -->\n    <link href="https://cdn.jsdelivr.net/npm/tom-select@2.2.2/dist/css/tom-select.css" rel="stylesheet">\n    <script src="https://cdn.jsdelivr.net/npm/tom-select@2.2.2/dist/js/tom-select.min.js"></script>\n\n    <link href="https://fonts.googleapis.com/css2?family=Inter:wght@300;400;500;600;700&display=swap" rel="stylesheet">\n    <script defer src="https://cdn.jsdelivr.net/npm/alpinejs@3.x.x/dist/cdn.min.js"></script>\n    <style>\n        body {\n            font-family: \'Inter\', sans-serif;\n        }\n\n        [x-cloak] {\n            display: none !important;\n        }\n\n        /* Basic Markdown Styling */\n        .prose h1 {\n            font-size: 2.25rem;\n            font-weight: 700;\n            margin-top: 1.5rem;\n            margin-bottom: 1rem;\n        }\n\n        .prose h2 {\n            font-size: 1.875rem;\n            font-weight: 600;\n            margin-top: 1.25rem;\n            margin-bottom: 0.75rem;\n            border-bottom: 1px solid #e5e7eb;\n            padding-bottom: 0.25rem;\n        }\n\n        .prose h3 {\n            font-size: 1.5rem;\n            font-weight: 600;\n            margin-top: 1rem;\n            margin-bottom: 0.5rem;\n        }\n\n        .prose p {\n            margin-bottom: 1rem;\n            line-height: 1.6;\n        }\n\n        .prose ul {\n            list-style-type: disc;\n            margin-left: 1.5rem;\n            margin-bottom: 1rem;\n        }\n\n        .prose ol {\n            list-style-type: decimal;\n            margin-left: 1.5rem;\n            margin-bottom: 1rem;\n        }\n\n        .prose table {\n            width: 100%;\n            border-collapse: collapse;\n            margin-bottom: 1rem;\n        }\n\n        .prose th,\n        .prose td {\n            border: 1px solid #e5e7eb;\n            padding: 0.5rem;\n            text-align: left;\n        }\n\n        .prose th {\n            background-color: #f9fafb;\n        }\n    </style>\n    \n<!-- EasyMDE CSS -->\n<link rel="stylesheet" href="https://unpkg.com/easymde/dist/easymde.min.css">\n<style>\n    .editor-toolbar {\n        border-color: #e5e7eb;\n        background: #f9fafb;\n    }\n\n    .CodeMirror {\n        border-color: #e5e7eb;\n        font-family: ui-monospace, SFMono-Regular, Menlo, Monaco, Consolas, "Liberation Mono", "Courier New", monospace;\n    }\n\n    .variable-badge {\n        cursor: pointer;\n        transition: all 0.2s;\n    }\n\n    .variable-badge:hover {\n        background-color: #e0e7ff;\n        color: #4338ca;\n        transform: translateY(-1px);\n    }\n</style>\n\n</head>\n\n<body class="h-full">\n    <div class="min-h-full" x-data="{ mobileMenuOpen: false }">\n        <!-- Navigation -->\n        \n        \n\n        \n\n        \n        \n\n        \n        \n        \n        \n\n        \n\n        <nav class="bg-white shadow">\n            <div class="mx-auto max-w-7xl px-4 sm:px-6 lg:px-8">\n                <div class="flex h-16 justify-between">\n                    <div class="flex">\n                        <div class="flex flex-shrink-0 items-center">\n                            <span class="text-xl font-bold text-indigo-600">AGEN-OHADA</span>\n                        </div>\n                        <div class="hidden sm:ml-6 sm:flex sm:space-x-8">\n\n                            \n                            \n                            \n\n                            \n                            \n                            \n                            \n                            \n                            \n                            \n                            \n                            \n                            \n                            \n                            \n                            \n                            \n                            \n                            \n                            \n                            \n                            \n                            \n                            \n                            \n                            \n                            \n                            \n                            \n                            \n                            \n                            \n                            \n                            \n                            \n                            \n                            \n                            \n                            \n                            \n                            \n                            \n                            \n                            \n                            \n                            \n                            \n                            \n                            \n\n                            \n                            \n                            \n                            <a href="/index"\n                                class="inline-flex items-center px-1 pt-1 border-b-2 text-sm font-medium border-transparent text-gray-500 hover:border-gray-300 hover:text-gray-700">\n                                Accueil\n                            </a>\n                            \n                            \n                            <a href="/clients"\n                                class="inline-flex items-center px-1 pt-1 border-b-2 text-sm font-medium border-transparent text-gray-500 hover:border-gray-300 hover:text-gray-700">\n                                Clients\n                            </a>\n                            \n                            \n                            <a href="/dossiers/"\n                                class="inline-flex items-center px-1 pt-1 border-b-2 text-sm font-medium border-transparent text-gray-500 hover:border-gray-300 hover:text-gray-700">\n                                Dossiers\n                            </a>\n                            \n                            \n                            <a href="/formalites/"\n                                class="inline-flex items-center px-1 pt-1 border-b-2 text-sm font-medium border-transparent text-gray-500 hover:border-gray-300 hover:text-gray-700">\n                                Formalit\xc3\xa9s\n                            </a>\n                            \n                            \n                            <a href="/comptabilite/"\n                                class="inline-flex items-center px-1 pt-1 border-b-2 text-sm font-medium border-transparent text-gray-500 hover:border-gray-300 hover:text-gray-700">\n                                Comptabilit\xc3\xa9\n                            </a>\n                            \n                            \n                            <a href="/dossiers/archives"\n                                class="inline-flex items-center px-1 pt-1 border-b-2 text-sm font-medium border-transparent text-gray-500 hover:border-gray-300 hover:text-gray-700">\n                                Archives\n                            </a>\n                            \n                            \n                            <a href="/users/"\n                                class="inline-flex items-center px-1 pt-1 border-b-2 text-sm font-medium border-transparent text-gray-500 hover:border-gray-300 hover:text-gray-700">\n                                Utilisateurs\n                            </a>\n                            \n                            \n                            <a href="/users/parametres"\n                                class="inline-flex items-center px-1 pt-1 border-b-2 text-sm font-medium border-transparent text-gray-500 hover:border-gray-300 hover:text-gray-700">\n                                \xe2\x9a\x99 Param\xc3\xa8tres\n                            </a>\n                            \n                            \n                            <a href="/help"\n                                class="inline-flex items-center px-1 pt-1 border-b-2 text-sm font-medium border-transparent text-gray-500 hover:border-gray-300 hover:text-gray-700">\n                                Aide\n                            </a>\n                            \n\n                            <!-- Dropdown Actes -->\n                            <div class="relative inline-flex items-center" x-data="{ open: false }">\n                                <button type="button" @click="open = !open" @click.away="open = false"\n                                    class="inline-flex items-center px-1 pt-1 border-b-2 text-sm font-medium border-transparent text-gray-500 hover:border-gray-300 hover:text-gray-700">\n                                    <span>Actes</span>\n                                    <svg class="ml-2 h-5 w-5" viewBox="0 0 20 20" fill="currentColor">\n                                        <path fill-rule="evenodd"\n                                            d="M5.293 7.293a1 1 0 011.414 0L10 10.586l3.293-3.293a1 1 0 111.414 1.414l-4 4a1 1 0 01-1.414 0l-4-4a1 1 0 010-1.414z"\n                                            clip-rule="evenodd" />\n                                    </svg>\n                                </button>\n                                <div x-show="open" x-transition:enter="transition ease-out duration-200"\n                                    x-transition:enter-start="opacity-0 scale-95"\n                                    x-transition:enter-end="opacity-100 scale-100"\n                                    x-transition:leave="transition ease-in duration-75"\n                                    x-transition:leave-start="opacity-100 scale-100"\n                                    x-transition:leave-end="opacity-0 scale-95"\n                                    class="absolute left-0 top-full z-10 mt-2 w-48 origin-top-left rounded-md bg-white py-1 shadow-lg ring-1 ring-black ring-opacity-5 focus:outline-none"\n                                    style="display: none;">\n                                    <a href="/actes/types"\n                                        class="block px-4 py-2 text-sm text-gray-700 hover:bg-gray-100">G\xc3\xa9rer les types\n                                        d\'actes</a>\n                                    <a href="/actes/templates"\n                                        class="block px-4 py-2 text-sm text-gray-700 hover:bg-gray-100">G\xc3\xa9rer les\n                                        mod\xc3\xa8les d\'acte</a>\n                                    <a href="/actes/review"\n                                        class="block px-4 py-2 text-sm text-gray-700 hover:bg-gray-100">Signer les\n                                        actes</a>\n                                    <hr class="my-1">\n                                    <a href="/actes/repertoire"\n                                        class="block px-4 py-2 text-sm text-gray-700 hover:bg-gray-100">R\xc3\xa9pertoire\n                                        Notarial</a>\n                                </div>\n                            </div>\n\n                            \n                            \n                        </div>\n                    </div>\n\n                    <div class="hidden sm:ml-6 sm:flex sm:items-center">\n                        <div class="relative ml-3">\n                            <div class="flex items-center gap-4">\n                                <a href="/users/profile"\n                                    class="text-sm font-medium text-gray-700 hover:text-indigo-600">\n                                    admin\n                                </a>\n                                <a href="/auth/logout"\n                                    class="rounded-md bg-white px-3 py-2 text-sm font-semibold text-gray-900 shadow-sm ring-1 ring-inset ring-gray-300 hover:bg-gray-50">\n                                    Se d\xc3\xa9connecter\n                                </a>\n                            </div>\n                        </div>\n                    </div>\n\n                    <!-- Mobile menu button -->\n                    <div class="-mr-2 flex items-center sm:hidden">\n                        <button type="button" @click="mobileMenuOpen = !mobileMenuOpen"\n                            class="inline-flex items-center justify-center rounded-md p-2 text-gray-400 hover:bg-gray-100 hover:text-gray-500 focus:outline-none focus:ring-2 focus:ring-inset focus:ring-indigo-500">\n                            <span class="sr-only">Open main menu</span>\n                            <svg class="h-6 w-6" fill="none" viewBox="0 0 24 24" stroke-width="1.5"\n                                stroke="currentColor" aria-hidden="true">\n                                <path stroke-linecap="round" stroke-linejoin="round"\n                                    d="M3.75 6.75h16.5M3.75 12h16.5m-16.5 5.25h16.5" />\n                            </svg>\n                        </button>\n                    </div>\n                </div>\n            </div>\n\n            <!-- Mobile menu -->\n            <div class="sm:hidden" id="mobile-menu" x-show="mobileMenuOpen" x-cloak>\n                <div class="space-y-1 pb-3 pt-2">\n                    \n                    \n                    \n                    <a href="/index"\n                        class="block border-l-4 py-2 pl-3 pr-4 text-base font-medium border-transparent text-gray-500 hover:border-gray-300 hover:bg-gray-50 hover:text-gray-700">\n                        Accueil\n                    </a>\n                    \n                    \n                    <a href="/clients"\n                        class="block border-l-4 py-2 pl-3 pr-4 text-base font-medium border-transparent text-gray-500 hover:border-gray-300 hover:bg-gray-50 hover:text-gray-700">\n                        Clients\n                    </a>\n                    \n                    \n                    <a href="/dossiers/"\n                        class="block border-l-4 py-2 pl-3 pr-4 text-base font-medium border-transparent text-gray-500 hover:border-gray-300 hover:bg-gray-50 hover:text-gray-700">\n                        Dossiers\n                    </a>\n                    \n                    \n                    <a href="/formalites/"\n                        class="block border-l-4 py-2 pl-3 pr-4 text-base font-medium border-transparent text-gray-500 hover:border-gray-300 hover:bg-gray-50 hover:text-gray-700">\n                        Formalit\xc3\xa9s\n                    </a>\n                    \n                    \n                    <a href="/comptabilite/"\n                        class="block border-l-4 py-2 pl-3 pr-4 text-base font-medium border-transparent text-gray-500 hover:border-gray-300 hover:bg-gray-50 hover:text-gray-700">\n                        Comptabilit\xc3\xa9\n                    </a>\n                    \n                    \n                    <a href="/dossiers/archives"\n                        class="block border-l-4 py-2 pl-3 pr-4 text-base font-medium border-transparent text-gray-500 hover:border-gray-300 hover:bg-gray-50 hover:text-gray-700">\n                        Archives\n                    </a>\n                    \n                    \n                    <a href="/users/"\n                        class="block border-l-4 py-2 pl-3 pr-4 text-base font-medium border-transparent text-gray-500 hover:border-gray-300 hover:bg-gray-50 hover:text-gray-700">\n                        Utilisateurs\n                    </a>\n                    \n                    \n                    <a href="/users/parametres"\n                        class="block border-l-4 py-2 pl-3 pr-4 text-base font-medium border-transparent text-gray-500 hover:border-gray-300 hover:bg-gray-50 hover:text-gray-700">\n                        \xe2\x9a\x99 Param\xc3\xa8tres\n                    </a>\n                    \n                    \n                    <a href="/help"\n                        class="block border-l-4 py-2 pl-3 pr-4 text-base font-medium border-transparent text-gray-500 hover:border-gray-300 hover:bg-gray-50 hover:text-gray-700">\n                        Aide\n                    </a>\n                    \n\n                    <!-- Actes Submenu for Mobile -->\n                    <div class="border-t border-gray-200 mt-2 pt-2">\n                        <div class="px-3 py-2 text-xs font-semibold text-gray-400 uppercase tracking-wider">Gestion des\n                            Actes</div>\n                        <a href="/actes/types"\n                            class="block py-2 pl-6 pr-4 text-base font-medium text-gray-500 hover:bg-gray-50 hover:text-gray-700">G\xc3\xa9rer\n                            les types d\'actes</a>\n                        <a href="/actes/templates"\n                            class="block py-2 pl-6 pr-4 text-base font-medium text-gray-500 hover:bg-gray-50 hover:text-gray-700">G\xc3\xa9rer\n                            les mod\xc3\xa8les d\'acte</a>\n                        <a href="/actes/review"\n                            class="block py-2 pl-6 pr-4 text-base font-medium text-gray-500 hover:bg-gray-50 hover:text-gray-700">Signer\n                            les actes</a>\n                        <a href="/actes/repertoire"\n                            class="block py-2 pl-6 pr-4 text-base font-medium text-gray-500 hover:bg-gray-50 hover:text-gray-700">R\xc3\xa9pertoire\n                            Notarial</a>\n                    </div>\n\n                    \n                    \n                    <div class="border-t border-gray-200 pt-4 pb-3">\n                        <div class="flex items-center px-4">\n                            <div class="flex-shrink-0">\n                                <a href="/users/profile">\n                                    <div\n                                        class="h-8 w-8 rounded-full bg-gray-200 flex items-center justify-center text-gray-500">\n                                        A\n                                    </div>\n                                </a>\n                            </div>\n                            <div class="ml-3">\n                                <div class="text-base font-medium text-gray-800">admin</div>\n                                <div class="text-sm font-medium text-gray-500">admin@example.com</div>\n                            </div>\n                        </div>\n                        <div class="mt-3 space-y-1">\n                            <a href="/users/profile"\n                                class="block px-4 py-2 text-base font-medium text-gray-500 hover:bg-gray-100 hover:text-gray-800">Mon\n                                Profil</a>\n                            <a href="/auth/logout"\n                                class="block px-4 py-2 text-base font-medium text-gray-500 hover:bg-gray-100 hover:text-gray-800">Se\n                                d\xc3\xa9connecter</a>\n                        </div>\n                    </div>\n                </div>\n            </div>\n        </nav>\n        \n\n        <!-- Flash Messages -->\n        \n        <div class="mx-auto max-w-7xl px-4 sm:px-6 lg:px-8 mt-4">\n            \n            \n            \n            \n            \n            \n            \n\n            <div class="rounded-md bg-red-50 text-red-700 ring-red-600/10 p-4 mb-4 ring-1 ring-inset">\n                <div class="flex">\n                    <div class="ml-3">\n                        <p class="text-sm font-medium">Erreur champ &#39;type_acte&#39;: Not a valid choice</p>\n                    </div>\n                    <div class="ml-auto pl-3">\n                        <div class="-mx-1.5 -my-1.5">\n                            <button type="button"\n                                onclick="this.parentElement.parentElement.parentElement.parentElement.remove()"\n                                class="inline-flex rounded-md p-1.5 focus:outline-none focus:ring-2 focus:ring-offset-2 hover:bg-red-50 text-red-700 ring-red-600/10">\n                                <span class="sr-only">Dismiss</span>\n                                <svg class="h-5 w-5" viewBox="0 0 20 20" fill="currentColor" aria-hidden="true">\n                                    <path\n                                        d="M6.28 5.22a.75.75 0 00-1.06 1.06L8.94 10l-3.72 3.72a.75.75 0 101.06 1.06L10 11.06l3.72 3.72a.75.75 0 101.06-1.06L11.06 10l3.72-3.72a.75.75 0 00-1.06-1.06L10 8.94 6.28 5.22z" />\n                                </svg>\n                            </button>\n                        </div>\n                    </div>\n                </div>\n            </div>\n            \n            \n            \n        </div>\n        \n\n        <!-- Main Content -->\n        <!-- Use h-full to allow content to grow, but min-h-screen calculation might be better elsewhere. \n             For now, standard layout is fine. -->\n        <main class="py-10">\n            <div class="mx-auto max-w-7xl px-4 sm:px-6 lg:px-8">\n                \n<div class="md:flex md:items-center md:justify-between mb-8">\n    <div class="min-w-0 flex-1">\n        <h2 class="text-2xl font-bold leading-7 text-gray-900 sm:truncate sm:text-3xl sm:tracking-tight">Nouveau Mod\xc3\xa8le\n        </h2>\n    </div>\n</div>\n\n<div class="grid grid-cols-1 gap-x-8 gap-y-8 md:grid-cols-3">\n    <!-- Main Form -->\n    <div class="bg-white shadow-sm ring-1 ring-gray-900/5 sm:rounded-xl md:col-span-2">\n        <form method="post" enctype="multipart/form-data" class="p-6 space-y-6">\n            \n\n            <div class="grid grid-cols-1 gap-x-6 gap-y-8 sm:grid-cols-6">\n                <!-- ... existing fields ... -->\n                <div class="sm:col-span-4">\n                    <label for="nom" class="block text-sm font-medium leading-6 text-gray-900"><label for="nom">Nom du Mod\xc3\xa8le</label></label>\n                    <div class="mt-2">\n                        <input class="block w-full rounded-md border-0 py-1.5 text-gray-900 shadow-sm ring-1\n                        ring-inset\n                        ring-gray-300 placeholder:text-gray-400 focus:ring-2 focus:ring-inset focus:ring-indigo-600\n                        sm:text-sm sm:leading-6" id="nom" name="nom" required type="text" value="Template Test">\n                    </div>\n                </div>\n\n                <div class="sm:col-span-2">\n                    <label for="type_acte" class="block text-sm font-medium leading-6 text-gray-900"><label for="type_acte">Type d&#39;Acte</label></label>\n                    <div class="mt-2">\n                        <select class="tom-select block w-full rounded-md border-0 py-1.5 text-gray-900\n                        shadow-sm ring-1\n                        ring-inset ring-gray-300 focus:ring-2 focus:ring-inset focus:ring-indigo-600 sm:text-sm\n                        sm:leading-6" id="type_acte" name="type_acte"></select>\n                    </div>\n                </div>\n\n                <div class="col-span-full">\n                    <label for="description" class="block text-sm font-medium leading-6 text-gray-900"><label for="description">Description</label></label>\n                    <div class="mt-2">\n                        <textarea class="block w-full rounded-md border-0 py-1.5 text-gray-900 shadow-sm\n                        ring-1\n                        ring-inset ring-gray-300 placeholder:text-gray-400 focus:ring-2 focus:ring-inset\n                        focus:ring-indigo-600 sm:text-sm sm:leading-6" id="description" name="description">\r\nDescription Test</textarea>\n                    </div>\n                </div>\n\n                <div class="col-span-full border-t pt-6">\n                    <h4 class="text-md font-semibold mb-4">Option A : Mod\xc3\xa8le Word (Recommand\xc3\xa9)</h4>\n                    <label for="docx_file" class="block text-sm font-medium leading-6 text-gray-900"><label for="docx_file">Fichier Word (.docx)</label></label>\n                    <div class="mt-2">\n                        <input class="block w-full text-sm text-gray-900 border border-gray-300 rounded-lg\n                        cursor-pointer bg-gray-50 focus:outline-none" id="docx_file" name="docx_file" type="file">\n                    </div>\n                    <p class="mt-1 text-xs text-gray-500">Uploadez un fichier .docx contenant des balises {{\n                        variables }}.</p>\n                </div>\n\n                <div class="col-span-full border-t pt-6">\n                    <h4 class="text-md font-semibold mb-4">Option B : Mod\xc3\xa8le Texte / Markdown</h4>\n                    <label for="contenu" class="block text-sm font-medium leading-6 text-gray-900">\n                        <label for="contenu">Contenu (Markdown &amp; Jinja2)</label>\n                    </label>\n                    <div class="mt-2">\n                        <textarea class="block w-full" id="contenu" name="contenu" rows="10">\r\n&lt;p&gt;Contenu Test {{ dossier.intitule }}&lt;/p&gt;</textarea>\n                    </div>\n                </div>\n            </div>\n\n            <div class="flex items-center justify-end gap-x-6">\n                <a href="/actes/templates"\n                    class="text-sm font-semibold leading-6 text-gray-900">Annuler</a>\n                <input class="rounded-md bg-indigo-600 px-3 py-2 text-sm font-semibold text-white shadow-sm\n                hover:bg-indigo-500 focus-visible:outline focus-visible:outline-2 focus-visible:outline-offset-2\n                focus-visible:outline-indigo-600 cursor-pointer" id="submit" name="submit" type="submit" value="Enregistrer">\n            </div>\n        </form>\n    </div>\n\n    <!-- Variable Helper Panel -->\n    <div class="space-y-6">\n        <div class="bg-white shadow-sm ring-1 ring-gray-900/5 sm:rounded-xl p-6">\n            <h3 class="text-sm font-semibold leading-6 text-gray-900 border-b pb-2 mb-4">Aide aux Variables</h3>\n            <p class="text-xs text-gray-500 mb-4">Cliquez sur une variable pour l\'ins\xc3\xa9rer dans l\'\xc3\xa9diteur \xc3\xa0 l\'endroit du\n                curseur.</p>\n\n            <div class="space-y-4">\n                <div>\n                    <h4 class="text-xs font-bold text-gray-700 uppercase tracking-wider mb-2">Dossier</h4>\n                    <div class="flex flex-wrap gap-2">\n                        <span onclick="insertVar(\'{{ dossier.numero_dossier }}\')"\n                            class="variable-badge inline-flex items-center rounded-md bg-indigo-50 px-2 py-1 text-xs font-medium text-indigo-700 ring-1 ring-inset ring-indigo-700/10">N\xc2\xb0\n                            Dossier</span>\n                        <span onclick="insertVar(\'{{ dossier.intitule }}\')"\n                            class="variable-badge inline-flex items-center rounded-md bg-indigo-50 px-2 py-1 text-xs font-medium text-indigo-700 ring-1 ring-inset ring-indigo-700/10">Intitul\xc3\xa9</span>\n                        <span onclick="insertVar(\'{{ dossier.date_ouverture }}\')"\n                            class="variable-badge inline-flex items-center rounded-md bg-indigo-50 px-2 py-1 text-xs font-medium text-indigo-700 ring-1 ring-inset ring-indigo-700/10">Date\n                            Ouverture</span>\n                    </div>\n                </div>\n\n                <div>\n                    <h4 class="text-xs font-bold text-gray-700 uppercase tracking-wider mb-2">Client (Principal)</h4>\n                    <div class="flex flex-wrap gap-2">\n                        <span onclick="insertVar(\'{{ client.nom }}\')"\n                            class="variable-badge inline-flex items-center rounded-md bg-green-50 px-2 py-1 text-xs font-medium text-green-700 ring-1 ring-inset ring-green-600/20">Nom</span>\n                        <span onclick="insertVar(\'{{ client.prenom }}\')"\n                            class="variable-badge inline-flex items-center rounded-md bg-green-50 px-2 py-1 text-xs font-medium text-green-700 ring-1 ring-inset ring-green-600/20">Pr\xc3\xa9nom</span>\n                        <span onclick="insertVar(\'{{ client.adresse }}\')"\n                            class="variable-badge inline-flex items-center rounded-md bg-green-50 px-2 py-1 text-xs font-medium text-green-700 ring-1 ring-inset ring-green-600/20">Adresse</span>\n                    </div>\n                </div>\n\n                <div>\n                    <h4 class="text-xs font-bold text-gray-700 uppercase tracking-wider mb-2">Vendeur / Acheteur</h4>\n                    <div class="flex flex-wrap gap-2">\n                        <span onclick="insertVar(\'{{ vendeur.nom }}\')"\n                            class="variable-badge inline-flex items-center rounded-md bg-blue-50 px-2 py-1 text-xs font-medium text-blue-700 ring-1 ring-inset ring-blue-700/10">Vendeur\n                            Nom</span>\n                        <span onclick="insertVar(\'{{ acheteur.nom }}\')"\n                            class="variable-badge inline-flex items-center rounded-md bg-blue-50 px-2 py-1 text-xs font-medium text-blue-700 ring-1 ring-inset ring-blue-700/10">Acheteur\n                            Nom</span>\n                    </div>\n                </div>\n\n                <div>\n                    <h4 class="text-xs font-bold text-gray-700 uppercase tracking-wider mb-2">G\xc3\xa9n\xc3\xa9ral</h4>\n                    <div class="flex flex-wrap gap-2">\n                        <span onclick="insertVar(\'{{ date }}\')"\n                            class="variable-badge inline-flex items-center rounded-md bg-orange-50 px-2 py-1 text-xs font-medium text-orange-700 ring-1 ring-inset ring-orange-700/10">Date\n                            du jour</span>\n                        <span onclick="insertVar(\'{{ now.year }}\')"\n                            class="variable-badge inline-flex items-center rounded-md bg-orange-50 px-2 py-1 text-xs font-medium text-orange-700 ring-1 ring-inset ring-orange-700/10">Ann\xc3\xa9e</span>\n                    </div>\n                </div>\n\n                <div class="pt-4 border-t border-gray-100">\n                    <h4 class="text-xs font-bold text-gray-700 uppercase tracking-wider mb-2">Formatage Rapide</h4>\n                    <div class="flex flex-wrap gap-2">\n                        <button type="button" onclick="easyMDE.toggleBold()"\n                            class="p-1 hover:bg-gray-100 rounded"><b>B</b></button>\n                        <button type="button" onclick="easyMDE.toggleItalic()"\n                            class="p-1 hover:bg-gray-100 rounded"><i>I</i></button>\n                        <button type="button" onclick="easyMDE.drawTable()"\n                            class="p-1 hover:bg-gray-100 rounded">Table</button>\n                    </div>\n                </div>\n            </div>\n        </div>\n    </div>\n</div>\n\n            </div>\n        </main>\n\n        \n        <footer class="bg-white">\n            <div class="mx-auto max-w-7xl px-6 py-4 md:flex md:items-center md:justify-between lg:px-8">\n                <div class="mt-8 md:order-1 md:mt-0">\n                    <p class="text-center text-xs leading-5 text-gray-500">&copy; 2026\n                        AGEN-OHADA. Tous droits r\xc3\xa9serv\xc3\xa9s. v1.1.0</p>\n                </div>\n            </div>\n        </footer>\n        \n    </div>\n    \n<!-- EasyMDE JS -->\n<script src="https://unpkg.com/easymde/dist/easymde.min.js"></script>\n<script>\n    const easyMDE = new EasyMDE({\n        element: document.getElementById(\'contenu\'),\n        spellChecker: false,\n        forceSync: true, // Force sync with textarea\n        autosave: {\n            enabled: true,\n            uniqueId: "act_template_new",\n            delay: 1000,\n        },\n        renderingConfig: {\n            singleLineBreaks: false,\n            codeSyntaxHighlighting: true,\n        },\n        toolbar: ["bold", "italic", "heading", "|", "quote", "unordered-list", "ordered-list", "|", "link", "table", "horizontal-rule", "|", "preview", "side-by-side", "fullscreen", "|", "guide"],\n        placeholder: "R\xc3\xa9digez votre mod\xc3\xa8le ici...",\n        minHeight: "400px"\n    });\n\n    // Manual sync before submission and debug log\n    document.querySelector(\'form\').addEventListener(\'submit\', function (e) {\n        console.log(\'Form submission triggered\');\n        easyMDE.save(); // Manual sync\n        console.log(\'Textarea content:\', document.getElementById(\'contenu\').value);\n    });\n\n    function insertVar(variable) {\n        var cm = easyMDE.codemirror;\n        var cursor = cm.getCursor();\n        cm.replaceRange(variable, cursor);\n        cm.focus();\n    }\n</script>\n\n\n    <!-- Tom Select JS -->\n    <script src="https://cdn.jsdelivr.net/npm/tom-select@2.2.2/dist/js/tom-select.complete.min.js"></script>\n    <script>\n        // Automatic initialization for elements with class \'tom-select\'\n        document.addEventListener(\'DOMContentLoaded\', function () {\n            document.querySelectorAll(\'.tom-select\').forEach(function (el) {\n                new TomSelect(el, {\n                    create: false,\n                    sortField: {\n                        field: "text",\n                        direction: "asc"\n                    }\n                });\n            });\n        });\n    </script>\n</body>\n\n</html>')
 +  where b'<!DOCTYPE html>\n<html lang="fr" class="h-full bg-gray-50">\n\n<head>\n    <meta charset="UTF-8">\n    <meta name="viewport" content="width=device-width, initial-scale=1.0">\n    <title>Nouveau Mod\xc3\xa8le - AGEN-OHADA</title>\n    <script src="https://cdn.tailwindcss.com"></script>\n    <link rel="stylesheet" href="https://unpkg.com/easymde/dist/easymde.min.css">\n\n    <!-- Tom Select -->\n    <link href="https://cdn.jsdelivr.net/npm/tom-select@2.2.2/dist/css/tom-select.css" rel="stylesheet">\n    <script src="https://cdn.jsdelivr.net/npm/tom-select@2.2.2/dist/js/tom-select.min.js"></script>\n\n    <link href="https://fonts.googleapis.com/css2?family=Inter:wght@300;400;500;600;700&display=swap" rel="stylesheet">\n    <script defer src="https://cdn.jsdelivr.net/npm/alpinejs@3.x.x/dist/cdn.min.js"></script>\n    <style>\n        body {\n            font-family: \'Inter\', sans-serif;\n        }\n\n        [x-cloak] {\n            display: none !important;\n        }\n\n        /* Basic Markdown Styling */\n        .prose h1 {\n            font-size: 2.25rem;\n            font-weight: 700;\n            margin-top: 1.5rem;\n            margin-bottom: 1rem;\n        }\n\n        .prose h2 {\n            font-size: 1.875rem;\n            font-weight: 600;\n            margin-top: 1.25rem;\n            margin-bottom: 0.75rem;\n            border-bottom: 1px solid #e5e7eb;\n            padding-bottom: 0.25rem;\n        }\n\n        .prose h3 {\n            font-size: 1.5rem;\n            font-weight: 600;\n            margin-top: 1rem;\n            margin-bottom: 0.5rem;\n        }\n\n        .prose p {\n            margin-bottom: 1rem;\n            line-height: 1.6;\n        }\n\n        .prose ul {\n            list-style-type: disc;\n            margin-left: 1.5rem;\n            margin-bottom: 1rem;\n        }\n\n        .prose ol {\n            list-style-type: decimal;\n            margin-left: 1.5rem;\n            margin-bottom: 1rem;\n        }\n\n        .prose table {\n            width: 100%;\n            border-collapse: collapse;\n            margin-bottom: 1rem;\n        }\n\n        .prose th,\n        .prose td {\n            border: 1px solid #e5e7eb;\n            padding: 0.5rem;\n            text-align: left;\n        }\n\n        .prose th {\n            background-color: #f9fafb;\n        }\n    </style>\n    \n<!-- EasyMDE CSS -->\n<link rel="stylesheet" href="https://unpkg.com/easymde/dist/easymde.min.css">\n<style>\n    .editor-toolbar {\n        border-color: #e5e7eb;\n        background: #f9fafb;\n    }\n\n    .CodeMirror {\n        border-color: #e5e7eb;\n        font-family: ui-monospace, SFMono-Regular, Menlo, Monaco, Consolas, "Liberation Mono", "Courier New", monospace;\n    }\n\n    .variable-badge {\n        cursor: pointer;\n        transition: all 0.2s;\n    }\n\n    .variable-badge:hover {\n        background-color: #e0e7ff;\n        color: #4338ca;\n        transform: translateY(-1px);\n    }\n</style>\n\n</head>\n\n<body class="h-full">\n    <div class="min-h-full" x-data="{ mobileMenuOpen: false }">\n        <!-- Navigation -->\n        \n        \n\n        \n\n        \n        \n\n        \n        \n        \n        \n\n        \n\n        <nav class="bg-white shadow">\n            <div class="mx-auto max-w-7xl px-4 sm:px-6 lg:px-8">\n                <div class="flex h-16 justify-between">\n                    <div class="flex">\n                        <div class="flex flex-shrink-0 items-center">\n                            <span class="text-xl font-bold text-indigo-600">AGEN-OHADA</span>\n                        </div>\n                        <div class="hidden sm:ml-6 sm:flex sm:space-x-8">\n\n                            \n                            \n                            \n\n                            \n                            \n                            \n                            \n                            \n                            \n                            \n                            \n                            \n                            \n                            \n                            \n                            \n                            \n                            \n                            \n                            \n                            \n                            \n                            \n                            \n                            \n                            \n                            \n                            \n                            \n                            \n                            \n                            \n                            \n                            \n                            \n                            \n                            \n                            \n                            \n                            \n                            \n                            \n                            \n                            \n                            \n                            \n                            \n                            \n                            \n\n                            \n                            \n                            \n                            <a href="/index"\n                                class="inline-flex items-center px-1 pt-1 border-b-2 text-sm font-medium border-transparent text-gray-500 hover:border-gray-300 hover:text-gray-700">\n                                Accueil\n                            </a>\n                            \n                            \n                            <a href="/clients"\n                                class="inline-flex items-center px-1 pt-1 border-b-2 text-sm font-medium border-transparent text-gray-500 hover:border-gray-300 hover:text-gray-700">\n                                Clients\n                            </a>\n                            \n                            \n                            <a href="/dossiers/"\n                                class="inline-flex items-center px-1 pt-1 border-b-2 text-sm font-medium border-transparent text-gray-500 hover:border-gray-300 hover:text-gray-700">\n                                Dossiers\n                            </a>\n                            \n                            \n                            <a href="/formalites/"\n                                class="inline-flex items-center px-1 pt-1 border-b-2 text-sm font-medium border-transparent text-gray-500 hover:border-gray-300 hover:text-gray-700">\n                                Formalit\xc3\xa9s\n                            </a>\n                            \n                            \n                            <a href="/comptabilite/"\n                                class="inline-flex items-center px-1 pt-1 border-b-2 text-sm font-medium border-transparent text-gray-500 hover:border-gray-300 hover:text-gray-700">\n                                Comptabilit\xc3\xa9\n                            </a>\n                            \n                            \n                            <a href="/dossiers/archives"\n                                class="inline-flex items-center px-1 pt-1 border-b-2 text-sm font-medium border-transparent text-gray-500 hover:border-gray-300 hover:text-gray-700">\n                                Archives\n                            </a>\n                            \n                            \n                            <a href="/users/"\n                                class="inline-flex items-center px-1 pt-1 border-b-2 text-sm font-medium border-transparent text-gray-500 hover:border-gray-300 hover:text-gray-700">\n                                Utilisateurs\n                            </a>\n                            \n                            \n                            <a href="/users/parametres"\n                                class="inline-flex items-center px-1 pt-1 border-b-2 text-sm font-medium border-transparent text-gray-500 hover:border-gray-300 hover:text-gray-700">\n                                \xe2\x9a\x99 Param\xc3\xa8tres\n                            </a>\n                            \n                            \n                            <a href="/help"\n                                class="inline-flex items-center px-1 pt-1 border-b-2 text-sm font-medium border-transparent text-gray-500 hover:border-gray-300 hover:text-gray-700">\n                                Aide\n                            </a>\n                            \n\n                            <!-- Dropdown Actes -->\n                            <div class="relative inline-flex items-center" x-data="{ open: false }">\n                                <button type="button" @click="open = !open" @click.away="open = false"\n                                    class="inline-flex items-center px-1 pt-1 border-b-2 text-sm font-medium border-transparent text-gray-500 hover:border-gray-300 hover:text-gray-700">\n                                    <span>Actes</span>\n                                    <svg class="ml-2 h-5 w-5" viewBox="0 0 20 20" fill="currentColor">\n                                        <path fill-rule="evenodd"\n                                            d="M5.293 7.293a1 1 0 011.414 0L10 10.586l3.293-3.293a1 1 0 111.414 1.414l-4 4a1 1 0 01-1.414 0l-4-4a1 1 0 010-1.414z"\n                                            clip-rule="evenodd" />\n                                    </svg>\n                                </button>\n                                <div x-show="open" x-transition:enter="transition ease-out duration-200"\n                                    x-transition:enter-start="opacity-0 scale-95"\n                                    x-transition:enter-end="opacity-100 scale-100"\n                                    x-transition:leave="transition ease-in duration-75"\n                                    x-transition:leave-start="opacity-100 scale-100"\n                                    x-transition:leave-end="opacity-0 scale-95"\n                                    class="absolute left-0 top-full z-10 mt-2 w-48 origin-top-left rounded-md bg-white py-1 shadow-lg ring-1 ring-black ring-opacity-5 focus:outline-none"\n                                    style="display: none;">\n                                    <a href="/actes/types"\n                                        class="block px-4 py-2 text-sm text-gray-700 hover:bg-gray-100">G\xc3\xa9rer les types\n                                        d\'actes</a>\n                                    <a href="/actes/templates"\n                                        class="block px-4 py-2 text-sm text-gray-700 hover:bg-gray-100">G\xc3\xa9rer les\n                                        mod\xc3\xa8les d\'acte</a>\n                                    <a href="/actes/review"\n                                        class="block px-4 py-2 text-sm text-gray-700 hover:bg-gray-100">Signer les\n                                        actes</a>\n                                    <hr class="my-1">\n                                    <a href="/actes/repertoire"\n                                        class="block px-4 py-2 text-sm text-gray-700 hover:bg-gray-100">R\xc3\xa9pertoire\n                                        Notarial</a>\n                                </div>\n                            </div>\n\n                            \n                            \n                        </div>\n                    </div>\n\n                    <div class="hidden sm:ml-6 sm:flex sm:items-center">\n                        <div class="relative ml-3">\n                            <div class="flex items-center gap-4">\n                                <a href="/users/profile"\n                                    class="text-sm font-medium text-gray-700 hover:text-indigo-600">\n                                    admin\n                                </a>\n                                <a href="/auth/logout"\n                                    class="rounded-md bg-white px-3 py-2 text-sm font-semibold text-gray-900 shadow-sm ring-1 ring-inset ring-gray-300 hover:bg-gray-50">\n                                    Se d\xc3\xa9connecter\n                                </a>\n                            </div>\n                        </div>\n                    </div>\n\n                    <!-- Mobile menu button -->\n                    <div class="-mr-2 flex items-center sm:hidden">\n                        <button type="button" @click="mobileMenuOpen = !mobileMenuOpen"\n                            class="inline-flex items-center justify-center rounded-md p-2 text-gray-400 hover:bg-gray-100 hover:text-gray-500 focus:outline-none focus:ring-2 focus:ring-inset focus:ring-indigo-500">\n                            <span class="sr-only">Open main menu</span>\n                            <svg class="h-6 w-6" fill="none" viewBox="0 0 24 24" stroke-width="1.5"\n                                stroke="currentColor" aria-hidden="true">\n                                <path stroke-linecap="round" stroke-linejoin="round"\n                                    d="M3.75 6.75h16.5M3.75 12h16.5m-16.5 5.25h16.5" />\n                            </svg>\n                        </button>\n                    </div>\n                </div>\n            </div>\n\n            <!-- Mobile menu -->\n            <div class="sm:hidden" id="mobile-menu" x-show="mobileMenuOpen" x-cloak>\n                <div class="space-y-1 pb-3 pt-2">\n                    \n                    \n                    \n                    <a href="/index"\n                        class="block border-l-4 py-2 pl-3 pr-4 text-base font-medium border-transparent text-gray-500 hover:border-gray-300 hover:bg-gray-50 hover:text-gray-700">\n                        Accueil\n                    </a>\n                    \n                    \n                    <a href="/clients"\n                        class="block border-l-4 py-2 pl-3 pr-4 text-base font-medium border-transparent text-gray-500 hover:border-gray-300 hover:bg-gray-50 hover:text-gray-700">\n                        Clients\n                    </a>\n                    \n                    \n                    <a href="/dossiers/"\n                        class="block border-l-4 py-2 pl-3 pr-4 text-base font-medium border-transparent text-gray-500 hover:border-gray-300 hover:bg-gray-50 hover:text-gray-700">\n                        Dossiers\n                    </a>\n                    \n                    \n                    <a href="/formalites/"\n                        class="block border-l-4 py-2 pl-3 pr-4 text-base font-medium border-transparent text-gray-500 hover:border-gray-300 hover:bg-gray-50 hover:text-gray-700">\n                        Formalit\xc3\xa9s\n                    </a>\n                    \n                    \n                    <a href="/comptabilite/"\n                        class="block border-l-4 py-2 pl-3 pr-4 text-base font-medium border-transparent text-gray-500 hover:border-gray-300 hover:bg-gray-50 hover:text-gray-700">\n                        Comptabilit\xc3\xa9\n                    </a>\n                    \n                    \n                    <a href="/dossiers/archives"\n                        class="block border-l-4 py-2 pl-3 pr-4 text-base font-medium border-transparent text-gray-500 hover:border-gray-300 hover:bg-gray-50 hover:text-gray-700">\n                        Archives\n                    </a>\n                    \n                    \n                    <a href="/users/"\n                        class="block border-l-4 py-2 pl-3 pr-4 text-base font-medium border-transparent text-gray-500 hover:border-gray-300 hover:bg-gray-50 hover:text-gray-700">\n                        Utilisateurs\n                    </a>\n                    \n                    \n                    <a href="/users/parametres"\n                        class="block border-l-4 py-2 pl-3 pr-4 text-base font-medium border-transparent text-gray-500 hover:border-gray-300 hover:bg-gray-50 hover:text-gray-700">\n                        \xe2\x9a\x99 Param\xc3\xa8tres\n                    </a>\n                    \n                    \n                    <a href="/help"\n                        class="block border-l-4 py-2 pl-3 pr-4 text-base font-medium border-transparent text-gray-500 hover:border-gray-300 hover:bg-gray-50 hover:text-gray-700">\n                        Aide\n                    </a>\n                    \n\n                    <!-- Actes Submenu for Mobile -->\n                    <div class="border-t border-gray-200 mt-2 pt-2">\n                        <div class="px-3 py-2 text-xs font-semibold text-gray-400 uppercase tracking-wider">Gestion des\n                            Actes</div>\n                        <a href="/actes/types"\n                            class="block py-2 pl-6 pr-4 text-base font-medium text-gray-500 hover:bg-gray-50 hover:text-gray-700">G\xc3\xa9rer\n                            les types d\'actes</a>\n                        <a href="/actes/templates"\n                            class="block py-2 pl-6 pr-4 text-base font-medium text-gray-500 hover:bg-gray-50 hover:text-gray-700">G\xc3\xa9rer\n                            les mod\xc3\xa8les d\'acte</a>\n                        <a href="/actes/review"\n                            class="block py-2 pl-6 pr-4 text-base font-medium text-gray-500 hover:bg-gray-50 hover:text-gray-700">Signer\n                            les actes</a>\n                        <a href="/actes/repertoire"\n                            class="block py-2 pl-6 pr-4 text-base font-medium text-gray-500 hover:bg-gray-50 hover:text-gray-700">R\xc3\xa9pertoire\n                            Notarial</a>\n                    </div>\n\n                    \n                    \n                    <div class="border-t border-gray-200 pt-4 pb-3">\n                        <div class="flex items-center px-4">\n                            <div class="flex-shrink-0">\n                                <a href="/users/profile">\n                                    <div\n                                        class="h-8 w-8 rounded-full bg-gray-200 flex items-center justify-center text-gray-500">\n                                        A\n                                    </div>\n                                </a>\n                            </div>\n                            <div class="ml-3">\n                                <div class="text-base font-medium text-gray-800">admin</div>\n                                <div class="text-sm font-medium text-gray-500">admin@example.com</div>\n                            </div>\n                        </div>\n                        <div class="mt-3 space-y-1">\n                            <a href="/users/profile"\n                                class="block px-4 py-2 text-base font-medium text-gray-500 hover:bg-gray-100 hover:text-gray-800">Mon\n                                Profil</a>\n                            <a href="/auth/logout"\n                                class="block px-4 py-2 text-base font-medium text-gray-500 hover:bg-gray-100 hover:text-gray-800">Se\n                                d\xc3\xa9connecter</a>\n                        </div>\n                    </div>\n                </div>\n            </div>\n        </nav>\n        \n\n        <!-- Flash Messages -->\n        \n        <div class="mx-auto max-w-7xl px-4 sm:px-6 lg:px-8 mt-4">\n            \n            \n            \n            \n            \n            \n            \n\n            <div class="rounded-md bg-red-50 text-red-700 ring-red-600/10 p-4 mb-4 ring-1 ring-inset">\n                <div class="flex">\n                    <div class="ml-3">\n                        <p class="text-sm font-medium">Erreur champ &#39;type_acte&#39;: Not a valid choice</p>\n                    </div>\n                    <div class="ml-auto pl-3">\n                        <div class="-mx-1.5 -my-1.5">\n                            <button type="button"\n                                onclick="this.parentElement.parentElement.parentElement.parentElement.remove()"\n                                class="inline-flex rounded-md p-1.5 focus:outline-none focus:ring-2 focus:ring-offset-2 hover:bg-red-50 text-red-700 ring-red-600/10">\n                                <span class="sr-only">Dismiss</span>\n                                <svg class="h-5 w-5" viewBox="0 0 20 20" fill="currentColor" aria-hidden="true">\n                                    <path\n                                        d="M6.28 5.22a.75.75 0 00-1.06 1.06L8.94 10l-3.72 3.72a.75.75 0 101.06 1.06L10 11.06l3.72 3.72a.75.75 0 101.06-1.06L11.06 10l3.72-3.72a.75.75 0 00-1.06-1.06L10 8.94 6.28 5.22z" />\n                                </svg>\n                            </button>\n                        </div>\n                    </div>\n                </div>\n            </div>\n            \n            \n            \n        </div>\n        \n\n        <!-- Main Content -->\n        <!-- Use h-full to allow content to grow, but min-h-screen calculation might be better elsewhere. \n             For now, standard layout is fine. -->\n        <main class="py-10">\n            <div class="mx-auto max-w-7xl px-4 sm:px-6 lg:px-8">\n                \n<div class="md:flex md:items-center md:justify-between mb-8">\n    <div class="min-w-0 flex-1">\n        <h2 class="text-2xl font-bold leading-7 text-gray-900 sm:truncate sm:text-3xl sm:tracking-tight">Nouveau Mod\xc3\xa8le\n        </h2>\n    </div>\n</div>\n\n<div class="grid grid-cols-1 gap-x-8 gap-y-8 md:grid-cols-3">\n    <!-- Main Form -->\n    <div class="bg-white shadow-sm ring-1 ring-gray-900/5 sm:rounded-xl md:col-span-2">\n        <form method="post" enctype="multipart/form-data" class="p-6 space-y-6">\n            \n\n            <div class="grid grid-cols-1 gap-x-6 gap-y-8 sm:grid-cols-6">\n                <!-- ... existing fields ... -->\n                <div class="sm:col-span-4">\n                    <label for="nom" class="block text-sm font-medium leading-6 text-gray-900"><label for="nom">Nom du Mod\xc3\xa8le</label></label>\n                    <div class="mt-2">\n                        <input class="block w-full rounded-md border-0 py-1.5 text-gray-900 shadow-sm ring-1\n                        ring-inset\n                        ring-gray-300 placeholder:text-gray-400 focus:ring-2 focus:ring-inset focus:ring-indigo-600\n                        sm:text-sm sm:leading-6" id="nom" name="nom" required type="text" value="Template Test">\n                    </div>\n                </div>\n\n                <div class="sm:col-span-2">\n                    <label for="type_acte" class="block text-sm font-medium leading-6 text-gray-900"><label for="type_acte">Type d&#39;Acte</label></label>\n                    <div class="mt-2">\n                        <select class="tom-select block w-full rounded-md border-0 py-1.5 text-gray-900\n                        shadow-sm ring-1\n                        ring-inset ring-gray-300 focus:ring-2 focus:ring-inset focus:ring-indigo-600 sm:text-sm\n                        sm:leading-6" id="type_acte" name="type_acte"></select>\n                    </div>\n                </div>\n\n                <div class="col-span-full">\n                    <label for="description" class="block text-sm font-medium leading-6 text-gray-900"><label for="description">Description</label></label>\n                    <div class="mt-2">\n                        <textarea class="block w-full rounded-md border-0 py-1.5 text-gray-900 shadow-sm\n                        ring-1\n                        ring-inset ring-gray-300 placeholder:text-gray-400 focus:ring-2 focus:ring-inset\n                        focus:ring-indigo-600 sm:text-sm sm:leading-6" id="description" name="description">\r\nDescription Test</textarea>\n                    </div>\n                </div>\n\n                <div class="col-span-full border-t pt-6">\n                    <h4 class="text-md font-semibold mb-4">Option A : Mod\xc3\xa8le Word (Recommand\xc3\xa9)</h4>\n                    <label for="docx_file" class="block text-sm font-medium leading-6 text-gray-900"><label for="docx_file">Fichier Word (.docx)</label></label>\n                    <div class="mt-2">\n                        <input class="block w-full text-sm text-gray-900 border border-gray-300 rounded-lg\n                        cursor-pointer bg-gray-50 focus:outline-none" id="docx_file" name="docx_file" type="file">\n                    </div>\n                    <p class="mt-1 text-xs text-gray-500">Uploadez un fichier .docx contenant des balises {{\n                        variables }}.</p>\n                </div>\n\n                <div class="col-span-full border-t pt-6">\n                    <h4 class="text-md font-semibold mb-4">Option B : Mod\xc3\xa8le Texte / Markdown</h4>\n                    <label for="contenu" class="block text-sm font-medium leading-6 text-gray-900">\n                        <label for="contenu">Contenu (Markdown &amp; Jinja2)</label>\n                    </label>\n                    <div class="mt-2">\n                        <textarea class="block w-full" id="contenu" name="contenu" rows="10">\r\n&lt;p&gt;Contenu Test {{ dossier.intitule }}&lt;/p&gt;</textarea>\n                    </div>\n                </div>\n            </div>\n\n            <div class="flex items-center justify-end gap-x-6">\n                <a href="/actes/templates"\n                    class="text-sm font-semibold leading-6 text-gray-900">Annuler</a>\n                <input class="rounded-md bg-indigo-600 px-3 py-2 text-sm font-semibold text-white shadow-sm\n                hover:bg-indigo-500 focus-visible:outline focus-visible:outline-2 focus-visible:outline-offset-2\n                focus-visible:outline-indigo-600 cursor-pointer" id="submit" name="submit" type="submit" value="Enregistrer">\n            </div>\n        </form>\n    </div>\n\n    <!-- Variable Helper Panel -->\n    <div class="space-y-6">\n        <div class="bg-white shadow-sm ring-1 ring-gray-900/5 sm:rounded-xl p-6">\n            <h3 class="text-sm font-semibold leading-6 text-gray-900 border-b pb-2 mb-4">Aide aux Variables</h3>\n            <p class="text-xs text-gray-500 mb-4">Cliquez sur une variable pour l\'ins\xc3\xa9rer dans l\'\xc3\xa9diteur \xc3\xa0 l\'endroit du\n                curseur.</p>\n\n            <div class="space-y-4">\n                <div>\n                    <h4 class="text-xs font-bold text-gray-700 uppercase tracking-wider mb-2">Dossier</h4>\n                    <div class="flex flex-wrap gap-2">\n                        <span onclick="insertVar(\'{{ dossier.numero_dossier }}\')"\n                            class="variable-badge inline-flex items-center rounded-md bg-indigo-50 px-2 py-1 text-xs font-medium text-indigo-700 ring-1 ring-inset ring-indigo-700/10">N\xc2\xb0\n                            Dossier</span>\n                        <span onclick="insertVar(\'{{ dossier.intitule }}\')"\n                            class="variable-badge inline-flex items-center rounded-md bg-indigo-50 px-2 py-1 text-xs font-medium text-indigo-700 ring-1 ring-inset ring-indigo-700/10">Intitul\xc3\xa9</span>\n                        <span onclick="insertVar(\'{{ dossier.date_ouverture }}\')"\n                            class="variable-badge inline-flex items-center rounded-md bg-indigo-50 px-2 py-1 text-xs font-medium text-indigo-700 ring-1 ring-inset ring-indigo-700/10">Date\n                            Ouverture</span>\n                    </div>\n                </div>\n\n                <div>\n                    <h4 class="text-xs font-bold text-gray-700 uppercase tracking-wider mb-2">Client (Principal)</h4>\n                    <div class="flex flex-wrap gap-2">\n                        <span onclick="insertVar(\'{{ client.nom }}\')"\n                            class="variable-badge inline-flex items-center rounded-md bg-green-50 px-2 py-1 text-xs font-medium text-green-700 ring-1 ring-inset ring-green-600/20">Nom</span>\n                        <span onclick="insertVar(\'{{ client.prenom }}\')"\n                            class="variable-badge inline-flex items-center rounded-md bg-green-50 px-2 py-1 text-xs font-medium text-green-700 ring-1 ring-inset ring-green-600/20">Pr\xc3\xa9nom</span>\n                        <span onclick="insertVar(\'{{ client.adresse }}\')"\n                            class="variable-badge inline-flex items-center rounded-md bg-green-50 px-2 py-1 text-xs font-medium text-green-700 ring-1 ring-inset ring-green-600/20">Adresse</span>\n                    </div>\n                </div>\n\n                <div>\n                    <h4 class="text-xs font-bold text-gray-700 uppercase tracking-wider mb-2">Vendeur / Acheteur</h4>\n                    <div class="flex flex-wrap gap-2">\n                        <span onclick="insertVar(\'{{ vendeur.nom }}\')"\n                            class="variable-badge inline-flex items-center rounded-md bg-blue-50 px-2 py-1 text-xs font-medium text-blue-700 ring-1 ring-inset ring-blue-700/10">Vendeur\n                            Nom</span>\n                        <span onclick="insertVar(\'{{ acheteur.nom }}\')"\n                            class="variable-badge inline-flex items-center rounded-md bg-blue-50 px-2 py-1 text-xs font-medium text-blue-700 ring-1 ring-inset ring-blue-700/10">Acheteur\n                            Nom</span>\n                    </div>\n                </div>\n\n                <div>\n                    <h4 class="text-xs font-bold text-gray-700 uppercase tracking-wider mb-2">G\xc3\xa9n\xc3\xa9ral</h4>\n                    <div class="flex flex-wrap gap-2">\n                        <span onclick="insertVar(\'{{ date }}\')"\n                            class="variable-badge inline-flex items-center rounded-md bg-orange-50 px-2 py-1 text-xs font-medium text-orange-700 ring-1 ring-inset ring-orange-700/10">Date\n                            du jour</span>\n                        <span onclick="insertVar(\'{{ now.year }}\')"\n                            class="variable-badge inline-flex items-center rounded-md bg-orange-50 px-2 py-1 text-xs font-medium text-orange-700 ring-1 ring-inset ring-orange-700/10">Ann\xc3\xa9e</span>\n                    </div>\n                </div>\n\n                <div class="pt-4 border-t border-gray-100">\n                    <h4 class="text-xs font-bold text-gray-700 uppercase tracking-wider mb-2">Formatage Rapide</h4>\n                    <div class="flex flex-wrap gap-2">\n                        <button type="button" onclick="easyMDE.toggleBold()"\n                            class="p-1 hover:bg-gray-100 rounded"><b>B</b></button>\n                        <button type="button" onclick="easyMDE.toggleItalic()"\n                            class="p-1 hover:bg-gray-100 rounded"><i>I</i></button>\n                        <button type="button" onclick="easyMDE.drawTable()"\n                            class="p-1 hover:bg-gray-100 rounded">Table</button>\n                    </div>\n                </div>\n            </div>\n        </div>\n    </div>\n</div>\n\n            </div>\n        </main>\n\n        \n        <footer class="bg-white">\n            <div class="mx-auto max-w-7xl px-6 py-4 md:flex md:items-center md:justify-between lg:px-8">\n                <div class="mt-8 md:order-1 md:mt-0">\n                    <p class="text-center text-xs leading-5 text-gray-500">&copy; 2026\n                        AGEN-OHADA. Tous droits r\xc3\xa9serv\xc3\xa9s. v1.1.0</p>\n                </div>\n            </div>\n        </footer>\n        \n    </div>\n    \n<!-- EasyMDE JS -->\n<script src="https://unpkg.com/easymde/dist/easymde.min.js"></script>\n<script>\n    const easyMDE = new EasyMDE({\n        element: document.getElementById(\'contenu\'),\n        spellChecker: false,\n        forceSync: true, // Force sync with textarea\n        autosave: {\n            enabled: true,\n            uniqueId: "act_template_new",\n            delay: 1000,\n        },\n        renderingConfig: {\n            singleLineBreaks: false,\n            codeSyntaxHighlighting: true,\n        },\n        toolbar: ["bold", "italic", "heading", "|", "quote", "unordered-list", "ordered-list", "|", "link", "table", "horizontal-rule", "|", "preview", "side-by-side", "fullscreen", "|", "guide"],\n        placeholder: "R\xc3\xa9digez votre mod\xc3\xa8le ici...",\n        minHeight: "400px"\n    });\n\n    // Manual sync before submission and debug log\n    document.querySelector(\'form\').addEventListener(\'submit\', function (e) {\n        console.log(\'Form submission triggered\');\n        easyMDE.save(); // Manual sync\n        console.log(\'Textarea content:\', document.getElementById(\'contenu\').value);\n    });\n\n    function insertVar(variable) {\n        var cm = easyMDE.codemirror;\n        var cursor = cm.getCursor();\n        cm.replaceRange(variable, cursor);\n        cm.focus();\n    }\n</script>\n\n\n    <!-- Tom Select JS -->\n    <script src="https://cdn.jsdelivr.net/npm/tom-select@2.2.2/dist/js/tom-select.complete.min.js"></script>\n    <script>\n        // Automatic initialization for elements with class \'tom-select\'\n        document.addEventListener(\'DOMContentLoaded\', function () {\n            document.querySelectorAll(\'.tom-select\').forEach(function (el) {\n                new TomSelect(el, {\n                    create: false,\n                    sortField: {\n                        field: "text",\n                        direction: "asc"\n                    }\n                });\n            });\n        });\n    </script>\n</body>\n\n</html>' = <WrapperTestResponse 33023 bytes [200 OK]>.data
 +  and   b'<!DOCTYPE html>\n<html lang="fr" class="h-full bg-gray-50">\n\n<head>\n    <meta charset="UTF-8">\n    <meta name="viewport" content="width=device-width, initial-scale=1.0">\n    <title>Nouveau Mod\xc3\xa8le - AGEN-OHADA</title>\n    <script src="https://cdn.tailwindcss.com"></script>\n    <link rel="stylesheet" href="https://unpkg.com/easymde/dist/easymde.min.css">\n\n    <!-- Tom Select -->\n    <link href="https://cdn.jsdelivr.net/npm/tom-select@2.2.2/dist/css/tom-select.css" rel="stylesheet">\n    <script src="https://cdn.jsdelivr.net/npm/tom-select@2.2.2/dist/js/tom-select.min.js"></script>\n\n    <link href="https://fonts.googleapis.com/css2?family=Inter:wght@300;400;500;600;700&display=swap" rel="stylesheet">\n    <script defer src="https://cdn.jsdelivr.net/npm/alpinejs@3.x.x/dist/cdn.min.js"></script>\n    <style>\n        body {\n            font-family: \'Inter\', sans-serif;\n        }\n\n        [x-cloak] {\n            display: none !important;\n        }\n\n        /* Basic Markdown Styling */\n        .prose h1 {\n            font-size: 2.25rem;\n            font-weight: 700;\n            margin-top: 1.5rem;\n            margin-bottom: 1rem;\n        }\n\n        .prose h2 {\n            font-size: 1.875rem;\n            font-weight: 600;\n            margin-top: 1.25rem;\n            margin-bottom: 0.75rem;\n            border-bottom: 1px solid #e5e7eb;\n            padding-bottom: 0.25rem;\n        }\n\n        .prose h3 {\n            font-size: 1.5rem;\n            font-weight: 600;\n            margin-top: 1rem;\n            margin-bottom: 0.5rem;\n        }\n\n        .prose p {\n            margin-bottom: 1rem;\n            line-height: 1.6;\n        }\n\n        .prose ul {\n            list-style-type: disc;\n            margin-left: 1.5rem;\n            margin-bottom: 1rem;\n        }\n\n        .prose ol {\n            list-style-type: decimal;\n            margin-left: 1.5rem;\n            margin-bottom: 1rem;\n        }\n\n        .prose table {\n            width: 100%;\n            border-collapse: collapse;\n            margin-bottom: 1rem;\n        }\n\n        .prose th,\n        .prose td {\n            border: 1px solid #e5e7eb;\n            padding: 0.5rem;\n            text-align: left;\n        }\n\n        .prose th {\n            background-color: #f9fafb;\n        }\n    </style>\n    \n<!-- EasyMDE CSS -->\n<link rel="stylesheet" href="https://unpkg.com/easymde/dist/easymde.min.css">\n<style>\n    .editor-toolbar {\n        border-color: #e5e7eb;\n        background: #f9fafb;\n    }\n\n    .CodeMirror {\n        border-color: #e5e7eb;\n        font-family: ui-monospace, SFMono-Regular, Menlo, Monaco, Consolas, "Liberation Mono", "Courier New", monospace;\n    }\n\n    .variable-badge {\n        cursor: pointer;\n        transition: all 0.2s;\n    }\n\n    .variable-badge:hover {\n        background-color: #e0e7ff;\n        color: #4338ca;\n        transform: translateY(-1px);\n    }\n</style>\n\n</head>\n\n<body class="h-full">\n    <div class="min-h-full" x-data="{ mobileMenuOpen: false }">\n        <!-- Navigation -->\n        \n        \n\n        \n\n        \n        \n\n        \n        \n        \n        \n\n        \n\n        <nav class="bg-white shadow">\n            <div class="mx-auto max-w-7xl px-4 sm:px-6 lg:px-8">\n                <div class="flex h-16 justify-between">\n                    <div class="flex">\n                        <div class="flex flex-shrink-0 items-center">\n                            <span class="text-xl font-bold text-indigo-600">AGEN-OHADA</span>\n                        </div>\n                        <div class="hidden sm:ml-6 sm:flex sm:space-x-8">\n\n                            \n                            \n                            \n\n                            \n                            \n                            \n                            \n                            \n                            \n                            \n                            \n                            \n                            \n                            \n                            \n                            \n                            \n                            \n                            \n                            \n                            \n                            \n                            \n                            \n                            \n                            \n                            \n                            \n                            \n                            \n                            \n                            \n                            \n                            \n                            \n                            \n                            \n                            \n                            \n                            \n                            \n                            \n                            \n                            \n                            \n                            \n                            \n                            \n                            \n\n                            \n                            \n                            \n                            <a href="/index"\n                                class="inline-flex items-center px-1 pt-1 border-b-2 text-sm font-medium border-transparent text-gray-500 hover:border-gray-300 hover:text-gray-700">\n                                Accueil\n                            </a>\n                            \n                            \n                            <a href="/clients"\n                                class="inline-flex items-center px-1 pt-1 border-b-2 text-sm font-medium border-transparent text-gray-500 hover:border-gray-300 hover:text-gray-700">\n                                Clients\n                            </a>\n                            \n                            \n                            <a href="/dossiers/"\n                                class="inline-flex items-center px-1 pt-1 border-b-2 text-sm font-medium border-transparent text-gray-500 hover:border-gray-300 hover:text-gray-700">\n                                Dossiers\n                            </a>\n                            \n                            \n                            <a href="/formalites/"\n                                class="inline-flex items-center px-1 pt-1 border-b-2 text-sm font-medium border-transparent text-gray-500 hover:border-gray-300 hover:text-gray-700">\n                                Formalit\xc3\xa9s\n                            </a>\n                            \n                            \n                            <a href="/comptabilite/"\n                                class="inline-flex items-center px-1 pt-1 border-b-2 text-sm font-medium border-transparent text-gray-500 hover:border-gray-300 hover:text-gray-700">\n                                Comptabilit\xc3\xa9\n                            </a>\n                            \n                            \n                            <a href="/dossiers/archives"\n                                class="inline-flex items-center px-1 pt-1 border-b-2 text-sm font-medium border-transparent text-gray-500 hover:border-gray-300 hover:text-gray-700">\n                                Archives\n                            </a>\n                            \n                            \n                            <a href="/users/"\n                                class="inline-flex items-center px-1 pt-1 border-b-2 text-sm font-medium border-transparent text-gray-500 hover:border-gray-300 hover:text-gray-700">\n                                Utilisateurs\n                            </a>\n                            \n                            \n                            <a href="/users/parametres"\n                                class="inline-flex items-center px-1 pt-1 border-b-2 text-sm font-medium border-transparent text-gray-500 hover:border-gray-300 hover:text-gray-700">\n                                \xe2\x9a\x99 Param\xc3\xa8tres\n                            </a>\n                            \n                            \n                            <a href="/help"\n                                class="inline-flex items-center px-1 pt-1 border-b-2 text-sm font-medium border-transparent text-gray-500 hover:border-gray-300 hover:text-gray-700">\n                                Aide\n                            </a>\n                            \n\n                            <!-- Dropdown Actes -->\n                            <div class="relative inline-flex items-center" x-data="{ open: false }">\n                                <button type="button" @click="open = !open" @click.away="open = false"\n                                    class="inline-flex items-center px-1 pt-1 border-b-2 text-sm font-medium border-transparent text-gray-500 hover:border-gray-300 hover:text-gray-700">\n                                    <span>Actes</span>\n                                    <svg class="ml-2 h-5 w-5" viewBox="0 0 20 20" fill="currentColor">\n                                        <path fill-rule="evenodd"\n                                            d="M5.293 7.293a1 1 0 011.414 0L10 10.586l3.293-3.293a1 1 0 111.414 1.414l-4 4a1 1 0 01-1.414 0l-4-4a1 1 0 010-1.414z"\n                                            clip-rule="evenodd" />\n                                    </svg>\n                                </button>\n                                <div x-show="open" x-transition:enter="transition ease-out duration-200"\n                                    x-transition:enter-start="opacity-0 scale-95"\n                                    x-transition:enter-end="opacity-100 scale-100"\n                                    x-transition:leave="transition ease-in duration-75"\n                                    x-transition:leave-start="opacity-100 scale-100"\n                                    x-transition:leave-end="opacity-0 scale-95"\n                                    class="absolute left-0 top-full z-10 mt-2 w-48 origin-top-left rounded-md bg-white py-1 shadow-lg ring-1 ring-black ring-opacity-5 focus:outline-none"\n                                    style="display: none;">\n                                    <a href="/actes/types"\n                                        class="block px-4 py-2 text-sm text-gray-700 hover:bg-gray-100">G\xc3\xa9rer les types\n                                        d\'actes</a>\n                                    <a href="/actes/templates"\n                                        class="block px-4 py-2 text-sm text-gray-700 hover:bg-gray-100">G\xc3\xa9rer les\n                                        mod\xc3\xa8les d\'acte</a>\n                                    <a href="/actes/review"\n                                        class="block px-4 py-2 text-sm text-gray-700 hover:bg-gray-100">Signer les\n                                        actes</a>\n                                    <hr class="my-1">\n                                    <a href="/actes/repertoire"\n                                        class="block px-4 py-2 text-sm text-gray-700 hover:bg-gray-100">R\xc3\xa9pertoire\n                                        Notarial</a>\n                                </div>\n                            </div>\n\n                            \n                            \n                        </div>\n                    </div>\n\n                    <div class="hidden sm:ml-6 sm:flex sm:items-center">\n                        <div class="relative ml-3">\n                            <div class="flex items-center gap-4">\n                                <a href="/users/profile"\n                                    class="text-sm font-medium text-gray-700 hover:text-indigo-600">\n                                    admin\n                                </a>\n                                <a href="/auth/logout"\n                                    class="rounded-md bg-white px-3 py-2 text-sm font-semibold text-gray-900 shadow-sm ring-1 ring-inset ring-gray-300 hover:bg-gray-50">\n                                    Se d\xc3\xa9connecter\n                                </a>\n                            </div>\n                        </div>\n                    </div>\n\n                    <!-- Mobile menu button -->\n                    <div class="-mr-2 flex items-center sm:hidden">\n                        <button type="button" @click="mobileMenuOpen = !mobileMenuOpen"\n                            class="inline-flex items-center justify-center rounded-md p-2 text-gray-400 hover:bg-gray-100 hover:text-gray-500 focus:outline-none focus:ring-2 focus:ring-inset focus:ring-indigo-500">\n                            <span class="sr-only">Open main menu</span>\n                            <svg class="h-6 w-6" fill="none" viewBox="0 0 24 24" stroke-width="1.5"\n                                stroke="currentColor" aria-hidden="true">\n                                <path stroke-linecap="round" stroke-linejoin="round"\n                                    d="M3.75 6.75h16.5M3.75 12h16.5m-16.5 5.25h16.5" />\n                            </svg>\n                        </button>\n                    </div>\n                </div>\n            </div>\n\n            <!-- Mobile menu -->\n            <div class="sm:hidden" id="mobile-menu" x-show="mobileMenuOpen" x-cloak>\n                <div class="space-y-1 pb-3 pt-2">\n                    \n                    \n                    \n                    <a href="/index"\n                        class="block border-l-4 py-2 pl-3 pr-4 text-base font-medium border-transparent text-gray-500 hover:border-gray-300 hover:bg-gray-50 hover:text-gray-700">\n                        Accueil\n                    </a>\n                    \n                    \n                    <a href="/clients"\n                        class="block border-l-4 py-2 pl-3 pr-4 text-base font-medium border-transparent text-gray-500 hover:border-gray-300 hover:bg-gray-50 hover:text-gray-700">\n                        Clients\n                    </a>\n                    \n                    \n                    <a href="/dossiers/"\n                        class="block border-l-4 py-2 pl-3 pr-4 text-base font-medium border-transparent text-gray-500 hover:border-gray-300 hover:bg-gray-50 hover:text-gray-700">\n                        Dossiers\n                    </a>\n                    \n                    \n                    <a href="/formalites/"\n                        class="block border-l-4 py-2 pl-3 pr-4 text-base font-medium border-transparent text-gray-500 hover:border-gray-300 hover:bg-gray-50 hover:text-gray-700">\n                        Formalit\xc3\xa9s\n                    </a>\n                    \n                    \n                    <a href="/comptabilite/"\n                        class="block border-l-4 py-2 pl-3 pr-4 text-base font-medium border-transparent text-gray-500 hover:border-gray-300 hover:bg-gray-50 hover:text-gray-700">\n                        Comptabilit\xc3\xa9\n                    </a>\n                    \n                    \n                    <a href="/dossiers/archives"\n                        class="block border-l-4 py-2 pl-3 pr-4 text-base font-medium border-transparent text-gray-500 hover:border-gray-300 hover:bg-gray-50 hover:text-gray-700">\n                        Archives\n                    </a>\n                    \n                    \n                    <a href="/users/"\n                        class="block border-l-4 py-2 pl-3 pr-4 text-base font-medium border-transparent text-gray-500 hover:border-gray-300 hover:bg-gray-50 hover:text-gray-700">\n                        Utilisateurs\n                    </a>\n                    \n                    \n                    <a href="/users/parametres"\n                        class="block border-l-4 py-2 pl-3 pr-4 text-base font-medium border-transparent text-gray-500 hover:border-gray-300 hover:bg-gray-50 hover:text-gray-700">\n                        \xe2\x9a\x99 Param\xc3\xa8tres\n                    </a>\n                    \n                    \n                    <a href="/help"\n                        class="block border-l-4 py-2 pl-3 pr-4 text-base font-medium border-transparent text-gray-500 hover:border-gray-300 hover:bg-gray-50 hover:text-gray-700">\n                        Aide\n                    </a>\n                    \n\n                    <!-- Actes Submenu for Mobile -->\n                    <div class="border-t border-gray-200 mt-2 pt-2">\n                        <div class="px-3 py-2 text-xs font-semibold text-gray-400 uppercase tracking-wider">Gestion des\n                            Actes</div>\n                        <a href="/actes/types"\n                            class="block py-2 pl-6 pr-4 text-base font-medium text-gray-500 hover:bg-gray-50 hover:text-gray-700">G\xc3\xa9rer\n                            les types d\'actes</a>\n                        <a href="/actes/templates"\n                            class="block py-2 pl-6 pr-4 text-base font-medium text-gray-500 hover:bg-gray-50 hover:text-gray-700">G\xc3\xa9rer\n                            les mod\xc3\xa8les d\'acte</a>\n                        <a href="/actes/review"\n                            class="block py-2 pl-6 pr-4 text-base font-medium text-gray-500 hover:bg-gray-50 hover:text-gray-700">Signer\n                            les actes</a>\n                        <a href="/actes/repertoire"\n                            class="block py-2 pl-6 pr-4 text-base font-medium text-gray-500 hover:bg-gray-50 hover:text-gray-700">R\xc3\xa9pertoire\n                            Notarial</a>\n                    </div>\n\n                    \n                    \n                    <div class="border-t border-gray-200 pt-4 pb-3">\n                        <div class="flex items-center px-4">\n                            <div class="flex-shrink-0">\n                                <a href="/users/profile">\n                                    <div\n                                        class="h-8 w-8 rounded-full bg-gray-200 flex items-center justify-center text-gray-500">\n                                        A\n                                    </div>\n                                </a>\n                            </div>\n                            <div class="ml-3">\n                                <div class="text-base font-medium text-gray-800">admin</div>\n                                <div class="text-sm font-medium text-gray-500">admin@example.com</div>\n                            </div>\n                        </div>\n                        <div class="mt-3 space-y-1">\n                            <a href="/users/profile"\n                                class="block px-4 py-2 text-base font-medium text-gray-500 hover:bg-gray-100 hover:text-gray-800">Mon\n                                Profil</a>\n                            <a href="/auth/logout"\n                                class="block px-4 py-2 text-base font-medium text-gray-500 hover:bg-gray-100 hover:text-gray-800">Se\n                                d\xc3\xa9connecter</a>\n                        </div>\n                    </div>\n                </div>\n            </div>\n        </nav>\n        \n\n        <!-- Flash Messages -->\n        \n        <div class="mx-auto max-w-7xl px-4 sm:px-6 lg:px-8 mt-4">\n            \n            \n            \n            \n            \n            \n            \n\n            <div class="rounded-md bg-red-50 text-red-700 ring-red-600/10 p-4 mb-4 ring-1 ring-inset">\n                <div class="flex">\n                    <div class="ml-3">\n                        <p class="text-sm font-medium">Erreur champ &#39;type_acte&#39;: Not a valid choice</p>\n                    </div>\n                    <div class="ml-auto pl-3">\n                        <div class="-mx-1.5 -my-1.5">\n                            <button type="button"\n                                onclick="this.parentElement.parentElement.parentElement.parentElement.remove()"\n                                class="inline-flex rounded-md p-1.5 focus:outline-none focus:ring-2 focus:ring-offset-2 hover:bg-red-50 text-red-700 ring-red-600/10">\n                                <span class="sr-only">Dismiss</span>\n                                <svg class="h-5 w-5" viewBox="0 0 20 20" fill="currentColor" aria-hidden="true">\n                                    <path\n                                        d="M6.28 5.22a.75.75 0 00-1.06 1.06L8.94 10l-3.72 3.72a.75.75 0 101.06 1.06L10 11.06l3.72 3.72a.75.75 0 101.06-1.06L11.06 10l3.72-3.72a.75.75 0 00-1.06-1.06L10 8.94 6.28 5.22z" />\n                                </svg>\n                            </button>\n                        </div>\n                    </div>\n                </div>\n            </div>\n            \n            \n            \n        </div>\n        \n\n        <!-- Main Content -->\n        <!-- Use h-full to allow content to grow, but min-h-screen calculation might be better elsewhere. \n             For now, standard layout is fine. -->\n        <main class="py-10">\n            <div class="mx-auto max-w-7xl px-4 sm:px-6 lg:px-8">\n                \n<div class="md:flex md:items-center md:justify-between mb-8">\n    <div class="min-w-0 flex-1">\n        <h2 class="text-2xl font-bold leading-7 text-gray-900 sm:truncate sm:text-3xl sm:tracking-tight">Nouveau Mod\xc3\xa8le\n        </h2>\n    </div>\n</div>\n\n<div class="grid grid-cols-1 gap-x-8 gap-y-8 md:grid-cols-3">\n    <!-- Main Form -->\n    <div class="bg-white shadow-sm ring-1 ring-gray-900/5 sm:rounded-xl md:col-span-2">\n        <form method="post" enctype="multipart/form-data" class="p-6 space-y-6">\n            \n\n            <div class="grid grid-cols-1 gap-x-6 gap-y-8 sm:grid-cols-6">\n                <!-- ... existing fields ... -->\n                <div class="sm:col-span-4">\n                    <label for="nom" class="block text-sm font-medium leading-6 text-gray-900"><label for="nom">Nom du Mod\xc3\xa8le</label></label>\n                    <div class="mt-2">\n                        <input class="block w-full rounded-md border-0 py-1.5 text-gray-900 shadow-sm ring-1\n                        ring-inset\n                        ring-gray-300 placeholder:text-gray-400 focus:ring-2 focus:ring-inset focus:ring-indigo-600\n                        sm:text-sm sm:leading-6" id="nom" name="nom" required type="text" value="Template Test">\n                    </div>\n                </div>\n\n                <div class="sm:col-span-2">\n                    <label for="type_acte" class="block text-sm font-medium leading-6 text-gray-900"><label for="type_acte">Type d&#39;Acte</label></label>\n                    <div class="mt-2">\n                        <select class="tom-select block w-full rounded-md border-0 py-1.5 text-gray-900\n                        shadow-sm ring-1\n                        ring-inset ring-gray-300 focus:ring-2 focus:ring-inset focus:ring-indigo-600 sm:text-sm\n                        sm:leading-6" id="type_acte" name="type_acte"></select>\n                    </div>\n                </div>\n\n                <div class="col-span-full">\n                    <label for="description" class="block text-sm font-medium leading-6 text-gray-900"><label for="description">Description</label></label>\n                    <div class="mt-2">\n                        <textarea class="block w-full rounded-md border-0 py-1.5 text-gray-900 shadow-sm\n                        ring-1\n                        ring-inset ring-gray-300 placeholder:text-gray-400 focus:ring-2 focus:ring-inset\n                        focus:ring-indigo-600 sm:text-sm sm:leading-6" id="description" name="description">\r\nDescription Test</textarea>\n                    </div>\n                </div>\n\n                <div class="col-span-full border-t pt-6">\n                    <h4 class="text-md font-semibold mb-4">Option A : Mod\xc3\xa8le Word (Recommand\xc3\xa9)</h4>\n                    <label for="docx_file" class="block text-sm font-medium leading-6 text-gray-900"><label for="docx_file">Fichier Word (.docx)</label></label>\n                    <div class="mt-2">\n                        <input class="block w-full text-sm text-gray-900 border border-gray-300 rounded-lg\n                        cursor-pointer bg-gray-50 focus:outline-none" id="docx_file" name="docx_file" type="file">\n                    </div>\n                    <p class="mt-1 text-xs text-gray-500">Uploadez un fichier .docx contenant des balises {{\n                        variables }}.</p>\n                </div>\n\n                <div class="col-span-full border-t pt-6">\n                    <h4 class="text-md font-semibold mb-4">Option B : Mod\xc3\xa8le Texte / Markdown</h4>\n                    <label for="contenu" class="block text-sm font-medium leading-6 text-gray-900">\n                        <label for="contenu">Contenu (Markdown &amp; Jinja2)</label>\n                    </label>\n                    <div class="mt-2">\n                        <textarea class="block w-full" id="contenu" name="contenu" rows="10">\r\n&lt;p&gt;Contenu Test {{ dossier.intitule }}&lt;/p&gt;</textarea>\n                    </div>\n                </div>\n            </div>\n\n            <div class="flex items-center justify-end gap-x-6">\n                <a href="/actes/templates"\n                    class="text-sm font-semibold leading-6 text-gray-900">Annuler</a>\n                <input class="rounded-md bg-indigo-600 px-3 py-2 text-sm font-semibold text-white shadow-sm\n                hover:bg-indigo-500 focus-visible:outline focus-visible:outline-2 focus-visible:outline-offset-2\n                focus-visible:outline-indigo-600 cursor-pointer" id="submit" name="submit" type="submit" value="Enregistrer">\n            </div>\n        </form>\n    </div>\n\n    <!-- Variable Helper Panel -->\n    <div class="space-y-6">\n        <div class="bg-white shadow-sm ring-1 ring-gray-900/5 sm:rounded-xl p-6">\n            <h3 class="text-sm font-semibold leading-6 text-gray-900 border-b pb-2 mb-4">Aide aux Variables</h3>\n            <p class="text-xs text-gray-500 mb-4">Cliquez sur une variable pour l\'ins\xc3\xa9rer dans l\'\xc3\xa9diteur \xc3\xa0 l\'endroit du\n                curseur.</p>\n\n            <div class="space-y-4">\n                <div>\n                    <h4 class="text-xs font-bold text-gray-700 uppercase tracking-wider mb-2">Dossier</h4>\n                    <div class="flex flex-wrap gap-2">\n                        <span onclick="insertVar(\'{{ dossier.numero_dossier }}\')"\n                            class="variable-badge inline-flex items-center rounded-md bg-indigo-50 px-2 py-1 text-xs font-medium text-indigo-700 ring-1 ring-inset ring-indigo-700/10">N\xc2\xb0\n                            Dossier</span>\n                        <span onclick="insertVar(\'{{ dossier.intitule }}\')"\n                            class="variable-badge inline-flex items-center rounded-md bg-indigo-50 px-2 py-1 text-xs font-medium text-indigo-700 ring-1 ring-inset ring-indigo-700/10">Intitul\xc3\xa9</span>\n                        <span onclick="insertVar(\'{{ dossier.date_ouverture }}\')"\n                            class="variable-badge inline-flex items-center rounded-md bg-indigo-50 px-2 py-1 text-xs font-medium text-indigo-700 ring-1 ring-inset ring-indigo-700/10">Date\n                            Ouverture</span>\n                    </div>\n                </div>\n\n                <div>\n                    <h4 class="text-xs font-bold text-gray-700 uppercase tracking-wider mb-2">Client (Principal)</h4>\n                    <div class="flex flex-wrap gap-2">\n                        <span onclick="insertVar(\'{{ client.nom }}\')"\n                            class="variable-badge inline-flex items-center rounded-md bg-green-50 px-2 py-1 text-xs font-medium text-green-700 ring-1 ring-inset ring-green-600/20">Nom</span>\n                        <span onclick="insertVar(\'{{ client.prenom }}\')"\n                            class="variable-badge inline-flex items-center rounded-md bg-green-50 px-2 py-1 text-xs font-medium text-green-700 ring-1 ring-inset ring-green-600/20">Pr\xc3\xa9nom</span>\n                        <span onclick="insertVar(\'{{ client.adresse }}\')"\n                            class="variable-badge inline-flex items-center rounded-md bg-green-50 px-2 py-1 text-xs font-medium text-green-700 ring-1 ring-inset ring-green-600/20">Adresse</span>\n                    </div>\n                </div>\n\n                <div>\n                    <h4 class="text-xs font-bold text-gray-700 uppercase tracking-wider mb-2">Vendeur / Acheteur</h4>\n                    <div class="flex flex-wrap gap-2">\n                        <span onclick="insertVar(\'{{ vendeur.nom }}\')"\n                            class="variable-badge inline-flex items-center rounded-md bg-blue-50 px-2 py-1 text-xs font-medium text-blue-700 ring-1 ring-inset ring-blue-700/10">Vendeur\n                            Nom</span>\n                        <span onclick="insertVar(\'{{ acheteur.nom }}\')"\n                            class="variable-badge inline-flex items-center rounded-md bg-blue-50 px-2 py-1 text-xs font-medium text-blue-700 ring-1 ring-inset ring-blue-700/10">Acheteur\n                            Nom</span>\n                    </div>\n                </div>\n\n                <div>\n                    <h4 class="text-xs font-bold text-gray-700 uppercase tracking-wider mb-2">G\xc3\xa9n\xc3\xa9ral</h4>\n                    <div class="flex flex-wrap gap-2">\n                        <span onclick="insertVar(\'{{ date }}\')"\n                            class="variable-badge inline-flex items-center rounded-md bg-orange-50 px-2 py-1 text-xs font-medium text-orange-700 ring-1 ring-inset ring-orange-700/10">Date\n                            du jour</span>\n                        <span onclick="insertVar(\'{{ now.year }}\')"\n                            class="variable-badge inline-flex items-center rounded-md bg-orange-50 px-2 py-1 text-xs font-medium text-orange-700 ring-1 ring-inset ring-orange-700/10">Ann\xc3\xa9e</span>\n                    </div>\n                </div>\n\n                <div class="pt-4 border-t border-gray-100">\n                    <h4 class="text-xs font-bold text-gray-700 uppercase tracking-wider mb-2">Formatage Rapide</h4>\n                    <div class="flex flex-wrap gap-2">\n                        <button type="button" onclick="easyMDE.toggleBold()"\n                            class="p-1 hover:bg-gray-100 rounded"><b>B</b></button>\n                        <button type="button" onclick="easyMDE.toggleItalic()"\n                            class="p-1 hover:bg-gray-100 rounded"><i>I</i></button>\n                        <button type="button" onclick="easyMDE.drawTable()"\n                            class="p-1 hover:bg-gray-100 rounded">Table</button>\n                    </div>\n                </div>\n            </div>\n        </div>\n    </div>\n</div>\n\n            </div>\n        </main>\n\n        \n        <footer class="bg-white">\n            <div class="mx-auto max-w-7xl px-6 py-4 md:flex md:items-center md:justify-between lg:px-8">\n                <div class="mt-8 md:order-1 md:mt-0">\n                    <p class="text-center text-xs leading-5 text-gray-500">&copy; 2026\n                        AGEN-OHADA. Tous droits r\xc3\xa9serv\xc3\xa9s. v1.1.0</p>\n                </div>\n            </div>\n        </footer>\n        \n    </div>\n    \n<!-- EasyMDE JS -->\n<script src="https://unpkg.com/easymde/dist/easymde.min.js"></script>\n<script>\n    const easyMDE = new EasyMDE({\n        element: document.getElementById(\'contenu\'),\n        spellChecker: false,\n        forceSync: true, // Force sync with textarea\n        autosave: {\n            enabled: true,\n            uniqueId: "act_template_new",\n            delay: 1000,\n        },\n        renderingConfig: {\n            singleLineBreaks: false,\n            codeSyntaxHighlighting: true,\n        },\n        toolbar: ["bold", "italic", "heading", "|", "quote", "unordered-list", "ordered-list", "|", "link", "table", "horizontal-rule", "|", "preview", "side-by-side", "fullscreen", "|", "guide"],\n        placeholder: "R\xc3\xa9digez votre mod\xc3\xa8le ici...",\n        minHeight: "400px"\n    });\n\n    // Manual sync before submission and debug log\n    document.querySelector(\'form\').addEventListener(\'submit\', function (e) {\n        console.log(\'Form submission triggered\');\n        easyMDE.save(); // Manual sync\n        console.log(\'Textarea content:\', document.getElementById(\'contenu\').value);\n    });\n\n    function insertVar(variable) {\n        var cm = easyMDE.codemirror;\n        var cursor = cm.getCursor();\n        cm.replaceRange(variable, cursor);\n        cm.focus();\n    }\n</script>\n\n\n    <!-- Tom Select JS -->\n    <script src="https://cdn.jsdelivr.net/npm/tom-select@2.2.2/dist/js/tom-select.complete.min.js"></script>\n    <script>\n        // Automatic initialization for elements with class \'tom-select\'\n        document.addEventListener(\'DOMContentLoaded\', function () {\n            document.querySelectorAll(\'.tom-select\').forEach(function (el) {\n                new TomSelect(el, {\n                    create: false,\n                    sortField: {\n                        field: "text",\n                        direction: "asc"\n                    }\n                });\n            });\n        });\n    </script>\n</body>\n\n</html>' = <WrapperTestResponse 33023 bytes [200 OK]>.data
FAILED tests/functional/test_actes.py::test_act_generation - AttributeError: 'str' object has no attribute '_sa_instance_state'
======================== 3 failed, 8 warnings in 2.24s ========================
